2026-08-19 11:36:49 | INFO | Redirect (301) → https://th.sofyclub.com/th/home.html
2026-08-19 11:36:49 | INFO | Checking root page for sitemap-like links...
2026-08-19 11:36:49 | INFO | Redirect (301) → https://th.sofyclub.com/th/home.html
2026-08-19 11:36:49 | INFO | Found 1 sitemap-like candidate(s) on the root page
2026-08-19 11:36:49 | INFO | Trying sitemap candidates...
2026-08-19 11:36:49 | INFO | Trying sitemap candidate: https://th.sofyclub.com/sitemap.xml
2026-08-19 11:36:49 | WARNING | HTTP status: 404
2026-08-19 11:36:49 | INFO | Trying sitemap candidate: https://th.sofyclub.com/sitemap.xml.gz
2026-08-19 11:36:49 | WARNING | HTTP status: 404
2026-08-19 11:36:49 | INFO | Trying sitemap candidate: https://th.sofyclub.com/sitemap_index.xml
2026-08-19 11:36:50 | WARNING | HTTP status: 404
2026-08-19 11:36:50 | INFO | Trying sitemap candidate: https://th.sofyclub.com/sitemap-index.xml
2026-08-19 11:36:50 | WARNING | HTTP status: 404
2026-08-19 11:36:50 | INFO | Trying sitemap candidate: https://th.sofyclub.com/sitemap.txt
2026-08-19 11:36:50 | WARNING | HTTP status: 404
2026-08-19 11:36:50 | INFO | Trying sitemap candidate: https://th.sofyclub.com/th/site-map.html
2026-08-19 11:36:50 | WARNING | Got 200 but not a valid sitemap. Preview: <!DOCTYPE html PUBLIC "-//W3C//DTD XHTML 1.0 Strict//EN" "http://www.w3.org/TR/xhtml1/DTD/xhtml1-strict.dtd"> <html lang="th" > <head prefix="og: http://ogp.me/ns#"> <meta http-equiv="Content-Type...
2026-08-19 11:36:50 | INFO | Checking robots.txt for sitemap references...
2026-08-19 11:36:50 | INFO | Found 1 sitemap(s) in robots.txt
2026-08-19 11:36:50 | INFO | Processing 1 unique sitemap(s) from robots.txt...
2026-08-19 11:36:50 | INFO | [1/1] Fetching sitemap: https://th.sofyclub.com/th/sitemap.xml
2026-08-19 11:36:51 | INFO | Fetched sitemap successfully (urlset)
2026-08-19 11:36:51 | INFO | Successfully fetched 1 sitemap(s)
2026-08-19 11:36:51 | INFO | Fetching sitemap for site root: https://th.sofyclub.com
2026-08-19 11:36:51 | INFO | Processing 1 sitemap(s)...
2026-08-19 11:36:51 | INFO | [1/1] Processing sitemap: https://th.sofyclub.com/th/sitemap.xml
2026-08-19 11:36:51 | INFO | Sitemap type: urlset
2026-08-19 11:36:51 | INFO | Extracted 242 URLs
2026-08-19 11:36:51 | INFO | Sitemap fetch complete
2026-08-19 11:36:51 | INFO | Total sitemaps processed: 1
2026-08-19 11:36:51 | INFO | Total URLs discovered: 242
2026-08-19 11:36:51 | INFO | Sitemap location 1: https://th.sofyclub.com/th/sitemap.xml
2026-08-19 11:36:51 | INFO | Creating sample URLs...
2026-08-19 11:36:51 | INFO | Total URLs in grouped data: 243
2026-08-19 11:36:51 | INFO | Total URLs (243) <= 1000, using ALL URLs
2026-08-19 11:36:51 | INFO | Created urls-sample.json with 243 URLs
2026-08-19 11:36:51 | INFO | Validating urls-sample.json against schema...
✅ VALIDATION PASSED: urls-sample.json matches schema
2026-08-19 11:36:52 | INFO | Schema validation passed
2026-08-19 11:36:52 | INFO | Sample creation complete - urls-sample.json with 243 URLs
