2026-08-19 11:45:01 | INFO | Redirect (301) → https://om.babyjoyclub.com/ar/home.html
2026-08-19 11:45:02 | INFO | Checking root page for sitemap-like links...
2026-08-19 11:45:02 | INFO | Redirect (301) → https://om.babyjoyclub.com/ar/home.html
2026-08-19 11:45:02 | INFO | Found 2 sitemap-like candidate(s) on the root page
2026-08-19 11:45:02 | INFO | Trying sitemap candidates...
2026-08-19 11:45:02 | INFO | Trying sitemap candidate: https://om.babyjoyclub.com/sitemap.xml
2026-08-19 11:45:02 | WARNING | HTTP status: 404
2026-08-19 11:45:02 | INFO | Trying sitemap candidate: https://om.babyjoyclub.com/sitemap.xml.gz
2026-08-19 11:45:02 | WARNING | HTTP status: 404
2026-08-19 11:45:02 | INFO | Trying sitemap candidate: https://om.babyjoyclub.com/sitemap_index.xml
2026-08-19 11:45:02 | WARNING | HTTP status: 404
2026-08-19 11:45:02 | INFO | Trying sitemap candidate: https://om.babyjoyclub.com/sitemap-index.xml
2026-08-19 11:45:03 | WARNING | HTTP status: 404
2026-08-19 11:45:03 | INFO | Trying sitemap candidate: https://om.babyjoyclub.com/sitemap.txt
2026-08-19 11:45:03 | WARNING | HTTP status: 404
2026-08-19 11:45:03 | INFO | Trying sitemap candidate: https://om.babyjoyclub.com/ar/site-map.html
2026-08-19 11:45:03 | WARNING | Got 200 but not a valid sitemap. Preview: <!DOCTYPE html PUBLIC "-//W3C//DTD XHTML 1.0 Strict//EN" "http://www.w3.org/TR/xhtml1/DTD/xhtml1-strict.dtd"> <html lang="ar" dir="rtl" > <head prefix="og: http://ogp.me/ns#"> <meta http-equiv="Co...
2026-08-19 11:45:03 | INFO | Trying sitemap candidate: http://www.unicharm.com.sa/sitemap/index.html
2026-08-19 11:45:03 | INFO | Redirect (301) → https://www.unicharm.com.sa/sitemap/index.html
2026-08-19 11:45:03 | INFO | Redirect (301) → https://www.unicharm.com.sa/ar/site-map.html
2026-08-19 11:45:04 | WARNING | Got 200 but not a valid sitemap. Preview: <!DOCTYPE html PUBLIC "-//W3C//DTD XHTML 1.0 Strict//EN" "http://www.w3.org/TR/xhtml1/DTD/xhtml1-strict.dtd"> <html lang="ar" dir="rtl" > <head prefix="og: http://ogp.me/ns#"> <meta http-equiv="Co...
2026-08-19 11:45:04 | INFO | Checking robots.txt for sitemap references...
2026-08-19 11:45:04 | INFO | Found 2 sitemap(s) in robots.txt
2026-08-19 11:45:04 | INFO | Processing 2 unique sitemap(s) from robots.txt...
2026-08-19 11:45:04 | INFO | [1/2] Fetching sitemap: https://om.babyjoyclub.com/ar/sitemap.xml
2026-08-19 11:45:04 | INFO | Fetched sitemap successfully (urlset)
2026-08-19 11:45:04 | INFO | [2/2] Fetching sitemap: https://om.babyjoyclub.com/en/sitemap.xml
2026-08-19 11:45:05 | WARNING | HTTP status: 404
2026-08-19 11:45:05 | WARNING | Failed to fetch sitemap (status: 404)
2026-08-19 11:45:05 | INFO | Successfully fetched 1 sitemap(s)
2026-08-19 11:45:05 | INFO | Fetching sitemap for site root: https://om.babyjoyclub.com
2026-08-19 11:45:05 | INFO | Processing 1 sitemap(s)...
2026-08-19 11:45:05 | INFO | [1/1] Processing sitemap: https://om.babyjoyclub.com/ar/sitemap.xml
2026-08-19 11:45:05 | INFO | Sitemap type: urlset
2026-08-19 11:45:05 | INFO | Extracted 16 URLs
2026-08-19 11:45:05 | INFO | Sitemap fetch complete
2026-08-19 11:45:05 | INFO | Total sitemaps processed: 1
2026-08-19 11:45:05 | INFO | Total URLs discovered: 16
2026-08-19 11:45:05 | INFO | Sitemap location 1: https://om.babyjoyclub.com/ar/sitemap.xml
2026-08-19 11:45:05 | INFO | Creating sample URLs...
2026-08-19 11:45:05 | INFO | Total URLs in grouped data: 17
2026-08-19 11:45:05 | INFO | Total URLs (17) <= 1000, using ALL URLs
2026-08-19 11:45:05 | INFO | Created urls-sample.json with 17 URLs
2026-08-19 11:45:05 | INFO | Validating urls-sample.json against schema...
✅ VALIDATION PASSED: urls-sample.json matches schema
2026-08-19 11:45:05 | INFO | Schema validation passed
2026-08-19 11:45:05 | INFO | Sample creation complete - urls-sample.json with 17 URLs
