2026-08-19 11:40:18 | INFO | Redirect (301) → https://www.charm.co.id/id/home.html
2026-08-19 11:40:19 | INFO | Checking root page for sitemap-like links...
2026-08-19 11:40:19 | INFO | Redirect (301) → https://www.charm.co.id/id/home.html
2026-08-19 11:40:19 | INFO | Found 2 sitemap-like candidate(s) on the root page
2026-08-19 11:40:19 | INFO | Trying sitemap candidates...
2026-08-19 11:40:19 | INFO | Trying sitemap candidate: https://www.charm.co.id/sitemap.xml
2026-08-19 11:40:19 | WARNING | HTTP status: 404
2026-08-19 11:40:19 | INFO | Trying sitemap candidate: https://www.charm.co.id/sitemap.xml.gz
2026-08-19 11:40:19 | WARNING | HTTP status: 404
2026-08-19 11:40:19 | INFO | Trying sitemap candidate: https://www.charm.co.id/sitemap_index.xml
2026-08-19 11:40:19 | WARNING | HTTP status: 404
2026-08-19 11:40:19 | INFO | Trying sitemap candidate: https://www.charm.co.id/sitemap-index.xml
2026-08-19 11:40:20 | WARNING | HTTP status: 404
2026-08-19 11:40:20 | INFO | Trying sitemap candidate: https://www.charm.co.id/sitemap.txt
2026-08-19 11:40:20 | WARNING | HTTP status: 404
2026-08-19 11:40:20 | INFO | Trying sitemap candidate: https://www.charm.co.id/id/site-map.html
2026-08-19 11:40:20 | WARNING | Got 200 but not a valid sitemap. Preview: <!DOCTYPE html PUBLIC "-//W3C//DTD XHTML 1.0 Strict//EN" "http://www.w3.org/TR/xhtml1/DTD/xhtml1-strict.dtd"> <html lang="id" > <head prefix="og: http://ogp.me/ns#"> <meta http-equiv="Content-Type...
2026-08-19 11:40:20 | INFO | Trying sitemap candidate: http://www.unicharm.co.id/sitemap/index.html
2026-08-19 11:40:21 | INFO | Redirect (301) → https://www.unicharm.co.id/sitemap/index.html
2026-08-19 11:40:22 | INFO | Redirect (301) → https://www.unicharm.co.id/id/site-map.html
2026-08-19 11:40:24 | WARNING | Got 200 but not a valid sitemap. Preview: <!DOCTYPE html PUBLIC "-//W3C//DTD XHTML 1.0 Strict//EN" "http://www.w3.org/TR/xhtml1/DTD/xhtml1-strict.dtd"> <html lang="id" > <head prefix="og: http://ogp.me/ns#"> <meta http-equiv="Content-Type...
2026-08-19 11:40:24 | INFO | Checking robots.txt for sitemap references...
2026-08-19 11:40:24 | INFO | Found 1 sitemap(s) in robots.txt
2026-08-19 11:40:24 | INFO | Processing 1 unique sitemap(s) from robots.txt...
2026-08-19 11:40:24 | INFO | [1/1] Fetching sitemap: https://www.charm.co.id/id/sitemap.xml
2026-08-19 11:40:24 | INFO | Fetched sitemap successfully (urlset)
2026-08-19 11:40:24 | INFO | Successfully fetched 1 sitemap(s)
2026-08-19 11:40:24 | INFO | Fetching sitemap for site root: https://www.charm.co.id
2026-08-19 11:40:24 | INFO | Processing 1 sitemap(s)...
2026-08-19 11:40:24 | INFO | [1/1] Processing sitemap: https://www.charm.co.id/id/sitemap.xml
2026-08-19 11:40:24 | INFO | Sitemap type: urlset
2026-08-19 11:40:24 | INFO | Extracted 83 URLs
2026-08-19 11:40:24 | INFO | Sitemap fetch complete
2026-08-19 11:40:24 | INFO | Total sitemaps processed: 1
2026-08-19 11:40:24 | INFO | Total URLs discovered: 83
2026-08-19 11:40:24 | INFO | Sitemap location 1: https://www.charm.co.id/id/sitemap.xml
2026-08-19 11:40:25 | INFO | Creating sample URLs...
2026-08-19 11:40:25 | INFO | Total URLs in grouped data: 84
2026-08-19 11:40:25 | INFO | Total URLs (84) <= 1000, using ALL URLs
2026-08-19 11:40:25 | INFO | Created urls-sample.json with 84 URLs
2026-08-19 11:40:25 | INFO | Validating urls-sample.json against schema...
✅ VALIDATION PASSED: urls-sample.json matches schema
2026-08-19 11:40:25 | INFO | Schema validation passed
2026-08-19 11:40:25 | INFO | Sample creation complete - urls-sample.json with 84 URLs
