2026-08-19 11:36:39 | INFO | Redirect (301) → https://publish-br.lifree.com/pt/home.html
2026-08-19 11:36:39 | INFO | Checking root page for sitemap-like links...
2026-08-19 11:36:39 | INFO | Redirect (301) → https://publish-br.lifree.com/pt/home.html
2026-08-19 11:36:39 | INFO | Found 1 sitemap-like candidate(s) on the root page
2026-08-19 11:36:39 | INFO | Trying sitemap candidates...
2026-08-19 11:36:39 | INFO | Trying sitemap candidate: https://br.lifree.com/sitemap.xml
2026-08-19 11:36:39 | WARNING | HTTP status: 404
2026-08-19 11:36:39 | INFO | Trying sitemap candidate: https://br.lifree.com/sitemap.xml.gz
2026-08-19 11:36:40 | WARNING | HTTP status: 404
2026-08-19 11:36:40 | INFO | Trying sitemap candidate: https://br.lifree.com/sitemap_index.xml
2026-08-19 11:36:40 | WARNING | HTTP status: 404
2026-08-19 11:36:40 | INFO | Trying sitemap candidate: https://br.lifree.com/sitemap-index.xml
2026-08-19 11:36:40 | WARNING | HTTP status: 404
2026-08-19 11:36:40 | INFO | Trying sitemap candidate: https://br.lifree.com/sitemap.txt
2026-08-19 11:36:41 | WARNING | HTTP status: 404
2026-08-19 11:36:41 | INFO | Trying sitemap candidate: http://www.unicharm.com.br/sitemap/index.html
2026-08-19 11:36:41 | INFO | Redirect (301) → https://www.unicharm.com.br/sitemap/index.html
2026-08-19 11:36:41 | INFO | Redirect (301) → https://www.unicharm.com.br/pt/home.html
2026-08-19 11:36:41 | WARNING | Got 200 but not a valid sitemap. Preview: <!DOCTYPE html PUBLIC "-//W3C//DTD XHTML 1.0 Strict//EN" "http://www.w3.org/TR/xhtml1/DTD/xhtml1-strict.dtd"> <html lang="pt" > <head prefix="og: http://ogp.me/ns#"> <meta http-equiv="Content-Type...
2026-08-19 11:36:41 | INFO | Checking robots.txt for sitemap references...
2026-08-19 11:36:42 | INFO | Found 1 sitemap(s) in robots.txt
2026-08-19 11:36:42 | INFO | Processing 1 unique sitemap(s) from robots.txt...
2026-08-19 11:36:42 | INFO | [1/1] Fetching sitemap: https://br.lifree.com/pt/sitemap.xml
2026-08-19 11:36:42 | WARNING | HTTP status: 404
2026-08-19 11:36:42 | WARNING | Failed to fetch sitemap (status: 404)
2026-08-19 11:36:42 | INFO | Retrying sitemap discovery with alternate root: https://www.br.lifree.com
2026-08-19 11:36:42 | INFO | Checking root page for sitemap-like links...
2026-08-19 11:36:42 | WARNING | Fetch error: fetch failed
2026-08-19 11:36:42 | INFO | Trying sitemap candidates...
2026-08-19 11:36:42 | INFO | Trying sitemap candidate: https://www.br.lifree.com/sitemap.xml
2026-08-19 11:36:42 | WARNING | Fetch error: fetch failed
2026-08-19 11:36:42 | INFO | Trying sitemap candidate: https://www.br.lifree.com/sitemap.xml.gz
2026-08-19 11:36:42 | WARNING | Fetch error: fetch failed
2026-08-19 11:36:42 | INFO | Trying sitemap candidate: https://www.br.lifree.com/sitemap_index.xml
2026-08-19 11:36:42 | WARNING | Fetch error: fetch failed
2026-08-19 11:36:42 | INFO | Trying sitemap candidate: https://www.br.lifree.com/sitemap-index.xml
2026-08-19 11:36:42 | WARNING | Fetch error: fetch failed
2026-08-19 11:36:42 | INFO | Trying sitemap candidate: https://www.br.lifree.com/sitemap.txt
2026-08-19 11:36:42 | WARNING | Fetch error: fetch failed
2026-08-19 11:36:42 | INFO | Checking robots.txt for sitemap references...
2026-08-19 11:36:42 | WARNING | Fetch error: fetch failed
2026-08-19 11:36:42 | INFO | Fetching sitemap for site root: https://br.lifree.com
2026-08-19 11:36:42 | ERROR | No sitemap found
2026-08-19 11:36:42 | INFO | Tried standard locations and robots.txt references.
2026-08-19 11:36:42 | WARNING | No sitemap found for https://br.lifree.com - will need to use crawler fallback
2026-08-19 11:36:43 | INFO | Site crawler starting
2026-08-19 11:36:43 | INFO | Starting crawl: https://br.lifree.com
2026-08-19 11:36:43 | INFO | Max pages: 4000, Delay: 300ms, Timeout: 15000ms
2026-08-19 11:36:43 | INFO | Max retries per URL: 2
2026-08-19 11:36:44 | INFO | Robots.txt disallow rules found: 1
2026-08-19 11:36:44 | INFO | ✓ 1/4000 | Queue: 38 | ✅ https://br.lifree.com/...
2026-08-19 11:36:44 | INFO | ✓ 2/4000 | Queue: 37 | ✅ https://br.lifree.com/pt/home.html...
2026-08-19 11:36:45 | INFO | ✓ 3/4000 | Queue: 38 | ✅ https://br.lifree.com/pt/product.html...
2026-08-19 11:36:46 | INFO | ✓ 4/4000 | Queue: 41 | ✅ https://br.lifree.com/pt/product/adult/Refil_FC.ht...
2026-08-19 11:36:47 | INFO | ✓ 5/4000 | Queue: 41 | ✅ https://br.lifree.com/pt/product/light/choose/data...
2026-08-19 11:36:48 | INFO | ✓ 6/4000 | Queue: 43 | ✅ https://br.lifree.com/pt/product/adult/Absorcao.ht...
2026-08-19 11:36:48 | INFO | ✓ 7/4000 | Queue: 46 | ✅ https://br.lifree.com/pt/product/adult/Conforto.ht...
2026-08-19 11:36:49 | INFO | ✓ 8/4000 | Queue: 49 | ✅ https://br.lifree.com/pt/product/adult/choose/inde...
2026-08-19 11:36:50 | INFO | ✓ 9/4000 | Queue: 48 | ✅ https://br.lifree.com/pt/nyoumore.html...
2026-08-19 11:36:51 | INFO | ✓ 10/4000 | Queue: 47 | ✅ https://br.lifree.com/pt/nyoumore/cause.html...
2026-08-19 11:36:52 | INFO | ✓ 11/4000 | Queue: 48 | ✅ https://br.lifree.com/pt/nyoumore/male.html...
2026-08-19 11:36:52 | INFO | ✓ 12/4000 | Queue: 47 | ✅ https://br.lifree.com/pt/nyoumore/training.html...
2026-08-19 11:36:53 | INFO | ✓ 13/4000 | Queue: 46 | ✅ https://br.lifree.com/pt/nyoumore/experience.html...
2026-08-19 11:36:54 | INFO | ✓ 14/4000 | Queue: 46 | ✅ https://br.lifree.com/pt/nyoumore/experience/exper...
2026-08-19 11:36:54 | INFO | ✓ 15/4000 | Queue: 46 | ✅ https://br.lifree.com/pt/nyoumore/experience/famil...
2026-08-19 11:36:55 | INFO | ✓ 16/4000 | Queue: 47 | ✅ https://br.lifree.com/pt/advice.html...
2026-08-19 11:36:56 | INFO | ✓ 17/4000 | Queue: 46 | ✅ https://br.lifree.com/pt/advice/adl.html...
2026-08-19 11:36:57 | INFO | ✓ 18/4000 | Queue: 48 | ✅ https://br.lifree.com/pt/advice/professional.html...
2026-08-19 11:36:58 | INFO | ✓ 19/4000 | Queue: 59 | ✅ https://br.lifree.com/pt/advice/rehabilitation.htm...
2026-08-19 11:36:58 | INFO | ✓ 20/4000 | Queue: 58 | ✅ https://br.lifree.com/pt/healthy_life.html...
2026-08-19 11:36:59 | INFO | ✓ 21/4000 | Queue: 57 | ✅ https://br.lifree.com/pt/healthy_life/report01.htm...
2026-08-19 11:37:00 | INFO | ✓ 22/4000 | Queue: 56 | ✅ https://br.lifree.com/pt/healthy_life/report02.htm...
2026-08-19 11:37:00 | INFO | ✓ 23/4000 | Queue: 55 | ✅ https://br.lifree.com/pt/healthy_life/activity/06....
2026-08-19 11:37:01 | INFO | ✓ 24/4000 | Queue: 55 | ✅ https://br.lifree.com/pt/healthy_life/activity.htm...
2026-08-19 11:37:02 | INFO | ✓ 25/4000 | Queue: 55 | ✅ https://br.lifree.com/pt/product/adult/purchase/da...
2026-08-19 11:37:02 | INFO | ✓ 26/4000 | Queue: 54 | ✅ https://br.lifree.com/pt/advice/professional/04.ht...
2026-08-19 11:37:03 | INFO | ✓ 27/4000 | Queue: 57 | ✅ https://br.lifree.com/pt/dementia-prevention/diagn...
2026-08-19 11:37:04 | INFO | ✓ 28/4000 | Queue: 56 | ✅ https://br.lifree.com/pt/product/adult/choose/poin...
2026-08-19 11:37:04 | INFO | ✓ 29/4000 | Queue: 55 | ⚠️ https://br.lifree.com/pt/product/adult/choose/diag...
2026-08-19 11:37:05 | INFO | ✓ 30/4000 | Queue: 50 | ✅ https://br.lifree.com/pt/nyoumore/experience/advic...
2026-08-19 11:37:06 | INFO | ✓ 31/4000 | Queue: 42 | ✅ https://br.lifree.com/pt/product/adult/choose.html...
2026-08-19 11:37:06 | INFO | ✓ 32/4000 | Queue: 42 | ✅ https://br.lifree.com/pt/product/adult/choose/expe...
2026-08-19 11:37:07 | INFO | ✓ 33/4000 | Queue: 41 | ✅ https://br.lifree.com/pt/product/adult/purchase/ex...
2026-08-19 11:37:08 | INFO | ✓ 34/4000 | Queue: 42 | ✅ https://br.lifree.com/pt/product/adult/pants/exper...
2026-08-19 11:37:08 | INFO | ✓ 35/4000 | Queue: 41 | ⚠️ https://br.lifree.com/pt/product/adult/Toalhas_Ume...
2026-08-19 11:37:09 | INFO | ✓ 36/4000 | Queue: 40 | ⚠️ https://br.lifree.com/pt/popular-pharmacy.html...
2026-08-19 11:37:09 | INFO | ✓ 37/4000 | Queue: 39 | ✅ https://br.lifree.com/pt/nyoumore/experience/data....
2026-08-19 11:37:10 | INFO | ✓ 38/4000 | Queue: 38 | ✅ https://br.lifree.com/pt/nyoumore/experience/famil...
2026-08-19 11:37:11 | INFO | ✓ 39/4000 | Queue: 37 | ✅ https://br.lifree.com/pt/advice/professional/01.ht...
2026-08-19 11:37:12 | INFO | ✓ 40/4000 | Queue: 36 | ✅ https://br.lifree.com/pt/advice/professional/06.ht...
2026-08-19 11:37:13 | INFO | ✓ 41/4000 | Queue: 35 | ⚠️ https://br.lifree.com/pt/advice/professional/02...
2026-08-19 11:37:14 | INFO | ✓ 42/4000 | Queue: 34 | ⚠️ https://br.lifree.com/pt/advice/professional/03...
2026-08-19 11:37:14 | INFO | ✓ 43/4000 | Queue: 33 | ⚠️ https://br.lifree.com/pt/advice/professional/05...
2026-08-19 11:37:17 | INFO | ✓ 44/4000 | Queue: 32 | ✅ https://br.lifree.com/content/dam/sites/br_lifree_...
2026-08-19 11:37:19 | INFO | ✓ 45/4000 | Queue: 31 | ✅ https://br.lifree.com/content/dam/sites/br_lifree_...
2026-08-19 11:37:21 | INFO | ✓ 46/4000 | Queue: 30 | ✅ https://br.lifree.com/content/dam/sites/br_lifree_...
2026-08-19 11:37:25 | INFO | ✓ 47/4000 | Queue: 29 | ✅ https://br.lifree.com/content/dam/sites/br_lifree_...
2026-08-19 11:37:28 | INFO | ✓ 48/4000 | Queue: 28 | ✅ https://br.lifree.com/content/dam/sites/br_lifree_...
2026-08-19 11:37:29 | INFO | ✓ 49/4000 | Queue: 27 | ✅ https://br.lifree.com/content/dam/sites/br_lifree_...
2026-08-19 11:37:30 | INFO | ✓ 50/4000 | Queue: 26 | ✅ https://br.lifree.com/content/dam/sites/br_lifree_...
2026-08-19 11:37:32 | INFO | ✓ 51/4000 | Queue: 25 | ✅ https://br.lifree.com/content/dam/sites/br_lifree_...
2026-08-19 11:37:33 | INFO | ✓ 52/4000 | Queue: 24 | ✅ https://br.lifree.com/content/dam/sites/br_lifree_...
2026-08-19 11:37:35 | INFO | ✓ 53/4000 | Queue: 23 | ✅ https://br.lifree.com/content/dam/sites/br_lifree_...
2026-08-19 11:37:36 | INFO | ✓ 54/4000 | Queue: 22 | ✅ https://br.lifree.com/content/dam/sites/br_lifree_...
2026-08-19 11:37:37 | INFO | ✓ 55/4000 | Queue: 21 | ✅ https://br.lifree.com/content/dam/sites/br_lifree_...
2026-08-19 11:37:38 | INFO | ✓ 56/4000 | Queue: 19 | ✅ https://br.lifree.com/pt/product/adult/purchase.ht...
2026-08-19 11:37:38 | INFO | ✓ 57/4000 | Queue: 18 | ✅ https://br.lifree.com/pt/dementia-prevention.html...
2026-08-19 11:37:39 | INFO | ✓ 58/4000 | Queue: 17 | ✅ https://br.lifree.com/pt/dementia-prevention/sympt...
2026-08-19 11:37:40 | INFO | ✓ 59/4000 | Queue: 16 | ✅ https://br.lifree.com/pt/dementia-prevention/type....
2026-08-19 11:37:41 | INFO | ✓ 60/4000 | Queue: 15 | ✅ https://br.lifree.com/pt/dementia-prevention/cause...
2026-08-19 11:37:41 | INFO | ✓ 61/4000 | Queue: 14 | ✅ https://br.lifree.com/pt/product/adult/choose/data...
2026-08-19 11:37:42 | INFO | ✓ 62/4000 | Queue: 13 | ✅ https://br.lifree.com/pt/product/adult/pants.html...
2026-08-19 11:37:43 | INFO | ✓ 63/4000 | Queue: 12 | ✅ https://br.lifree.com/pt/product/adult/pants/data....
2026-08-19 11:37:43 | INFO | Checkpoint saved: 63 visited, 0 queued
2026-08-19 11:37:43 | INFO | CRAWL COMPLETE
2026-08-19 11:37:43 | INFO | Total URLs discovered: 63
2026-08-19 11:37:43 | INFO | Status breakdown:
2026-08-19 11:37:43 | INFO | ✅ 200 (Success): 57
2026-08-19 11:37:43 | INFO | ⚠️ 404 (Client Error): 6
2026-08-19 11:37:44 | INFO | Creating sample URLs...
2026-08-19 11:37:44 | INFO | Total URLs in grouped data: 51
2026-08-19 11:37:44 | INFO | Total URLs (51) <= 1000, using ALL URLs
2026-08-19 11:37:44 | INFO | Created urls-sample.json with 51 URLs
2026-08-19 11:37:44 | INFO | Validating urls-sample.json against schema...
✅ VALIDATION PASSED: urls-sample.json matches schema
2026-08-19 11:37:44 | INFO | Schema validation passed
2026-08-19 11:37:44 | INFO | Sample creation complete - urls-sample.json with 51 URLs
