2026-08-19 11:40:26 | INFO | Redirect (301) → https://www.unicharm.co.id/id/home.html
2026-08-19 11:40:27 | INFO | Checking root page for sitemap-like links...
2026-08-19 11:40:27 | INFO | Redirect (301) → https://www.unicharm.co.id/id/home.html
2026-08-19 11:40:27 | INFO | Found 1 sitemap-like candidate(s) on the root page
2026-08-19 11:40:27 | INFO | Trying sitemap candidates...
2026-08-19 11:40:27 | INFO | Trying sitemap candidate: https://www.unicharm.co.id/sitemap.xml
2026-08-19 11:40:27 | INFO | Redirect (301) → https://www.unicharm.co.id/id/home.html
2026-08-19 11:40:27 | WARNING | Got 200 but not a valid sitemap. Preview: <!DOCTYPE html PUBLIC "-//W3C//DTD XHTML 1.0 Strict//EN" "http://www.w3.org/TR/xhtml1/DTD/xhtml1-strict.dtd"> <html lang="id" > <head prefix="og: http://ogp.me/ns#"> <meta http-equiv="Content-Type...
2026-08-19 11:40:27 | INFO | Trying sitemap candidate: https://www.unicharm.co.id/sitemap.xml.gz
2026-08-19 11:40:28 | INFO | Redirect (301) → https://www.unicharm.co.id/id/home.html
2026-08-19 11:40:28 | WARNING | Got 200 but not a valid sitemap. Preview: <!DOCTYPE html PUBLIC "-//W3C//DTD XHTML 1.0 Strict//EN" "http://www.w3.org/TR/xhtml1/DTD/xhtml1-strict.dtd"> <html lang="id" > <head prefix="og: http://ogp.me/ns#"> <meta http-equiv="Content-Type...
2026-08-19 11:40:28 | INFO | Trying sitemap candidate: https://www.unicharm.co.id/sitemap_index.xml
2026-08-19 11:40:28 | INFO | Redirect (301) → https://www.unicharm.co.id/id/home.html
2026-08-19 11:40:28 | WARNING | Got 200 but not a valid sitemap. Preview: <!DOCTYPE html PUBLIC "-//W3C//DTD XHTML 1.0 Strict//EN" "http://www.w3.org/TR/xhtml1/DTD/xhtml1-strict.dtd"> <html lang="id" > <head prefix="og: http://ogp.me/ns#"> <meta http-equiv="Content-Type...
2026-08-19 11:40:28 | INFO | Trying sitemap candidate: https://www.unicharm.co.id/sitemap-index.xml
2026-08-19 11:40:28 | INFO | Redirect (301) → https://www.unicharm.co.id/id/home.html
2026-08-19 11:40:28 | WARNING | Got 200 but not a valid sitemap. Preview: <!DOCTYPE html PUBLIC "-//W3C//DTD XHTML 1.0 Strict//EN" "http://www.w3.org/TR/xhtml1/DTD/xhtml1-strict.dtd"> <html lang="id" > <head prefix="og: http://ogp.me/ns#"> <meta http-equiv="Content-Type...
2026-08-19 11:40:28 | INFO | Trying sitemap candidate: https://www.unicharm.co.id/sitemap.txt
2026-08-19 11:40:29 | INFO | Redirect (301) → https://www.unicharm.co.id/id/home.html
2026-08-19 11:40:29 | WARNING | Got 200 but not a valid sitemap. Preview: <!DOCTYPE html PUBLIC "-//W3C//DTD XHTML 1.0 Strict//EN" "http://www.w3.org/TR/xhtml1/DTD/xhtml1-strict.dtd"> <html lang="id" > <head prefix="og: http://ogp.me/ns#"> <meta http-equiv="Content-Type...
2026-08-19 11:40:29 | INFO | Trying sitemap candidate: https://www.unicharm.co.id/id/site-map.html
2026-08-19 11:40:29 | WARNING | Got 200 but not a valid sitemap. Preview: <!DOCTYPE html PUBLIC "-//W3C//DTD XHTML 1.0 Strict//EN" "http://www.w3.org/TR/xhtml1/DTD/xhtml1-strict.dtd"> <html lang="id" > <head prefix="og: http://ogp.me/ns#"> <meta http-equiv="Content-Type...
2026-08-19 11:40:29 | INFO | Checking robots.txt for sitemap references...
2026-08-19 11:40:29 | INFO | Found 2 sitemap(s) in robots.txt
2026-08-19 11:40:29 | INFO | Processing 2 unique sitemap(s) from robots.txt...
2026-08-19 11:40:29 | INFO | [1/2] Fetching sitemap: https://www.unicharm.co.id/id/sitemap.xml
2026-08-19 11:40:29 | INFO | Fetched sitemap successfully (urlset)
2026-08-19 11:40:29 | INFO | [2/2] Fetching sitemap: https://www.unicharm.co.id/en/sitemap.xml
2026-08-19 11:40:29 | INFO | Fetched sitemap successfully (urlset)
2026-08-19 11:40:29 | INFO | Successfully fetched 2 sitemap(s)
2026-08-19 11:40:29 | INFO | Fetching sitemap for site root: https://www.unicharm.co.id
2026-08-19 11:40:29 | INFO | Processing 2 sitemap(s)...
2026-08-19 11:40:29 | INFO | [1/2] Processing sitemap: https://www.unicharm.co.id/id/sitemap.xml
2026-08-19 11:40:29 | INFO | Sitemap type: urlset
2026-08-19 11:40:29 | INFO | Extracted 74 URLs
2026-08-19 11:40:29 | INFO | [2/2] Processing sitemap: https://www.unicharm.co.id/en/sitemap.xml
2026-08-19 11:40:29 | INFO | Sitemap type: urlset
2026-08-19 11:40:29 | INFO | Extracted 49 URLs
2026-08-19 11:40:29 | INFO | Sitemap fetch complete
2026-08-19 11:40:29 | INFO | Total sitemaps processed: 2
2026-08-19 11:40:29 | INFO | Total URLs discovered: 123
2026-08-19 11:40:29 | INFO | Sitemap location 1: https://www.unicharm.co.id/id/sitemap.xml
2026-08-19 11:40:29 | INFO | Sitemap location 2: https://www.unicharm.co.id/en/sitemap.xml
2026-08-19 11:40:30 | INFO | Creating sample URLs...
2026-08-19 11:40:30 | INFO | Total URLs in grouped data: 124
2026-08-19 11:40:30 | INFO | Total URLs (124) <= 1000, using ALL URLs
2026-08-19 11:40:30 | INFO | Created urls-sample.json with 124 URLs
2026-08-19 11:40:30 | INFO | Validating urls-sample.json against schema...
✅ VALIDATION PASSED: urls-sample.json matches schema
2026-08-19 11:40:30 | INFO | Schema validation passed
2026-08-19 11:40:30 | INFO | Sample creation complete - urls-sample.json with 124 URLs
