2026-08-19 11:37:44 | INFO | Redirect (301) → https://br.mamypoko.com/pt/home.html
2026-08-19 11:37:44 | INFO | Checking root page for sitemap-like links...
2026-08-19 11:37:44 | INFO | Redirect (301) → https://br.mamypoko.com/pt/home.html
2026-08-19 11:37:44 | INFO | Found 1 sitemap-like candidate(s) on the root page
2026-08-19 11:37:45 | INFO | Trying sitemap candidates...
2026-08-19 11:37:45 | INFO | Trying sitemap candidate: https://br.mamypoko.com/sitemap.xml
2026-08-19 11:37:45 | WARNING | HTTP status: 404
2026-08-19 11:37:45 | INFO | Trying sitemap candidate: https://br.mamypoko.com/sitemap.xml.gz
2026-08-19 11:37:45 | WARNING | HTTP status: 404
2026-08-19 11:37:45 | INFO | Trying sitemap candidate: https://br.mamypoko.com/sitemap_index.xml
2026-08-19 11:37:45 | WARNING | HTTP status: 404
2026-08-19 11:37:45 | INFO | Trying sitemap candidate: https://br.mamypoko.com/sitemap-index.xml
2026-08-19 11:37:46 | WARNING | HTTP status: 404
2026-08-19 11:37:46 | INFO | Trying sitemap candidate: https://br.mamypoko.com/sitemap.txt
2026-08-19 11:37:46 | WARNING | HTTP status: 404
2026-08-19 11:37:46 | INFO | Trying sitemap candidate: http://www.unicharm.com.br/sitemap/index.html
2026-08-19 11:37:46 | INFO | Redirect (301) → https://www.unicharm.com.br/sitemap/index.html
2026-08-19 11:37:46 | INFO | Redirect (301) → https://www.unicharm.com.br/pt/home.html
2026-08-19 11:37:46 | WARNING | Got 200 but not a valid sitemap. Preview: <!DOCTYPE html PUBLIC "-//W3C//DTD XHTML 1.0 Strict//EN" "http://www.w3.org/TR/xhtml1/DTD/xhtml1-strict.dtd"> <html lang="pt" > <head prefix="og: http://ogp.me/ns#"> <meta http-equiv="Content-Type...
2026-08-19 11:37:46 | INFO | Checking robots.txt for sitemap references...
2026-08-19 11:37:46 | INFO | Found 1 sitemap(s) in robots.txt
2026-08-19 11:37:46 | INFO | Processing 1 unique sitemap(s) from robots.txt...
2026-08-19 11:37:46 | INFO | [1/1] Fetching sitemap: https://br.mamypoko.com/pt/sitemap.xml
2026-08-19 11:37:47 | INFO | Fetched sitemap successfully (urlset)
2026-08-19 11:37:47 | INFO | Successfully fetched 1 sitemap(s)
2026-08-19 11:37:47 | INFO | Fetching sitemap for site root: https://br.mamypoko.com
2026-08-19 11:37:47 | INFO | Processing 1 sitemap(s)...
2026-08-19 11:37:47 | INFO | [1/1] Processing sitemap: https://br.mamypoko.com/pt/sitemap.xml
2026-08-19 11:37:47 | INFO | Sitemap type: urlset
2026-08-19 11:37:47 | INFO | Extracted 42 URLs
2026-08-19 11:37:47 | INFO | Sitemap fetch complete
2026-08-19 11:37:47 | INFO | Total sitemaps processed: 1
2026-08-19 11:37:47 | INFO | Total URLs discovered: 42
2026-08-19 11:37:47 | INFO | Sitemap location 1: https://br.mamypoko.com/pt/sitemap.xml
2026-08-19 11:37:47 | INFO | Creating sample URLs...
2026-08-19 11:37:47 | INFO | Total URLs in grouped data: 43
2026-08-19 11:37:47 | INFO | Total URLs (43) <= 1000, using ALL URLs
2026-08-19 11:37:47 | INFO | Created urls-sample.json with 43 URLs
2026-08-19 11:37:47 | INFO | Validating urls-sample.json against schema...
✅ VALIDATION PASSED: urls-sample.json matches schema
2026-08-19 11:37:48 | INFO | Schema validation passed
2026-08-19 11:37:48 | INFO | Sample creation complete - urls-sample.json with 43 URLs
