2026-08-19 11:39:07 | INFO | Redirect (301) → https://www.unicharm.com.sa/ar/home.html
2026-08-19 11:39:07 | INFO | Checking root page for sitemap-like links...
2026-08-19 11:39:07 | INFO | Redirect (301) → https://www.unicharm.com.sa/ar/home.html
2026-08-19 11:39:07 | INFO | Found 1 sitemap-like candidate(s) on the root page
2026-08-19 11:39:07 | INFO | Trying sitemap candidates...
2026-08-19 11:39:07 | INFO | Trying sitemap candidate: https://www.unicharm.com.sa/sitemap.xml
2026-08-19 11:39:08 | INFO | Redirect (301) → https://www.unicharm.com.sa/ar/home.html
2026-08-19 11:39:08 | WARNING | Got 200 but not a valid sitemap. Preview: <!DOCTYPE html PUBLIC "-//W3C//DTD XHTML 1.0 Strict//EN" "http://www.w3.org/TR/xhtml1/DTD/xhtml1-strict.dtd"> <html lang="ar" dir="rtl" > <head prefix="og: http://ogp.me/ns#"> <meta http-equiv="Co...
2026-08-19 11:39:08 | INFO | Trying sitemap candidate: https://www.unicharm.com.sa/sitemap.xml.gz
2026-08-19 11:39:08 | INFO | Redirect (301) → https://www.unicharm.com.sa/ar/home.html
2026-08-19 11:39:08 | WARNING | Got 200 but not a valid sitemap. Preview: <!DOCTYPE html PUBLIC "-//W3C//DTD XHTML 1.0 Strict//EN" "http://www.w3.org/TR/xhtml1/DTD/xhtml1-strict.dtd"> <html lang="ar" dir="rtl" > <head prefix="og: http://ogp.me/ns#"> <meta http-equiv="Co...
2026-08-19 11:39:08 | INFO | Trying sitemap candidate: https://www.unicharm.com.sa/sitemap_index.xml
2026-08-19 11:39:08 | INFO | Redirect (301) → https://www.unicharm.com.sa/ar/home.html
2026-08-19 11:39:08 | WARNING | Got 200 but not a valid sitemap. Preview: <!DOCTYPE html PUBLIC "-//W3C//DTD XHTML 1.0 Strict//EN" "http://www.w3.org/TR/xhtml1/DTD/xhtml1-strict.dtd"> <html lang="ar" dir="rtl" > <head prefix="og: http://ogp.me/ns#"> <meta http-equiv="Co...
2026-08-19 11:39:08 | INFO | Trying sitemap candidate: https://www.unicharm.com.sa/sitemap-index.xml
2026-08-19 11:39:09 | INFO | Redirect (301) → https://www.unicharm.com.sa/ar/home.html
2026-08-19 11:39:09 | WARNING | Got 200 but not a valid sitemap. Preview: <!DOCTYPE html PUBLIC "-//W3C//DTD XHTML 1.0 Strict//EN" "http://www.w3.org/TR/xhtml1/DTD/xhtml1-strict.dtd"> <html lang="ar" dir="rtl" > <head prefix="og: http://ogp.me/ns#"> <meta http-equiv="Co...
2026-08-19 11:39:09 | INFO | Trying sitemap candidate: https://www.unicharm.com.sa/sitemap.txt
2026-08-19 11:39:09 | INFO | Redirect (301) → https://www.unicharm.com.sa/ar/home.html
2026-08-19 11:39:09 | WARNING | Got 200 but not a valid sitemap. Preview: <!DOCTYPE html PUBLIC "-//W3C//DTD XHTML 1.0 Strict//EN" "http://www.w3.org/TR/xhtml1/DTD/xhtml1-strict.dtd"> <html lang="ar" dir="rtl" > <head prefix="og: http://ogp.me/ns#"> <meta http-equiv="Co...
2026-08-19 11:39:09 | INFO | Trying sitemap candidate: https://www.unicharm.com.sa/ar/site-map.html
2026-08-19 11:39:09 | WARNING | Got 200 but not a valid sitemap. Preview: <!DOCTYPE html PUBLIC "-//W3C//DTD XHTML 1.0 Strict//EN" "http://www.w3.org/TR/xhtml1/DTD/xhtml1-strict.dtd"> <html lang="ar" dir="rtl" > <head prefix="og: http://ogp.me/ns#"> <meta http-equiv="Co...
2026-08-19 11:39:09 | INFO | Checking robots.txt for sitemap references...
2026-08-19 11:39:09 | INFO | Found 2 sitemap(s) in robots.txt
2026-08-19 11:39:09 | INFO | Processing 2 unique sitemap(s) from robots.txt...
2026-08-19 11:39:09 | INFO | [1/2] Fetching sitemap: https://www.unicharm.com.sa/ar/sitemap.xml
2026-08-19 11:39:09 | INFO | Fetched sitemap successfully (urlset)
2026-08-19 11:39:09 | INFO | [2/2] Fetching sitemap: https://www.unicharm.com.sa/en/sitemap.xml
2026-08-19 11:39:10 | INFO | Fetched sitemap successfully (urlset)
2026-08-19 11:39:10 | INFO | Successfully fetched 2 sitemap(s)
2026-08-19 11:39:10 | INFO | Fetching sitemap for site root: https://www.unicharm.com.sa
2026-08-19 11:39:10 | INFO | Processing 2 sitemap(s)...
2026-08-19 11:39:10 | INFO | [1/2] Processing sitemap: https://www.unicharm.com.sa/ar/sitemap.xml
2026-08-19 11:39:10 | INFO | Sitemap type: urlset
2026-08-19 11:39:10 | INFO | Extracted 21 URLs
2026-08-19 11:39:10 | INFO | [2/2] Processing sitemap: https://www.unicharm.com.sa/en/sitemap.xml
2026-08-19 11:39:10 | INFO | Sitemap type: urlset
2026-08-19 11:39:10 | INFO | Extracted 22 URLs
2026-08-19 11:39:10 | INFO | Sitemap fetch complete
2026-08-19 11:39:10 | INFO | Total sitemaps processed: 2
2026-08-19 11:39:10 | INFO | Total URLs discovered: 43
2026-08-19 11:39:10 | INFO | Sitemap location 1: https://www.unicharm.com.sa/ar/sitemap.xml
2026-08-19 11:39:10 | INFO | Sitemap location 2: https://www.unicharm.com.sa/en/sitemap.xml
2026-08-19 11:39:10 | INFO | Creating sample URLs...
2026-08-19 11:39:10 | INFO | Total URLs in grouped data: 44
2026-08-19 11:39:10 | INFO | Total URLs (44) <= 1000, using ALL URLs
2026-08-19 11:39:10 | INFO | Created urls-sample.json with 44 URLs
2026-08-19 11:39:10 | INFO | Validating urls-sample.json against schema...
✅ VALIDATION PASSED: urls-sample.json matches schema
2026-08-19 11:39:11 | INFO | Schema validation passed
2026-08-19 11:39:11 | INFO | Sample creation complete - urls-sample.json with 44 URLs
