2026-08-19 11:45:18 | INFO | Redirect (301) → https://id.lifree.com/id/home.html
2026-08-19 11:45:18 | INFO | Checking root page for sitemap-like links...
2026-08-19 11:45:18 | INFO | Redirect (301) → https://id.lifree.com/id/home.html
2026-08-19 11:45:18 | INFO | Found 1 sitemap-like candidate(s) on the root page
2026-08-19 11:45:18 | INFO | Trying sitemap candidates...
2026-08-19 11:45:18 | INFO | Trying sitemap candidate: https://id.lifree.com/sitemap.xml
2026-08-19 11:45:18 | WARNING | HTTP status: 404
2026-08-19 11:45:18 | INFO | Trying sitemap candidate: https://id.lifree.com/sitemap.xml.gz
2026-08-19 11:45:18 | WARNING | HTTP status: 404
2026-08-19 11:45:19 | INFO | Trying sitemap candidate: https://id.lifree.com/sitemap_index.xml
2026-08-19 11:45:19 | WARNING | HTTP status: 404
2026-08-19 11:45:19 | INFO | Trying sitemap candidate: https://id.lifree.com/sitemap-index.xml
2026-08-19 11:45:19 | WARNING | HTTP status: 404
2026-08-19 11:45:19 | INFO | Trying sitemap candidate: https://id.lifree.com/sitemap.txt
2026-08-19 11:45:19 | WARNING | HTTP status: 404
2026-08-19 11:45:19 | INFO | Trying sitemap candidate: http://www.unicharm.co.id/sitemap/index.html
2026-08-19 11:45:20 | INFO | Redirect (301) → https://www.unicharm.co.id/sitemap/index.html
2026-08-19 11:45:20 | INFO | Redirect (301) → https://www.unicharm.co.id/id/site-map.html
2026-08-19 11:45:20 | WARNING | Got 200 but not a valid sitemap. Preview: <!DOCTYPE html PUBLIC "-//W3C//DTD XHTML 1.0 Strict//EN" "http://www.w3.org/TR/xhtml1/DTD/xhtml1-strict.dtd"> <html lang="id" > <head prefix="og: http://ogp.me/ns#"> <meta http-equiv="Content-Type...
2026-08-19 11:45:20 | INFO | Checking robots.txt for sitemap references...
2026-08-19 11:45:21 | INFO | Found 1 sitemap(s) in robots.txt
2026-08-19 11:45:21 | INFO | Processing 1 unique sitemap(s) from robots.txt...
2026-08-19 11:45:21 | INFO | [1/1] Fetching sitemap: https://id.lifree.com/id/sitemap.xml
2026-08-19 11:45:21 | WARNING | HTTP status: 404
2026-08-19 11:45:21 | WARNING | Failed to fetch sitemap (status: 404)
2026-08-19 11:45:21 | INFO | Retrying sitemap discovery with alternate root: https://www.id.lifree.com
2026-08-19 11:45:21 | INFO | Checking root page for sitemap-like links...
2026-08-19 11:45:21 | WARNING | Fetch error: fetch failed
2026-08-19 11:45:21 | INFO | Trying sitemap candidates...
2026-08-19 11:45:21 | INFO | Trying sitemap candidate: https://www.id.lifree.com/sitemap.xml
2026-08-19 11:45:21 | WARNING | Fetch error: fetch failed
2026-08-19 11:45:21 | INFO | Trying sitemap candidate: https://www.id.lifree.com/sitemap.xml.gz
2026-08-19 11:45:21 | WARNING | Fetch error: fetch failed
2026-08-19 11:45:21 | INFO | Trying sitemap candidate: https://www.id.lifree.com/sitemap_index.xml
2026-08-19 11:45:21 | WARNING | Fetch error: fetch failed
2026-08-19 11:45:21 | INFO | Trying sitemap candidate: https://www.id.lifree.com/sitemap-index.xml
2026-08-19 11:45:21 | WARNING | Fetch error: fetch failed
2026-08-19 11:45:21 | INFO | Trying sitemap candidate: https://www.id.lifree.com/sitemap.txt
2026-08-19 11:45:21 | WARNING | Fetch error: fetch failed
2026-08-19 11:45:21 | INFO | Checking robots.txt for sitemap references...
2026-08-19 11:45:21 | WARNING | Fetch error: fetch failed
2026-08-19 11:45:21 | INFO | Fetching sitemap for site root: https://id.lifree.com
2026-08-19 11:45:21 | ERROR | No sitemap found
2026-08-19 11:45:21 | INFO | Tried standard locations and robots.txt references.
2026-08-19 11:45:21 | WARNING | No sitemap found for https://id.lifree.com - will need to use crawler fallback
2026-08-19 11:45:22 | INFO | Site crawler starting
2026-08-19 11:45:22 | INFO | Starting crawl: https://id.lifree.com
2026-08-19 11:45:22 | INFO | Max pages: 4000, Delay: 300ms, Timeout: 15000ms
2026-08-19 11:45:22 | INFO | Max retries per URL: 2
2026-08-19 11:45:23 | INFO | Robots.txt disallow rules found: 1
2026-08-19 11:45:23 | INFO | ✓ 1/4000 | Queue: 33 | ✅ https://id.lifree.com/...
2026-08-19 11:45:23 | INFO | ✓ 2/4000 | Queue: 32 | ✅ https://id.lifree.com/id/home.html...
2026-08-19 11:45:24 | INFO | ✓ 3/4000 | Queue: 32 | ✅ https://id.lifree.com/id/product.html...
2026-08-19 11:45:26 | INFO | ✓ 4/4000 | Queue: 31 | ✅ https://id.lifree.com/id/product/light/choose/expe...
2026-08-19 11:45:26 | INFO | ✓ 5/4000 | Queue: 31 | ✅ https://id.lifree.com/id/product/adult/choose/inde...
2026-08-19 11:45:27 | INFO | ✓ 6/4000 | Queue: 30 | ✅ https://id.lifree.com/id/cm.html...
2026-08-19 11:45:28 | INFO | ✓ 7/4000 | Queue: 29 | ✅ https://id.lifree.com/id/product/adult/popok_celan...
2026-08-19 11:45:30 | INFO | ✓ 8/4000 | Queue: 28 | ✅ https://id.lifree.com/id/product/adult/popok_celan...
2026-08-19 11:45:31 | INFO | ✓ 9/4000 | Queue: 29 | ✅ https://id.lifree.com/id/product/adult/popok_perek...
2026-08-19 11:45:31 | INFO | ✓ 10/4000 | Queue: 28 | ✅ https://id.lifree.com/id/product/adult/lapisan_pen...
2026-08-19 11:45:32 | INFO | ✓ 11/4000 | Queue: 28 | ✅ https://id.lifree.com/id/product/adult/popok_perek...
2026-08-19 11:45:33 | INFO | ✓ 12/4000 | Queue: 27 | ✅ https://id.lifree.com/id/product/light/choose/data...
2026-08-19 11:45:34 | INFO | ✓ 13/4000 | Queue: 29 | ✅ https://id.lifree.com/id/product/adult/choose/advi...
2026-08-19 11:45:35 | INFO | ✓ 14/4000 | Queue: 30 | ✅ https://id.lifree.com/id/product/adult/purchase/ex...
2026-08-19 11:45:36 | INFO | ✓ 15/4000 | Queue: 29 | ✅ https://id.lifree.com/id/product/adult/choose/poin...
2026-08-19 11:45:36 | INFO | ✓ 16/4000 | Queue: 29 | ✅ https://id.lifree.com/id/product/adult/choose/expe...
2026-08-19 11:45:37 | INFO | ✓ 17/4000 | Queue: 30 | ✅ https://id.lifree.com/id/product/adult/pants/exper...
2026-08-19 11:45:38 | INFO | ✓ 18/4000 | Queue: 29 | ✅ https://id.lifree.com/en/home.html...
2026-08-19 11:45:38 | INFO | ✓ 19/4000 | Queue: 28 | ⚠️ https://id.lifree.com/en/product/adult/lifree_ultr...
2026-08-19 11:45:39 | INFO | ✓ 20/4000 | Queue: 22 | ⚠️ https://id.lifree.com/en/advice/usage.html...
2026-08-19 11:45:40 | INFO | ✓ 21/4000 | Queue: 21 | ⚠️ https://id.lifree.com/en/product/adult/choose/advi...
2026-08-19 11:45:40 | INFO | ✓ 22/4000 | Queue: 20 | ⚠️ https://id.lifree.com/en/product/adult/choose/poin...
2026-08-19 11:45:41 | INFO | ✓ 23/4000 | Queue: 19 | ⚠️ https://id.lifree.com/en/nyoumore/cause.html...
2026-08-19 11:45:41 | INFO | ✓ 24/4000 | Queue: 18 | ⚠️ https://id.lifree.com/en/nyoumore/training.html...
2026-08-19 11:45:42 | INFO | ✓ 25/4000 | Queue: 12 | ⚠️ https://id.lifree.com/id/product/adult/choose/diag...
2026-08-19 11:45:43 | INFO | ✓ 26/4000 | Queue: 21 | ✅ https://id.lifree.com/id/product/adult/choose.html...
2026-08-19 11:45:44 | INFO | ✓ 27/4000 | Queue: 20 | ❌ https://id.lifree.com/content/dam/sites/id_lifree_...
2026-08-19 11:45:46 | INFO | ✓ 28/4000 | Queue: 19 | ❌ https://id.lifree.com/content/dam/sites/id_lifree_...
2026-08-19 11:45:47 | INFO | ✓ 29/4000 | Queue: 18 | ❌ https://id.lifree.com/content/dam/sites/id_lifree_...
2026-08-19 11:45:48 | INFO | ✓ 30/4000 | Queue: 17 | ⚠️ https://id.lifree.com/en/product/light/lifree_extr...
2026-08-19 11:45:49 | INFO | ✓ 31/4000 | Queue: 16 | ⚠️ https://id.lifree.com/id/advice/usage...
2026-08-19 11:45:50 | INFO | ✓ 32/4000 | Queue: 15 | ⚠️ https://id.lifree.com/id/advice/rehabilitation...
2026-08-19 11:45:51 | INFO | ✓ 33/4000 | Queue: 14 | ✅ https://id.lifree.com/id/product/adult/purchase.ht...
2026-08-19 11:45:52 | INFO | ✓ 34/4000 | Queue: 13 | ✅ https://id.lifree.com/id/product/adult/purchase/da...
2026-08-19 11:45:53 | INFO | ✓ 35/4000 | Queue: 12 | ✅ https://id.lifree.com/id/product/adult/choose/data...
2026-08-19 11:45:54 | INFO | ✓ 36/4000 | Queue: 11 | ✅ https://id.lifree.com/id/product/adult/pants.html...
2026-08-19 11:45:55 | INFO | ✓ 37/4000 | Queue: 10 | ✅ https://id.lifree.com/id/product/adult/pants/data....
2026-08-19 11:45:55 | INFO | Checkpoint saved: 37 visited, 0 queued
2026-08-19 11:45:55 | INFO | CRAWL COMPLETE
2026-08-19 11:45:55 | INFO | Total URLs discovered: 37
2026-08-19 11:45:55 | INFO | Status breakdown:
2026-08-19 11:45:55 | INFO | ❌ 0 (Error/Timeout): 3
2026-08-19 11:45:55 | INFO | ✅ 200 (Success): 24
2026-08-19 11:45:55 | INFO | ⚠️ 404 (Client Error): 10
2026-08-19 11:45:55 | INFO | Creating sample URLs...
2026-08-19 11:45:56 | INFO | Total URLs in grouped data: 34
2026-08-19 11:45:56 | INFO | Total URLs (34) <= 1000, using ALL URLs
2026-08-19 11:45:56 | INFO | Created urls-sample.json with 34 URLs
2026-08-19 11:45:56 | INFO | Validating urls-sample.json against schema...
✅ VALIDATION PASSED: urls-sample.json matches schema
2026-08-19 11:45:56 | INFO | Schema validation passed
2026-08-19 11:45:56 | INFO | Sample creation complete - urls-sample.json with 34 URLs
