2026-08-19 11:38:23 | INFO | Redirect (301) → https://publish-eg.sofyclub.com/ar/home.html
2026-08-19 11:38:23 | INFO | Checking root page for sitemap-like links...
2026-08-19 11:38:23 | INFO | Redirect (301) → https://publish-eg.sofyclub.com/ar/home.html
2026-08-19 11:38:23 | INFO | Found 2 sitemap-like candidate(s) on the root page
2026-08-19 11:38:23 | INFO | Trying sitemap candidates...
2026-08-19 11:38:23 | INFO | Trying sitemap candidate: https://eg.sofyclub.com/sitemap.xml
2026-08-19 11:38:23 | WARNING | HTTP status: 404
2026-08-19 11:38:23 | INFO | Trying sitemap candidate: https://eg.sofyclub.com/sitemap.xml.gz
2026-08-19 11:38:24 | WARNING | HTTP status: 404
2026-08-19 11:38:24 | INFO | Trying sitemap candidate: https://eg.sofyclub.com/sitemap_index.xml
2026-08-19 11:38:24 | WARNING | HTTP status: 404
2026-08-19 11:38:24 | INFO | Trying sitemap candidate: https://eg.sofyclub.com/sitemap-index.xml
2026-08-19 11:38:24 | WARNING | HTTP status: 404
2026-08-19 11:38:24 | INFO | Trying sitemap candidate: https://eg.sofyclub.com/sitemap.txt
2026-08-19 11:38:25 | WARNING | HTTP status: 404
2026-08-19 11:38:25 | INFO | Trying sitemap candidate: https://eg.sofyclub.com/ar/site-map.html
2026-08-19 11:38:25 | WARNING | Got 200 but not a valid sitemap. Preview: <!DOCTYPE html PUBLIC "-//W3C//DTD XHTML 1.0 Strict//EN" "http://www.w3.org/TR/xhtml1/DTD/xhtml1-strict.dtd"> <html lang="ar" dir="rtl" > <head prefix="og: http://ogp.me/ns#"> <meta http-equiv="Co...
2026-08-19 11:38:25 | INFO | Trying sitemap candidate: http://www.unicharm.com.eg/sitemap/index.htm
2026-08-19 11:38:25 | INFO | Redirect (301) → https://www.unicharm.com.eg/sitemap/index.htm
2026-08-19 11:38:25 | INFO | Redirect (301) → https://www.unicharm.com.eg/sitemap/index.html
2026-08-19 11:38:25 | INFO | Redirect (301) → https://www.unicharm.com.eg/ar/site-map.html
2026-08-19 11:38:26 | WARNING | Got 200 but not a valid sitemap. Preview: <!DOCTYPE html PUBLIC "-//W3C//DTD XHTML 1.0 Strict//EN" "http://www.w3.org/TR/xhtml1/DTD/xhtml1-strict.dtd"> <html lang="ar" dir="rtl" > <head prefix="og: http://ogp.me/ns#"> <meta http-equiv="Co...
2026-08-19 11:38:26 | INFO | Checking robots.txt for sitemap references...
2026-08-19 11:38:26 | INFO | Found 2 sitemap(s) in robots.txt
2026-08-19 11:38:26 | INFO | Processing 2 unique sitemap(s) from robots.txt...
2026-08-19 11:38:26 | INFO | [1/2] Fetching sitemap: https://eg.sofyclub.com/ar/sitemap.xml
2026-08-19 11:38:26 | INFO | Fetched sitemap successfully (urlset)
2026-08-19 11:38:26 | INFO | [2/2] Fetching sitemap: https://eg.sofyclub.com/en/sitemap.xml
2026-08-19 11:38:27 | INFO | Fetched sitemap successfully (urlset)
2026-08-19 11:38:27 | INFO | Successfully fetched 2 sitemap(s)
2026-08-19 11:38:27 | INFO | Fetching sitemap for site root: https://eg.sofyclub.com
2026-08-19 11:38:27 | INFO | Processing 2 sitemap(s)...
2026-08-19 11:38:27 | INFO | [1/2] Processing sitemap: https://eg.sofyclub.com/ar/sitemap.xml
2026-08-19 11:38:27 | INFO | Sitemap type: urlset
2026-08-19 11:38:27 | INFO | Extracted 16 URLs
2026-08-19 11:38:27 | INFO | [2/2] Processing sitemap: https://eg.sofyclub.com/en/sitemap.xml
2026-08-19 11:38:27 | INFO | Sitemap type: urlset
2026-08-19 11:38:27 | INFO | Extracted 17 URLs
2026-08-19 11:38:27 | INFO | Sitemap fetch complete
2026-08-19 11:38:27 | INFO | Total sitemaps processed: 2
2026-08-19 11:38:27 | INFO | Total URLs discovered: 33
2026-08-19 11:38:27 | INFO | Sitemap location 1: https://eg.sofyclub.com/ar/sitemap.xml
2026-08-19 11:38:27 | INFO | Sitemap location 2: https://eg.sofyclub.com/en/sitemap.xml
2026-08-19 11:38:27 | INFO | Creating sample URLs...
2026-08-19 11:38:27 | INFO | Total URLs in grouped data: 34
2026-08-19 11:38:27 | INFO | Total URLs (34) <= 1000, using ALL URLs
2026-08-19 11:38:27 | INFO | Created urls-sample.json with 34 URLs
2026-08-19 11:38:27 | INFO | Validating urls-sample.json against schema...
✅ VALIDATION PASSED: urls-sample.json matches schema
2026-08-19 11:38:27 | INFO | Schema validation passed
2026-08-19 11:38:28 | INFO | Sample creation complete - urls-sample.json with 34 URLs
