2026-08-19 11:38:13 | INFO | Redirect (301) → https://publish-vn.moony.com/vi/home.html
2026-08-19 11:38:13 | INFO | Checking root page for sitemap-like links...
2026-08-19 11:38:14 | INFO | Redirect (301) → https://publish-vn.moony.com/vi/home.html
2026-08-19 11:38:14 | INFO | Found 2 sitemap-like candidate(s) on the root page
2026-08-19 11:38:14 | INFO | Trying sitemap candidates...
2026-08-19 11:38:14 | INFO | Trying sitemap candidate: https://vn.moony.com/sitemap.xml
2026-08-19 11:38:14 | WARNING | HTTP status: 404
2026-08-19 11:38:14 | INFO | Trying sitemap candidate: https://vn.moony.com/sitemap.xml.gz
2026-08-19 11:38:14 | WARNING | HTTP status: 404
2026-08-19 11:38:14 | INFO | Trying sitemap candidate: https://vn.moony.com/sitemap_index.xml
2026-08-19 11:38:15 | WARNING | HTTP status: 404
2026-08-19 11:38:15 | INFO | Trying sitemap candidate: https://vn.moony.com/sitemap-index.xml
2026-08-19 11:38:15 | WARNING | HTTP status: 404
2026-08-19 11:38:15 | INFO | Trying sitemap candidate: https://vn.moony.com/sitemap.txt
2026-08-19 11:38:15 | WARNING | HTTP status: 404
2026-08-19 11:38:15 | INFO | Trying sitemap candidate: https://vn.moony.com/vi/site-map.html
2026-08-19 11:38:15 | WARNING | Got 200 but not a valid sitemap. Preview: <!DOCTYPE html PUBLIC "-//W3C//DTD XHTML 1.0 Strict//EN" "http://www.w3.org/TR/xhtml1/DTD/xhtml1-strict.dtd"> <html lang="vi" > <head prefix="og: http://ogp.me/ns#"> <meta http-equiv="Content-Type...
2026-08-19 11:38:15 | INFO | Trying sitemap candidate: https://www.unicharm.vn/vi/site-map.html
2026-08-19 11:38:15 | WARNING | Got 200 but not a valid sitemap. Preview: <!DOCTYPE html PUBLIC "-//W3C//DTD XHTML 1.0 Strict//EN" "http://www.w3.org/TR/xhtml1/DTD/xhtml1-strict.dtd"> <html lang="vi" > <head prefix="og: http://ogp.me/ns#"> <meta http-equiv="Content-Type...
2026-08-19 11:38:15 | INFO | Checking robots.txt for sitemap references...
2026-08-19 11:38:16 | INFO | Found 1 sitemap(s) in robots.txt
2026-08-19 11:38:16 | INFO | Processing 1 unique sitemap(s) from robots.txt...
2026-08-19 11:38:16 | INFO | [1/1] Fetching sitemap: https://vn.moony.com/vi/sitemap.xml
2026-08-19 11:38:16 | WARNING | HTTP status: 404
2026-08-19 11:38:16 | WARNING | Failed to fetch sitemap (status: 404)
2026-08-19 11:38:16 | INFO | Retrying sitemap discovery with alternate root: https://www.vn.moony.com
2026-08-19 11:38:16 | INFO | Checking root page for sitemap-like links...
2026-08-19 11:38:16 | WARNING | Fetch error: fetch failed
2026-08-19 11:38:16 | INFO | Trying sitemap candidates...
2026-08-19 11:38:16 | INFO | Trying sitemap candidate: https://www.vn.moony.com/sitemap.xml
2026-08-19 11:38:16 | WARNING | Fetch error: fetch failed
2026-08-19 11:38:16 | INFO | Trying sitemap candidate: https://www.vn.moony.com/sitemap.xml.gz
2026-08-19 11:38:16 | WARNING | Fetch error: fetch failed
2026-08-19 11:38:16 | INFO | Trying sitemap candidate: https://www.vn.moony.com/sitemap_index.xml
2026-08-19 11:38:16 | WARNING | Fetch error: fetch failed
2026-08-19 11:38:16 | INFO | Trying sitemap candidate: https://www.vn.moony.com/sitemap-index.xml
2026-08-19 11:38:16 | WARNING | Fetch error: fetch failed
2026-08-19 11:38:16 | INFO | Trying sitemap candidate: https://www.vn.moony.com/sitemap.txt
2026-08-19 11:38:16 | WARNING | Fetch error: fetch failed
2026-08-19 11:38:16 | INFO | Checking robots.txt for sitemap references...
2026-08-19 11:38:16 | WARNING | Fetch error: fetch failed
2026-08-19 11:38:16 | INFO | Fetching sitemap for site root: https://vn.moony.com
2026-08-19 11:38:16 | ERROR | No sitemap found
2026-08-19 11:38:16 | INFO | Tried standard locations and robots.txt references.
2026-08-19 11:38:16 | WARNING | No sitemap found for https://vn.moony.com - will need to use crawler fallback
2026-08-19 11:38:17 | INFO | Site crawler starting
2026-08-19 11:38:17 | INFO | Starting crawl: https://vn.moony.com
2026-08-19 11:38:17 | INFO | Max pages: 4000, Delay: 300ms, Timeout: 15000ms
2026-08-19 11:38:17 | INFO | Max retries per URL: 2
2026-08-19 11:38:17 | INFO | Robots.txt disallow rules found: 1
2026-08-19 11:38:17 | INFO | ✓ 1/4000 | Queue: 26 | ✅ https://vn.moony.com/...
2026-08-19 11:38:18 | INFO | ✓ 2/4000 | Queue: 25 | ✅ https://vn.moony.com/vi/home.html...
2026-08-19 11:38:19 | INFO | ✓ 3/4000 | Queue: 45 | ✅ https://vn.moony.com/vi/shop.html...
2026-08-19 11:38:20 | INFO | ✓ 4/4000 | Queue: 44 | ✅ https://vn.moony.com/vi/products.html...
2026-08-19 11:38:21 | INFO | ✓ 5/4000 | Queue: 51 | ✅ https://vn.moony.com/vi/products/ta-diu-nhe.html...
2026-08-19 11:38:21 | INFO | ✓ 6/4000 | Queue: 50 | ✅ https://vn.moony.com/vi/products/ta-dan.html...
2026-08-19 11:38:22 | INFO | ✓ 7/4000 | Queue: 50 | ✅ https://vn.moony.com/vi/products/ta-quan.html...
2026-08-19 11:38:23 | INFO | ✓ 8/4000 | Queue: 49 | ✅ https://vn.moony.com/vi/products/san-pham-cham-soc...
2026-08-19 11:38:24 | INFO | ✓ 9/4000 | Queue: 48 | ✅ https://vn.moony.com/vi/products/tim-kiem-cac-loai...
2026-08-19 11:38:25 | INFO | ✓ 10/4000 | Queue: 52 | ✅ https://vn.moony.com/vi/diapers.html...
2026-08-19 11:38:25 | INFO | ✓ 11/4000 | Queue: 53 | ✅ https://vn.moony.com/vi/brand.html...
2026-08-19 11:38:26 | INFO | ✓ 12/4000 | Queue: 52 | ✅ https://vn.moony.com/vi/brand/nhung-cong-hien-tu-n...
2026-08-19 11:38:27 | INFO | ✓ 13/4000 | Queue: 51 | ✅ https://vn.moony.com/vi/brand/lich-su-moony.html...
2026-08-19 11:38:28 | INFO | ✓ 14/4000 | Queue: 51 | ✅ https://vn.moony.com/vi/cm.html...
2026-08-19 11:38:28 | INFO | ✓ 15/4000 | Queue: 50 | ✅ https://vn.moony.com/vi/products/ta-quan/ta-quan-m...
2026-08-19 11:38:29 | INFO | ✓ 16/4000 | Queue: 50 | ✅ https://vn.moony.com/vi/site-map.html...
2026-08-19 11:38:30 | INFO | ✓ 17/4000 | Queue: 84 | ✅ https://vn.moony.com/vi/global.html...
2026-08-19 11:38:31 | INFO | ✓ 18/4000 | Queue: 81 | ✅ https://vn.moony.com/vi/products/ta-natural/ta-dan...
2026-08-19 11:38:32 | INFO | ✓ 19/4000 | Queue: 80 | ✅ https://vn.moony.com/vi/products/ta-natural/ta-dan...
2026-08-19 11:38:33 | INFO | ✓ 20/4000 | Queue: 79 | ✅ https://vn.moony.com/vi/products/ta-natural/ta-dan...
2026-08-19 11:38:34 | INFO | ✓ 21/4000 | Queue: 78 | ✅ https://vn.moony.com/vi/products/ta-natural/ta-dan...
2026-08-19 11:38:35 | INFO | ✓ 22/4000 | Queue: 77 | ✅ https://vn.moony.com/vi/products/ta-natural/ta-qua...
2026-08-19 11:38:36 | INFO | ✓ 23/4000 | Queue: 76 | ✅ https://vn.moony.com/vi/products/ta-dan/ta-dan-moo...
2026-08-19 11:38:37 | INFO | ✓ 24/4000 | Queue: 75 | ✅ https://vn.moony.com/vi/products/ta-dan/ta-dan-cho...
2026-08-19 11:38:38 | INFO | ✓ 25/4000 | Queue: 74 | ✅ https://vn.moony.com/vi/products/ta-dan/ta-dan-moo...
2026-08-19 11:38:38 | INFO | ✓ 26/4000 | Queue: 73 | ✅ https://vn.moony.com/vi/products/ta-dan/ta-dan-moo...
2026-08-19 11:38:39 | INFO | ✓ 27/4000 | Queue: 72 | ✅ https://vn.moony.com/vi/products/ta-dan/ta-dan-moo...
2026-08-19 11:38:40 | INFO | ✓ 28/4000 | Queue: 71 | ✅ https://vn.moony.com/vi/products/ta-quan/ta-quan-m...
2026-08-19 11:38:42 | INFO | ✓ 29/4000 | Queue: 70 | ✅ https://vn.moony.com/vi/products/ta-quan/ta-quan-m...
2026-08-19 11:38:42 | INFO | ✓ 30/4000 | Queue: 69 | ✅ https://vn.moony.com/vi/products/ta-quan/ta-quan-m...
2026-08-19 11:38:43 | INFO | ✓ 31/4000 | Queue: 68 | ✅ https://vn.moony.com/vi/products/ta-quan/ta-quan-m...
2026-08-19 11:38:44 | INFO | ✓ 32/4000 | Queue: 68 | ✅ https://vn.moony.com/vi/products/san-pham-cham-soc...
2026-08-19 11:38:45 | INFO | ✓ 33/4000 | Queue: 66 | ✅ https://vn.moony.com/vi/products/ta-diu-nhe/ta-dan...
2026-08-19 11:38:45 | INFO | ✓ 34/4000 | Queue: 65 | ✅ https://vn.moony.com/vi/products/ta-diu-nhe/ta-dan...
2026-08-19 11:38:45 | INFO | ✓ 35/4000 | Queue: 64 | ✅ https://vn.moony.com/vi/products/ta-diu-nhe/ta-dan...
2026-08-19 11:38:46 | INFO | ✓ 36/4000 | Queue: 63 | ✅ https://vn.moony.com/vi/products/ta-diu-nhe/ta-dan...
2026-08-19 11:38:46 | INFO | ✓ 37/4000 | Queue: 62 | ✅ https://vn.moony.com/vi/products/ta-diu-nhe/ta-qua...
2026-08-19 11:38:47 | INFO | ✓ 38/4000 | Queue: 61 | ✅ https://vn.moony.com/vi/products/ta-diu-nhe/ta-qua...
2026-08-19 11:38:48 | INFO | ✓ 39/4000 | Queue: 60 | ✅ https://vn.moony.com/vi/products/ta-diu-nhe/ta-qua...
2026-08-19 11:38:48 | INFO | ✓ 40/4000 | Queue: 59 | ✅ https://vn.moony.com/vi/products/ta-quan/ta-quan-m...
2026-08-19 11:38:49 | INFO | ✓ 41/4000 | Queue: 57 | ✅ https://vn.moony.com/vi/diapers/bim-nhat-moony-thi...
2026-08-19 11:38:50 | INFO | ✓ 42/4000 | Queue: 56 | ✅ https://vn.moony.com/vi/diapers/ta-em-be-voi-thiet...
2026-08-19 11:38:51 | INFO | ✓ 43/4000 | Queue: 55 | ✅ https://vn.moony.com/vi/diapers/sakaguchi-nguoi-ph...
2026-08-19 11:38:51 | INFO | ✓ 44/4000 | Queue: 54 | ✅ https://vn.moony.com/vi/diapers/hasimoto-nguoi-pha...
2026-08-19 11:38:52 | INFO | ✓ 45/4000 | Queue: 34 | ✅ https://vn.moony.com/vi/home.html?utm_source=uc&ut...
2026-08-19 11:38:53 | INFO | ✓ 46/4000 | Queue: 3 | ⚠️ https://vn.moony.com/vi/tips/taiken45-01...
2026-08-19 11:38:53 | INFO | Checkpoint saved: 46 visited, 0 queued
2026-08-19 11:38:53 | INFO | CRAWL COMPLETE
2026-08-19 11:38:53 | INFO | Total URLs discovered: 46
2026-08-19 11:38:53 | INFO | Status breakdown:
2026-08-19 11:38:53 | INFO | ✅ 200 (Success): 45
2026-08-19 11:38:53 | INFO | ⚠️ 404 (Client Error): 1
2026-08-19 11:38:54 | INFO | Creating sample URLs...
2026-08-19 11:38:54 | INFO | Total URLs in grouped data: 46
2026-08-19 11:38:54 | INFO | Total URLs (46) <= 1000, using ALL URLs
2026-08-19 11:38:54 | INFO | Created urls-sample.json with 46 URLs
2026-08-19 11:38:54 | INFO | Validating urls-sample.json against schema...
✅ VALIDATION PASSED: urls-sample.json matches schema
2026-08-19 11:38:54 | INFO | Schema validation passed
2026-08-19 11:38:54 | INFO | Sample creation complete - urls-sample.json with 46 URLs
