2026-08-19 11:36:45 | INFO | Redirect (301) → https://sg.lifree.com/en/home.html
2026-08-19 11:36:45 | INFO | Checking root page for sitemap-like links...
2026-08-19 11:36:45 | INFO | Redirect (301) → https://sg.lifree.com/en/home.html
2026-08-19 11:36:45 | INFO | Trying sitemap candidates...
2026-08-19 11:36:45 | INFO | Trying sitemap candidate: https://sg.lifree.com/sitemap.xml
2026-08-19 11:36:45 | WARNING | HTTP status: 404
2026-08-19 11:36:45 | INFO | Trying sitemap candidate: https://sg.lifree.com/sitemap.xml.gz
2026-08-19 11:36:45 | WARNING | HTTP status: 404
2026-08-19 11:36:45 | INFO | Trying sitemap candidate: https://sg.lifree.com/sitemap_index.xml
2026-08-19 11:36:46 | WARNING | HTTP status: 404
2026-08-19 11:36:46 | INFO | Trying sitemap candidate: https://sg.lifree.com/sitemap-index.xml
2026-08-19 11:36:46 | WARNING | HTTP status: 404
2026-08-19 11:36:46 | INFO | Trying sitemap candidate: https://sg.lifree.com/sitemap.txt
2026-08-19 11:36:46 | WARNING | HTTP status: 404
2026-08-19 11:36:46 | INFO | Checking robots.txt for sitemap references...
2026-08-19 11:36:47 | INFO | Found 1 sitemap(s) in robots.txt
2026-08-19 11:36:47 | INFO | Processing 1 unique sitemap(s) from robots.txt...
2026-08-19 11:36:47 | INFO | [1/1] Fetching sitemap: https://sg.lifree.com/en/sitemap.xml
2026-08-19 11:36:47 | WARNING | HTTP status: 404
2026-08-19 11:36:47 | WARNING | Failed to fetch sitemap (status: 404)
2026-08-19 11:36:47 | INFO | Retrying sitemap discovery with alternate root: https://www.sg.lifree.com
2026-08-19 11:36:47 | INFO | Checking root page for sitemap-like links...
2026-08-19 11:36:47 | WARNING | Fetch error: fetch failed
2026-08-19 11:36:47 | INFO | Trying sitemap candidates...
2026-08-19 11:36:47 | INFO | Trying sitemap candidate: https://www.sg.lifree.com/sitemap.xml
2026-08-19 11:36:47 | WARNING | Fetch error: fetch failed
2026-08-19 11:36:47 | INFO | Trying sitemap candidate: https://www.sg.lifree.com/sitemap.xml.gz
2026-08-19 11:36:47 | WARNING | Fetch error: fetch failed
2026-08-19 11:36:47 | INFO | Trying sitemap candidate: https://www.sg.lifree.com/sitemap_index.xml
2026-08-19 11:36:47 | WARNING | Fetch error: fetch failed
2026-08-19 11:36:47 | INFO | Trying sitemap candidate: https://www.sg.lifree.com/sitemap-index.xml
2026-08-19 11:36:47 | WARNING | Fetch error: fetch failed
2026-08-19 11:36:47 | INFO | Trying sitemap candidate: https://www.sg.lifree.com/sitemap.txt
2026-08-19 11:36:47 | WARNING | Fetch error: fetch failed
2026-08-19 11:36:47 | INFO | Checking robots.txt for sitemap references...
2026-08-19 11:36:47 | WARNING | Fetch error: fetch failed
2026-08-19 11:36:47 | INFO | Fetching sitemap for site root: https://sg.lifree.com
2026-08-19 11:36:48 | ERROR | No sitemap found
2026-08-19 11:36:48 | INFO | Tried standard locations and robots.txt references.
2026-08-19 11:36:48 | WARNING | No sitemap found for https://sg.lifree.com - will need to use crawler fallback
2026-08-19 11:36:48 | INFO | Site crawler starting
2026-08-19 11:36:48 | INFO | Starting crawl: https://sg.lifree.com
2026-08-19 11:36:48 | INFO | Max pages: 4000, Delay: 300ms, Timeout: 15000ms
2026-08-19 11:36:48 | INFO | Max retries per URL: 2
2026-08-19 11:36:49 | INFO | Robots.txt disallow rules found: 1
2026-08-19 11:36:49 | INFO | ✓ 1/4000 | Queue: 43 | ✅ https://sg.lifree.com/...
2026-08-19 11:36:49 | INFO | ✓ 2/4000 | Queue: 42 | ✅ https://sg.lifree.com/en/home.html...
2026-08-19 11:36:50 | INFO | ✓ 3/4000 | Queue: 54 | ✅ https://sg.lifree.com/en/product.html...
2026-08-19 11:36:51 | INFO | ✓ 4/4000 | Queue: 54 | ✅ https://sg.lifree.com/en/product/light/choose/data...
2026-08-19 11:36:52 | INFO | ✓ 5/4000 | Queue: 56 | ✅ https://sg.lifree.com/en/product/adult/choose/inde...
2026-08-19 11:36:53 | INFO | ✓ 6/4000 | Queue: 55 | ✅ https://sg.lifree.com/en/nyoumore.html...
2026-08-19 11:36:53 | INFO | ✓ 7/4000 | Queue: 54 | ✅ https://sg.lifree.com/en/nyoumore/cause.html...
2026-08-19 11:36:54 | INFO | ✓ 8/4000 | Queue: 53 | ✅ https://sg.lifree.com/en/nyoumore/exclusive.html...
2026-08-19 11:36:55 | INFO | ✓ 9/4000 | Queue: 52 | ✅ https://sg.lifree.com/en/nyoumore/male.html...
2026-08-19 11:36:56 | INFO | ✓ 10/4000 | Queue: 51 | ✅ https://sg.lifree.com/en/nyoumore/training.html...
2026-08-19 11:36:57 | INFO | ✓ 11/4000 | Queue: 50 | ✅ https://sg.lifree.com/en/nyoumore/experience.html...
2026-08-19 11:36:57 | INFO | ✓ 12/4000 | Queue: 50 | ✅ https://sg.lifree.com/en/nyoumore/experience/exper...
2026-08-19 11:36:58 | INFO | ✓ 13/4000 | Queue: 50 | ✅ https://sg.lifree.com/en/nyoumore/experience/famil...
2026-08-19 11:36:59 | INFO | ✓ 14/4000 | Queue: 52 | ✅ https://sg.lifree.com/en/advice.html...
2026-08-19 11:36:59 | INFO | ✓ 15/4000 | Queue: 51 | ✅ https://sg.lifree.com/en/advice/point.html...
2026-08-19 11:37:01 | INFO | ✓ 16/4000 | Queue: 50 | ✅ https://sg.lifree.com/en/advice/usage.html...
2026-08-19 11:37:01 | INFO | ✓ 17/4000 | Queue: 49 | ✅ https://sg.lifree.com/en/advice/adl.html...
2026-08-19 11:37:02 | INFO | ✓ 18/4000 | Queue: 50 | ✅ https://sg.lifree.com/en/advice/professional.html...
2026-08-19 11:37:03 | INFO | ✓ 19/4000 | Queue: 49 | ✅ https://sg.lifree.com/en/advice/qa.html...
2026-08-19 11:37:03 | INFO | ✓ 20/4000 | Queue: 63 | ✅ https://sg.lifree.com/en/advice/rehabilitation.htm...
2026-08-19 11:37:04 | INFO | ✓ 21/4000 | Queue: 62 | ✅ https://sg.lifree.com/en/dementia-prevention.html...
2026-08-19 11:37:05 | INFO | ✓ 22/4000 | Queue: 61 | ✅ https://sg.lifree.com/en/dementia-prevention/sympt...
2026-08-19 11:37:06 | INFO | ✓ 23/4000 | Queue: 60 | ✅ https://sg.lifree.com/en/dementia-prevention/type....
2026-08-19 11:37:07 | INFO | ✓ 24/4000 | Queue: 59 | ✅ https://sg.lifree.com/en/dementia-prevention/cause...
2026-08-19 11:37:08 | INFO | ✓ 25/4000 | Queue: 58 | ✅ https://sg.lifree.com/en/dementia-prevention/diagn...
2026-08-19 11:37:08 | INFO | ✓ 26/4000 | Queue: 57 | ✅ https://sg.lifree.com/en/healthy_life.html...
2026-08-19 11:37:10 | INFO | ✓ 27/4000 | Queue: 57 | ✅ https://sg.lifree.com/en/healthy_life/activity.htm...
2026-08-19 11:37:10 | INFO | ✓ 28/4000 | Queue: 56 | ✅ https://sg.lifree.com/en/healthy_life/report01.htm...
2026-08-19 11:37:12 | INFO | ✓ 29/4000 | Queue: 55 | ✅ https://sg.lifree.com/en/healthy_life/report02.htm...
2026-08-19 11:37:12 | INFO | ✓ 30/4000 | Queue: 54 | ✅ https://sg.lifree.com/en/healthy_life/activity/06....
2026-08-19 11:37:13 | INFO | ✓ 31/4000 | Queue: 53 | ✅ https://sg.lifree.com/en/product/adult/choose/poin...
2026-08-19 11:37:14 | INFO | ✓ 32/4000 | Queue: 52 | ✅ https://sg.lifree.com/en/product/adult/choose/advi...
2026-08-19 11:37:14 | INFO | ✓ 33/4000 | Queue: 51 | ✅ https://sg.lifree.com/en/product/light/choose/expe...
2026-08-19 11:37:16 | INFO | ✓ 34/4000 | Queue: 55 | ✅ https://sg.lifree.com/en/product/adult/lifree_ultr...
2026-08-19 11:37:16 | INFO | ✓ 35/4000 | Queue: 52 | ✅ https://sg.lifree.com/en/product/light/lifree_extr...
2026-08-19 11:37:17 | INFO | ✓ 36/4000 | Queue: 51 | ✅ https://sg.lifree.com/en/product/light/lifree_extr...
2026-08-19 11:37:18 | INFO | ✓ 37/4000 | Queue: 50 | ✅ https://sg.lifree.com/en/product/light/lifree_extr...
2026-08-19 11:37:18 | INFO | ✓ 38/4000 | Queue: 49 | ✅ https://sg.lifree.com/en/product/light/lifree_extr...
2026-08-19 11:37:20 | INFO | ✓ 39/4000 | Queue: 48 | ✅ https://sg.lifree.com/en/product/light/lifree_extr...
2026-08-19 11:37:20 | INFO | ✓ 40/4000 | Queue: 49 | ✅ https://sg.lifree.com/en/product/light/sawayaka_pa...
2026-08-19 11:37:21 | INFO | ✓ 41/4000 | Queue: 48 | ✅ https://sg.lifree.com/en/product/light/sawayaka_pa...
2026-08-19 11:37:22 | INFO | ✓ 42/4000 | Queue: 53 | ✅ https://sg.lifree.com/en/product/adult/lifree_powe...
2026-08-19 11:37:23 | INFO | ✓ 43/4000 | Queue: 54 | ✅ https://sg.lifree.com/en/product/adult/lifree_nigh...
2026-08-19 11:37:24 | INFO | ✓ 44/4000 | Queue: 57 | ✅ https://sg.lifree.com/en/product/adult/lifree_supe...
2026-08-19 11:37:25 | INFO | ✓ 45/4000 | Queue: 61 | ✅ https://sg.lifree.com/en/product/adult/lifree_abso...
2026-08-19 11:37:26 | INFO | ✓ 46/4000 | Queue: 60 | ⚠️ https://sg.lifree.com/en/product/adult/choose/diag...
2026-08-19 11:37:26 | INFO | ✓ 47/4000 | Queue: 67 | ✅ https://sg.lifree.com/en/product/adult/choose/expe...
2026-08-19 11:37:27 | INFO | ✓ 48/4000 | Queue: 66 | ✅ https://sg.lifree.com/en/nyoumore/experience/advic...
2026-08-19 11:37:28 | INFO | ✓ 49/4000 | Queue: 65 | ✅ https://sg.lifree.com/en/product/adult/choose.html...
2026-08-19 11:37:29 | INFO | ✓ 50/4000 | Queue: 66 | ✅ https://sg.lifree.com/en/product/adult/pants/exper...
2026-08-19 11:37:30 | INFO | ✓ 51/4000 | Queue: 67 | ✅ https://sg.lifree.com/en/product/adult/purchase/ex...
2026-08-19 11:37:31 | INFO | ✓ 52/4000 | Queue: 66 | ✅ https://sg.lifree.com/en/nyoumore/experience/data....
2026-08-19 11:37:32 | INFO | ✓ 53/4000 | Queue: 65 | ✅ https://sg.lifree.com/en/nyoumore/experience/famil...
2026-08-19 11:37:33 | INFO | ✓ 54/4000 | Queue: 64 | ✅ https://sg.lifree.com/en/advice/professional/01.ht...
2026-08-19 11:37:34 | INFO | ✓ 55/4000 | Queue: 63 | ✅ https://sg.lifree.com/en/advice/professional/04.ht...
2026-08-19 11:37:35 | INFO | ✓ 56/4000 | Queue: 62 | ✅ https://sg.lifree.com/en/advice/professional/06.ht...
2026-08-19 11:37:35 | INFO | ✓ 57/4000 | Queue: 61 | ⚠️ https://sg.lifree.com/en/advice/professional/02...
2026-08-19 11:37:36 | INFO | ✓ 58/4000 | Queue: 60 | ⚠️ https://sg.lifree.com/en/advice/professional/03...
2026-08-19 11:37:39 | INFO | ✓ 59/4000 | Queue: 59 | ✅ https://sg.lifree.com/content/dam/sites/sg_lifree_...
2026-08-19 11:37:39 | INFO | ✓ 60/4000 | Queue: 58 | ✅ https://sg.lifree.com/content/dam/sites/sg_lifree_...
2026-08-19 11:37:40 | INFO | ✓ 61/4000 | Queue: 57 | ✅ https://sg.lifree.com/content/dam/sites/sg_lifree_...
2026-08-19 11:37:41 | INFO | ✓ 62/4000 | Queue: 56 | ✅ https://sg.lifree.com/content/dam/sites/sg_lifree_...
2026-08-19 11:37:42 | INFO | ✓ 63/4000 | Queue: 55 | ✅ https://sg.lifree.com/content/dam/sites/sg_lifree_...
2026-08-19 11:37:43 | INFO | ✓ 64/4000 | Queue: 54 | ✅ https://sg.lifree.com/content/dam/sites/sg_lifree_...
2026-08-19 11:37:44 | INFO | ✓ 65/4000 | Queue: 53 | ✅ https://sg.lifree.com/content/dam/sites/sg_lifree_...
2026-08-19 11:37:45 | INFO | ✓ 66/4000 | Queue: 52 | ✅ https://sg.lifree.com/content/dam/sites/sg_lifree_...
2026-08-19 11:37:46 | INFO | ✓ 67/4000 | Queue: 51 | ✅ https://sg.lifree.com/content/dam/sites/sg_lifree_...
2026-08-19 11:37:47 | INFO | ✓ 68/4000 | Queue: 50 | ✅ https://sg.lifree.com/content/dam/sites/sg_lifree_...
2026-08-19 11:37:47 | INFO | ✓ 69/4000 | Queue: 49 | ✅ https://sg.lifree.com/content/dam/sites/sg_lifree_...
2026-08-19 11:37:48 | INFO | ✓ 70/4000 | Queue: 48 | ✅ https://sg.lifree.com/content/dam/sites/sg_lifree_...
2026-08-19 11:37:49 | INFO | ✓ 71/4000 | Queue: 47 | ✅ https://sg.lifree.com/content/dam/sites/sg_lifree_...
2026-08-19 11:37:49 | INFO | ✓ 72/4000 | Queue: 46 | ✅ https://sg.lifree.com/content/dam/sites/sg_lifree_...
2026-08-19 11:37:50 | INFO | ✓ 73/4000 | Queue: 45 | ✅ https://sg.lifree.com/content/dam/sites/sg_lifree_...
2026-08-19 11:37:51 | INFO | ✓ 74/4000 | Queue: 14 | ✅ https://sg.lifree.com/en/product/adult/choose/data...
2026-08-19 11:37:51 | INFO | ✓ 75/4000 | Queue: 13 | ✅ https://sg.lifree.com/en/product/adult/pants.html...
2026-08-19 11:37:52 | INFO | ✓ 76/4000 | Queue: 12 | ✅ https://sg.lifree.com/en/product/adult/pants/data....
2026-08-19 11:37:53 | INFO | ✓ 77/4000 | Queue: 11 | ✅ https://sg.lifree.com/en/product/adult/purchase.ht...
2026-08-19 11:37:53 | INFO | ✓ 78/4000 | Queue: 10 | ✅ https://sg.lifree.com/en/product/adult/purchase/da...
2026-08-19 11:37:54 | INFO | Checkpoint saved: 78 visited, 0 queued
2026-08-19 11:37:54 | INFO | CRAWL COMPLETE
2026-08-19 11:37:54 | INFO | Total URLs discovered: 78
2026-08-19 11:37:54 | INFO | Status breakdown:
2026-08-19 11:37:54 | INFO | ✅ 200 (Success): 75
2026-08-19 11:37:54 | INFO | ⚠️ 404 (Client Error): 3
2026-08-19 11:37:54 | INFO | Creating sample URLs...
2026-08-19 11:37:54 | INFO | Total URLs in grouped data: 63
2026-08-19 11:37:54 | INFO | Total URLs (63) <= 1000, using ALL URLs
2026-08-19 11:37:54 | INFO | Created urls-sample.json with 63 URLs
2026-08-19 11:37:54 | INFO | Validating urls-sample.json against schema...
✅ VALIDATION PASSED: urls-sample.json matches schema
2026-08-19 11:37:55 | INFO | Schema validation passed
2026-08-19 11:37:55 | INFO | Sample creation complete - urls-sample.json with 63 URLs
