2026-08-19 11:38:09 | INFO | Redirect (301) → https://www.mamypoko.jp/ja/home.html
2026-08-19 11:38:09 | INFO | Checking root page for sitemap-like links...
2026-08-19 11:38:09 | INFO | Redirect (301) → https://www.mamypoko.jp/ja/home.html
2026-08-19 11:38:09 | INFO | Found 1 sitemap-like candidate(s) on the root page
2026-08-19 11:38:09 | INFO | Trying sitemap candidates...
2026-08-19 11:38:09 | INFO | Trying sitemap candidate: https://www.mamypoko.jp/sitemap.xml
2026-08-19 11:38:10 | WARNING | HTTP status: 404
2026-08-19 11:38:10 | INFO | Trying sitemap candidate: https://www.mamypoko.jp/sitemap.xml.gz
2026-08-19 11:38:10 | WARNING | HTTP status: 404
2026-08-19 11:38:10 | INFO | Trying sitemap candidate: https://www.mamypoko.jp/sitemap_index.xml
2026-08-19 11:38:10 | WARNING | HTTP status: 404
2026-08-19 11:38:10 | INFO | Trying sitemap candidate: https://www.mamypoko.jp/sitemap-index.xml
2026-08-19 11:38:10 | WARNING | HTTP status: 404
2026-08-19 11:38:10 | INFO | Trying sitemap candidate: https://www.mamypoko.jp/sitemap.txt
2026-08-19 11:38:11 | WARNING | HTTP status: 404
2026-08-19 11:38:11 | INFO | Trying sitemap candidate: https://www.mamypoko.jp/ja/site-map.html
2026-08-19 11:38:11 | WARNING | Got 200 but not a valid sitemap. Preview: <!DOCTYPE html PUBLIC "-//W3C//DTD XHTML 1.0 Strict//EN" "http://www.w3.org/TR/xhtml1/DTD/xhtml1-strict.dtd"> <html lang="ja" > <head prefix="og: http://ogp.me/ns#"> <meta http-equiv="Content-Type...
2026-08-19 11:38:11 | INFO | Checking robots.txt for sitemap references...
2026-08-19 11:38:11 | INFO | Found 2 sitemap(s) in robots.txt
2026-08-19 11:38:11 | INFO | Processing 2 unique sitemap(s) from robots.txt...
2026-08-19 11:38:12 | INFO | [1/2] Fetching sitemap: https://www.mamypoko.jp/ja/sitemap.xml
2026-08-19 11:38:12 | INFO | Fetched sitemap successfully (urlset)
2026-08-19 11:38:12 | INFO | [2/2] Fetching sitemap: https://www.mamypoko.jp/en/sitemap.xml
2026-08-19 11:38:12 | INFO | Fetched sitemap successfully (urlset)
2026-08-19 11:38:12 | INFO | Successfully fetched 2 sitemap(s)
2026-08-19 11:38:12 | INFO | Fetching sitemap for site root: https://www.mamypoko.jp
2026-08-19 11:38:12 | INFO | Processing 2 sitemap(s)...
2026-08-19 11:38:12 | INFO | [1/2] Processing sitemap: https://www.mamypoko.jp/ja/sitemap.xml
2026-08-19 11:38:12 | INFO | Sitemap type: urlset
2026-08-19 11:38:12 | INFO | Extracted 19 URLs
2026-08-19 11:38:12 | INFO | [2/2] Processing sitemap: https://www.mamypoko.jp/en/sitemap.xml
2026-08-19 11:38:12 | INFO | Sitemap type: urlset
2026-08-19 11:38:12 | INFO | Extracted 16 URLs
2026-08-19 11:38:12 | INFO | Sitemap fetch complete
2026-08-19 11:38:12 | INFO | Total sitemaps processed: 2
2026-08-19 11:38:12 | INFO | Total URLs discovered: 35
2026-08-19 11:38:12 | INFO | Sitemap location 1: https://www.mamypoko.jp/ja/sitemap.xml
2026-08-19 11:38:12 | INFO | Sitemap location 2: https://www.mamypoko.jp/en/sitemap.xml
2026-08-19 11:38:13 | INFO | Creating sample URLs...
2026-08-19 11:38:13 | INFO | Total URLs in grouped data: 36
2026-08-19 11:38:13 | INFO | Total URLs (36) <= 1000, using ALL URLs
2026-08-19 11:38:13 | INFO | Created urls-sample.json with 36 URLs
2026-08-19 11:38:13 | INFO | Validating urls-sample.json against schema...
✅ VALIDATION PASSED: urls-sample.json matches schema
2026-08-19 11:38:13 | INFO | Schema validation passed
2026-08-19 11:38:13 | INFO | Sample creation complete - urls-sample.json with 36 URLs
