2026-08-14 03:38:06 | INFO | Redirect (301) → https://id.mamypoko.com/id/home.html
2026-08-14 03:38:06 | INFO | Checking root page for sitemap-like links...
2026-08-14 03:38:06 | INFO | Redirect (301) → https://id.mamypoko.com/id/home.html
2026-08-14 03:38:06 | INFO | Found 2 sitemap-like candidate(s) on the root page
2026-08-14 03:38:06 | INFO | Trying sitemap candidates...
2026-08-14 03:38:06 | INFO | Trying sitemap candidate: https://id.mamypoko.com/sitemap.xml
2026-08-14 03:38:06 | WARNING | HTTP status: 404
2026-08-14 03:38:06 | INFO | Trying sitemap candidate: https://id.mamypoko.com/sitemap.xml.gz
2026-08-14 03:38:06 | WARNING | HTTP status: 404
2026-08-14 03:38:06 | INFO | Trying sitemap candidate: https://id.mamypoko.com/sitemap_index.xml
2026-08-14 03:38:07 | WARNING | HTTP status: 404
2026-08-14 03:38:07 | INFO | Trying sitemap candidate: https://id.mamypoko.com/sitemap-index.xml
2026-08-14 03:38:07 | WARNING | HTTP status: 404
2026-08-14 03:38:07 | INFO | Trying sitemap candidate: https://id.mamypoko.com/sitemap.txt
2026-08-14 03:38:07 | WARNING | HTTP status: 404
2026-08-14 03:38:07 | INFO | Trying sitemap candidate: https://id.mamypoko.com/id/site-map.html
2026-08-14 03:38:07 | WARNING | Got 200 but not a valid sitemap. Preview: <!DOCTYPE html PUBLIC "-//W3C//DTD XHTML 1.0 Strict//EN" "http://www.w3.org/TR/xhtml1/DTD/xhtml1-strict.dtd"> <html lang="id" > <head prefix="og: http://ogp.me/ns#"> <meta http-equiv="Content-Type...
2026-08-14 03:38:07 | INFO | Trying sitemap candidate: http://www.unicharm.co.id/sitemap/index.html
2026-08-14 03:38:08 | INFO | Redirect (301) → https://www.unicharm.co.id/sitemap/index.html
2026-08-14 03:38:09 | INFO | Redirect (301) → https://www.unicharm.co.id/id/site-map.html
2026-08-14 03:38:10 | WARNING | Got 200 but not a valid sitemap. Preview: <!DOCTYPE html PUBLIC "-//W3C//DTD XHTML 1.0 Strict//EN" "http://www.w3.org/TR/xhtml1/DTD/xhtml1-strict.dtd"> <html lang="id" > <head prefix="og: http://ogp.me/ns#"> <meta http-equiv="Content-Type...
2026-08-14 03:38:10 | INFO | Checking robots.txt for sitemap references...
2026-08-14 03:38:10 | INFO | Found 1 sitemap(s) in robots.txt
2026-08-14 03:38:10 | INFO | Processing 1 unique sitemap(s) from robots.txt...
2026-08-14 03:38:10 | INFO | [1/1] Fetching sitemap: https://id.mamypoko.com/id/sitemap.xml
2026-08-14 03:38:10 | INFO | Fetched sitemap successfully (urlset)
2026-08-14 03:38:10 | INFO | Successfully fetched 1 sitemap(s)
2026-08-14 03:38:10 | INFO | Fetching sitemap for site root: https://id.mamypoko.com
2026-08-14 03:38:10 | INFO | Processing 1 sitemap(s)...
2026-08-14 03:38:10 | INFO | [1/1] Processing sitemap: https://id.mamypoko.com/id/sitemap.xml
2026-08-14 03:38:10 | INFO | Sitemap type: urlset
2026-08-14 03:38:10 | INFO | Extracted 1764 URLs
2026-08-14 03:38:10 | INFO | Sitemap fetch complete
2026-08-14 03:38:10 | INFO | Total sitemaps processed: 1
2026-08-14 03:38:10 | INFO | Total URLs discovered: 1764
2026-08-14 03:38:10 | INFO | Sitemap location 1: https://id.mamypoko.com/id/sitemap.xml
2026-08-14 03:38:52 | INFO | Creating sample URLs...
2026-08-14 03:38:52 | INFO | Total URLs in grouped data: 1765
2026-08-14 03:38:52 | INFO | Total URLs (1765) > 1000, sampling with cap of 1000 (full coverage for 5 groups <= 20 URLs, minimum 5 URLs across 3 larger groups)
2026-08-14 03:38:52 | INFO | Sampled 1000 URLs from 1765 total (cap: 1000)
2026-08-14 03:38:52 | INFO | Created urls-sample.json with 1000 URLs
2026-08-14 03:38:52 | INFO | Validating urls-sample.json against schema...
✅ VALIDATION PASSED: urls-sample.json matches schema
2026-08-14 03:38:52 | INFO | Schema validation passed
2026-08-14 03:38:52 | INFO | Sample creation complete - urls-sample.json with 1000 URLs
