2026-08-19 11:37:55 | INFO | Redirect (301) → https://my.lifree.com/en/home.html
2026-08-19 11:37:55 | INFO | Checking root page for sitemap-like links...
2026-08-19 11:37:55 | INFO | Redirect (301) → https://my.lifree.com/en/home.html
2026-08-19 11:37:55 | INFO | Trying sitemap candidates...
2026-08-19 11:37:55 | INFO | Trying sitemap candidate: https://my.lifree.com/sitemap.xml
2026-08-19 11:37:56 | WARNING | HTTP status: 404
2026-08-19 11:37:56 | INFO | Trying sitemap candidate: https://my.lifree.com/sitemap.xml.gz
2026-08-19 11:37:56 | WARNING | HTTP status: 404
2026-08-19 11:37:56 | INFO | Trying sitemap candidate: https://my.lifree.com/sitemap_index.xml
2026-08-19 11:37:56 | WARNING | HTTP status: 404
2026-08-19 11:37:56 | INFO | Trying sitemap candidate: https://my.lifree.com/sitemap-index.xml
2026-08-19 11:37:56 | WARNING | HTTP status: 404
2026-08-19 11:37:56 | INFO | Trying sitemap candidate: https://my.lifree.com/sitemap.txt
2026-08-19 11:37:57 | WARNING | HTTP status: 404
2026-08-19 11:37:57 | INFO | Checking robots.txt for sitemap references...
2026-08-19 11:37:57 | INFO | Found 1 sitemap(s) in robots.txt
2026-08-19 11:37:57 | INFO | Processing 1 unique sitemap(s) from robots.txt...
2026-08-19 11:37:57 | INFO | [1/1] Fetching sitemap: https://my.lifree.com/en/sitemap.xml
2026-08-19 11:37:57 | WARNING | HTTP status: 404
2026-08-19 11:37:57 | WARNING | Failed to fetch sitemap (status: 404)
2026-08-19 11:37:57 | INFO | Retrying sitemap discovery with alternate root: https://www.my.lifree.com
2026-08-19 11:37:57 | INFO | Checking root page for sitemap-like links...
2026-08-19 11:37:57 | WARNING | Fetch error: fetch failed
2026-08-19 11:37:57 | INFO | Trying sitemap candidates...
2026-08-19 11:37:57 | INFO | Trying sitemap candidate: https://www.my.lifree.com/sitemap.xml
2026-08-19 11:37:57 | WARNING | Fetch error: fetch failed
2026-08-19 11:37:57 | INFO | Trying sitemap candidate: https://www.my.lifree.com/sitemap.xml.gz
2026-08-19 11:37:57 | WARNING | Fetch error: fetch failed
2026-08-19 11:37:57 | INFO | Trying sitemap candidate: https://www.my.lifree.com/sitemap_index.xml
2026-08-19 11:37:57 | WARNING | Fetch error: fetch failed
2026-08-19 11:37:57 | INFO | Trying sitemap candidate: https://www.my.lifree.com/sitemap-index.xml
2026-08-19 11:37:57 | WARNING | Fetch error: fetch failed
2026-08-19 11:37:57 | INFO | Trying sitemap candidate: https://www.my.lifree.com/sitemap.txt
2026-08-19 11:37:57 | WARNING | Fetch error: fetch failed
2026-08-19 11:37:57 | INFO | Checking robots.txt for sitemap references...
2026-08-19 11:37:57 | WARNING | Fetch error: fetch failed
2026-08-19 11:37:57 | INFO | Fetching sitemap for site root: https://my.lifree.com
2026-08-19 11:37:57 | ERROR | No sitemap found
2026-08-19 11:37:57 | INFO | Tried standard locations and robots.txt references.
2026-08-19 11:37:57 | WARNING | No sitemap found for https://my.lifree.com - will need to use crawler fallback
2026-08-19 11:37:58 | INFO | Site crawler starting
2026-08-19 11:37:58 | INFO | Starting crawl: https://my.lifree.com
2026-08-19 11:37:58 | INFO | Max pages: 4000, Delay: 300ms, Timeout: 15000ms
2026-08-19 11:37:58 | INFO | Max retries per URL: 2
2026-08-19 11:37:58 | INFO | Robots.txt disallow rules found: 1
2026-08-19 11:37:58 | INFO | ✓ 1/4000 | Queue: 41 | ✅ https://my.lifree.com/...
2026-08-19 11:37:59 | INFO | ✓ 2/4000 | Queue: 40 | ✅ https://my.lifree.com/en/home.html...
2026-08-19 11:38:00 | INFO | ✓ 3/4000 | Queue: 49 | ✅ https://my.lifree.com/en/product.html...
2026-08-19 11:38:00 | INFO | ✓ 4/4000 | Queue: 49 | ✅ https://my.lifree.com/en/product/light/choose/data...
2026-08-19 11:38:01 | INFO | ✓ 5/4000 | Queue: 51 | ✅ https://my.lifree.com/en/product/adult/choose/inde...
2026-08-19 11:38:02 | INFO | ✓ 6/4000 | Queue: 50 | ✅ https://my.lifree.com/en/nyoumore.html...
2026-08-19 11:38:02 | INFO | ✓ 7/4000 | Queue: 49 | ✅ https://my.lifree.com/en/nyoumore/cause.html...
2026-08-19 11:38:03 | INFO | ✓ 8/4000 | Queue: 48 | ✅ https://my.lifree.com/en/nyoumore/exclusive.html...
2026-08-19 11:38:04 | INFO | ✓ 9/4000 | Queue: 47 | ✅ https://my.lifree.com/en/nyoumore/male.html...
2026-08-19 11:38:05 | INFO | ✓ 10/4000 | Queue: 46 | ✅ https://my.lifree.com/en/nyoumore/training.html...
2026-08-19 11:38:05 | INFO | ✓ 11/4000 | Queue: 45 | ✅ https://my.lifree.com/en/nyoumore/experience.html...
2026-08-19 11:38:06 | INFO | ✓ 12/4000 | Queue: 45 | ✅ https://my.lifree.com/en/nyoumore/experience/exper...
2026-08-19 11:38:07 | INFO | ✓ 13/4000 | Queue: 45 | ✅ https://my.lifree.com/en/nyoumore/experience/famil...
2026-08-19 11:38:07 | INFO | ✓ 14/4000 | Queue: 47 | ✅ https://my.lifree.com/en/advice.html...
2026-08-19 11:38:08 | INFO | ✓ 15/4000 | Queue: 46 | ✅ https://my.lifree.com/en/advice/point.html...
2026-08-19 11:38:09 | INFO | ✓ 16/4000 | Queue: 45 | ✅ https://my.lifree.com/en/advice/usage.html...
2026-08-19 11:38:10 | INFO | ✓ 17/4000 | Queue: 44 | ✅ https://my.lifree.com/en/advice/adl.html...
2026-08-19 11:38:12 | INFO | ✓ 18/4000 | Queue: 46 | ✅ https://my.lifree.com/en/advice/professional.html...
2026-08-19 11:38:12 | INFO | ✓ 19/4000 | Queue: 45 | ✅ https://my.lifree.com/en/advice/qa.html...
2026-08-19 11:38:13 | INFO | ✓ 20/4000 | Queue: 59 | ✅ https://my.lifree.com/en/advice/rehabilitation.htm...
2026-08-19 11:38:14 | INFO | ✓ 21/4000 | Queue: 58 | ✅ https://my.lifree.com/en/dementia-prevention.html...
2026-08-19 11:38:14 | INFO | ✓ 22/4000 | Queue: 57 | ✅ https://my.lifree.com/en/dementia-prevention/sympt...
2026-08-19 11:38:15 | INFO | ✓ 23/4000 | Queue: 56 | ✅ https://my.lifree.com/en/dementia-prevention/type....
2026-08-19 11:38:16 | INFO | ✓ 24/4000 | Queue: 55 | ✅ https://my.lifree.com/en/dementia-prevention/cause...
2026-08-19 11:38:17 | INFO | ✓ 25/4000 | Queue: 54 | ✅ https://my.lifree.com/en/dementia-prevention/diagn...
2026-08-19 11:38:17 | INFO | ✓ 26/4000 | Queue: 53 | ✅ https://my.lifree.com/en/healthy_life.html...
2026-08-19 11:38:18 | INFO | ✓ 27/4000 | Queue: 52 | ✅ https://my.lifree.com/en/healthy_life/activity.htm...
2026-08-19 11:38:19 | INFO | ✓ 28/4000 | Queue: 51 | ✅ https://my.lifree.com/en/healthy_life/report01.htm...
2026-08-19 11:38:20 | INFO | ✓ 29/4000 | Queue: 50 | ✅ https://my.lifree.com/en/healthy_life/report02.htm...
2026-08-19 11:38:21 | INFO | ✓ 30/4000 | Queue: 49 | ✅ https://my.lifree.com/en/healthy_life/activity/06....
2026-08-19 11:38:22 | INFO | ✓ 31/4000 | Queue: 48 | ✅ https://my.lifree.com/en/product/adult/choose/poin...
2026-08-19 11:38:23 | INFO | ✓ 32/4000 | Queue: 47 | ✅ https://my.lifree.com/en/product/adult/choose/advi...
2026-08-19 11:38:23 | INFO | ✓ 33/4000 | Queue: 46 | ✅ https://my.lifree.com/en/product/light/choose/expe...
2026-08-19 11:38:24 | INFO | ✓ 34/4000 | Queue: 47 | ✅ https://my.lifree.com/en/product/adult/lifree_ultr...
2026-08-19 11:38:25 | INFO | ✓ 35/4000 | Queue: 45 | ✅ https://my.lifree.com/en/product/light/lifree_extr...
2026-08-19 11:38:26 | INFO | ✓ 36/4000 | Queue: 44 | ✅ https://my.lifree.com/en/product/light/lifree_extr...
2026-08-19 11:38:26 | INFO | ✓ 37/4000 | Queue: 43 | ✅ https://my.lifree.com/en/product/light/lifree_extr...
2026-08-19 11:38:27 | INFO | ✓ 38/4000 | Queue: 42 | ✅ https://my.lifree.com/en/product/light/lifree_extr...
2026-08-19 11:38:28 | INFO | ✓ 39/4000 | Queue: 41 | ✅ https://my.lifree.com/en/product/light/lifree_extr...
2026-08-19 11:38:29 | INFO | ✓ 40/4000 | Queue: 42 | ✅ https://my.lifree.com/en/product/adult/lifree_powe...
2026-08-19 11:38:30 | INFO | ✓ 41/4000 | Queue: 43 | ✅ https://my.lifree.com/en/product/adult/lifree_supe...
2026-08-19 11:38:31 | INFO | ✓ 42/4000 | Queue: 44 | ✅ https://my.lifree.com/en/product/adult/lifree_abso...
2026-08-19 11:38:32 | INFO | ✓ 43/4000 | Queue: 43 | ⚠️ https://my.lifree.com/en/product/adult/choose/diag...
2026-08-19 11:38:33 | INFO | ✓ 44/4000 | Queue: 46 | ✅ https://my.lifree.com/en/product/adult/choose/expe...
2026-08-19 11:38:34 | INFO | ✓ 45/4000 | Queue: 45 | ✅ https://my.lifree.com/en/nyoumore/experience/advic...
2026-08-19 11:38:34 | INFO | ✓ 46/4000 | Queue: 44 | ✅ https://my.lifree.com/en/product/adult/choose.html...
2026-08-19 11:38:35 | INFO | ✓ 47/4000 | Queue: 45 | ✅ https://my.lifree.com/en/product/adult/pants/exper...
2026-08-19 11:38:36 | INFO | ✓ 48/4000 | Queue: 46 | ✅ https://my.lifree.com/en/product/adult/purchase/ex...
2026-08-19 11:38:36 | INFO | ✓ 49/4000 | Queue: 45 | ✅ https://my.lifree.com/en/nyoumore/experience/data....
2026-08-19 11:38:37 | INFO | ✓ 50/4000 | Queue: 44 | ✅ https://my.lifree.com/en/nyoumore/experience/famil...
2026-08-19 11:38:38 | INFO | ✓ 51/4000 | Queue: 43 | ✅ https://my.lifree.com/en/advice/professional/01.ht...
2026-08-19 11:38:39 | INFO | ✓ 52/4000 | Queue: 42 | ✅ https://my.lifree.com/en/advice/professional/04.ht...
2026-08-19 11:38:40 | INFO | ✓ 53/4000 | Queue: 41 | ✅ https://my.lifree.com/en/advice/professional/06.ht...
2026-08-19 11:38:41 | INFO | ✓ 54/4000 | Queue: 40 | ⚠️ https://my.lifree.com/en/advice/professional/02...
2026-08-19 11:38:42 | INFO | ✓ 55/4000 | Queue: 39 | ⚠️ https://my.lifree.com/en/advice/professional/03...
2026-08-19 11:38:43 | INFO | ✓ 56/4000 | Queue: 38 | ⚠️ https://my.lifree.com/en/advice/professional/05...
2026-08-19 11:38:44 | INFO | ✓ 57/4000 | Queue: 37 | ✅ https://my.lifree.com/content/dam/sites/my_lifree_...
2026-08-19 11:38:46 | INFO | ✓ 58/4000 | Queue: 36 | ✅ https://my.lifree.com/content/dam/sites/my_lifree_...
2026-08-19 11:38:46 | INFO | ✓ 59/4000 | Queue: 35 | ✅ https://my.lifree.com/content/dam/sites/my_lifree_...
2026-08-19 11:38:48 | INFO | ✓ 60/4000 | Queue: 34 | ✅ https://my.lifree.com/content/dam/sites/my_lifree_...
2026-08-19 11:38:48 | INFO | ✓ 61/4000 | Queue: 33 | ✅ https://my.lifree.com/content/dam/sites/my_lifree_...
2026-08-19 11:38:49 | INFO | ✓ 62/4000 | Queue: 32 | ✅ https://my.lifree.com/content/dam/sites/my_lifree_...
2026-08-19 11:38:50 | INFO | ✓ 63/4000 | Queue: 31 | ✅ https://my.lifree.com/content/dam/sites/my_lifree_...
2026-08-19 11:38:51 | INFO | ✓ 64/4000 | Queue: 30 | ✅ https://my.lifree.com/content/dam/sites/my_lifree_...
2026-08-19 11:38:53 | INFO | ✓ 65/4000 | Queue: 29 | ✅ https://my.lifree.com/content/dam/sites/my_lifree_...
2026-08-19 11:38:53 | INFO | ✓ 66/4000 | Queue: 28 | ✅ https://my.lifree.com/content/dam/sites/my_lifree_...
2026-08-19 11:38:54 | INFO | ✓ 67/4000 | Queue: 27 | ✅ https://my.lifree.com/content/dam/sites/my_lifree_...
2026-08-19 11:38:55 | INFO | ✓ 68/4000 | Queue: 26 | ✅ https://my.lifree.com/content/dam/sites/my_lifree_...
2026-08-19 11:38:55 | INFO | ✓ 69/4000 | Queue: 25 | ✅ https://my.lifree.com/content/dam/sites/my_lifree_...
2026-08-19 11:38:56 | INFO | ✓ 70/4000 | Queue: 24 | ✅ https://my.lifree.com/content/dam/sites/my_lifree_...
2026-08-19 11:38:57 | INFO | ✓ 71/4000 | Queue: 23 | ✅ https://my.lifree.com/content/dam/sites/my_lifree_...
2026-08-19 11:38:57 | INFO | ✓ 72/4000 | Queue: 12 | ✅ https://my.lifree.com/en/product/adult/choose/data...
2026-08-19 11:38:58 | INFO | ✓ 73/4000 | Queue: 11 | ✅ https://my.lifree.com/en/product/adult/pants.html...
2026-08-19 11:38:59 | INFO | ✓ 74/4000 | Queue: 10 | ✅ https://my.lifree.com/en/product/adult/pants/data....
2026-08-19 11:38:59 | INFO | ✓ 75/4000 | Queue: 9 | ✅ https://my.lifree.com/en/product/adult/purchase.ht...
2026-08-19 11:39:00 | INFO | ✓ 76/4000 | Queue: 8 | ✅ https://my.lifree.com/en/product/adult/purchase/da...
2026-08-19 11:39:00 | INFO | Checkpoint saved: 76 visited, 0 queued
2026-08-19 11:39:00 | INFO | CRAWL COMPLETE
2026-08-19 11:39:00 | INFO | Total URLs discovered: 76
2026-08-19 11:39:00 | INFO | Status breakdown:
2026-08-19 11:39:00 | INFO | ✅ 200 (Success): 72
2026-08-19 11:39:00 | INFO | ⚠️ 404 (Client Error): 4
2026-08-19 11:39:01 | INFO | Creating sample URLs...
2026-08-19 11:39:01 | INFO | Total URLs in grouped data: 61
2026-08-19 11:39:01 | INFO | Total URLs (61) <= 1000, using ALL URLs
2026-08-19 11:39:01 | INFO | Created urls-sample.json with 61 URLs
2026-08-19 11:39:01 | INFO | Validating urls-sample.json against schema...
✅ VALIDATION PASSED: urls-sample.json matches schema
2026-08-19 11:39:01 | INFO | Schema validation passed
2026-08-19 11:39:01 | INFO | Sample creation complete - urls-sample.json with 61 URLs
