2026-08-19 11:38:55 | INFO | Redirect (301) → https://latam.mamypoko.com/es/home.html
2026-08-19 11:38:56 | INFO | Checking root page for sitemap-like links...
2026-08-19 11:38:56 | INFO | Redirect (301) → https://latam.mamypoko.com/es/home.html
2026-08-19 11:38:56 | INFO | Found 1 sitemap-like candidate(s) on the root page
2026-08-19 11:38:56 | INFO | Trying sitemap candidates...
2026-08-19 11:38:56 | INFO | Trying sitemap candidate: https://latam.mamypoko.com/sitemap.xml
2026-08-19 11:38:56 | WARNING | HTTP status: 404
2026-08-19 11:38:56 | INFO | Trying sitemap candidate: https://latam.mamypoko.com/sitemap.xml.gz
2026-08-19 11:38:56 | WARNING | HTTP status: 404
2026-08-19 11:38:56 | INFO | Trying sitemap candidate: https://latam.mamypoko.com/sitemap_index.xml
2026-08-19 11:38:56 | WARNING | HTTP status: 404
2026-08-19 11:38:56 | INFO | Trying sitemap candidate: https://latam.mamypoko.com/sitemap-index.xml
2026-08-19 11:38:57 | WARNING | HTTP status: 404
2026-08-19 11:38:57 | INFO | Trying sitemap candidate: https://latam.mamypoko.com/sitemap.txt
2026-08-19 11:38:57 | WARNING | HTTP status: 404
2026-08-19 11:38:57 | INFO | Trying sitemap candidate: https://www.unicharm.com.br/pt/site-map.html
2026-08-19 11:38:57 | WARNING | Got 200 but not a valid sitemap. Preview: <!DOCTYPE html PUBLIC "-//W3C//DTD XHTML 1.0 Strict//EN" "http://www.w3.org/TR/xhtml1/DTD/xhtml1-strict.dtd"> <html lang="pt" > <head prefix="og: http://ogp.me/ns#"> <meta http-equiv="Content-Type...
2026-08-19 11:38:57 | INFO | Checking robots.txt for sitemap references...
2026-08-19 11:38:57 | INFO | Found 1 sitemap(s) in robots.txt
2026-08-19 11:38:57 | INFO | Processing 1 unique sitemap(s) from robots.txt...
2026-08-19 11:38:57 | INFO | [1/1] Fetching sitemap: https://latam.mamypoko.com/es/sitemap.xml
2026-08-19 11:38:58 | INFO | Fetched sitemap successfully (urlset)
2026-08-19 11:38:58 | INFO | Successfully fetched 1 sitemap(s)
2026-08-19 11:38:58 | INFO | Fetching sitemap for site root: https://latam.mamypoko.com
2026-08-19 11:38:58 | INFO | Processing 1 sitemap(s)...
2026-08-19 11:38:58 | INFO | [1/1] Processing sitemap: https://latam.mamypoko.com/es/sitemap.xml
2026-08-19 11:38:58 | INFO | Sitemap type: urlset
2026-08-19 11:38:58 | INFO | Extracted 16 URLs
2026-08-19 11:38:58 | INFO | Sitemap fetch complete
2026-08-19 11:38:58 | INFO | Total sitemaps processed: 1
2026-08-19 11:38:58 | INFO | Total URLs discovered: 16
2026-08-19 11:38:58 | INFO | Sitemap location 1: https://latam.mamypoko.com/es/sitemap.xml
2026-08-19 11:38:58 | INFO | Creating sample URLs...
2026-08-19 11:38:58 | INFO | Total URLs in grouped data: 17
2026-08-19 11:38:58 | INFO | Total URLs (17) <= 1000, using ALL URLs
2026-08-19 11:38:58 | INFO | Created urls-sample.json with 17 URLs
2026-08-19 11:38:58 | INFO | Validating urls-sample.json against schema...
✅ VALIDATION PASSED: urls-sample.json matches schema
2026-08-19 11:38:59 | INFO | Schema validation passed
2026-08-19 11:38:59 | INFO | Sample creation complete - urls-sample.json with 17 URLs
