2026-08-19 11:40:52 | INFO | Redirect (301) → https://jp.unicharm-mask.com/ja/home.html
2026-08-19 11:40:53 | INFO | Checking root page for sitemap-like links...
2026-08-19 11:40:53 | INFO | Redirect (301) → https://jp.unicharm-mask.com/ja/home.html
2026-08-19 11:40:53 | INFO | Found 1 sitemap-like candidate(s) on the root page
2026-08-19 11:40:53 | INFO | Trying sitemap candidates...
2026-08-19 11:40:53 | INFO | Trying sitemap candidate: https://jp.unicharm-mask.com/sitemap.xml
2026-08-19 11:40:54 | WARNING | HTTP status: 404
2026-08-19 11:40:54 | INFO | Trying sitemap candidate: https://jp.unicharm-mask.com/sitemap.xml.gz
2026-08-19 11:40:54 | WARNING | HTTP status: 404
2026-08-19 11:40:54 | INFO | Trying sitemap candidate: https://jp.unicharm-mask.com/sitemap_index.xml
2026-08-19 11:40:54 | WARNING | HTTP status: 404
2026-08-19 11:40:54 | INFO | Trying sitemap candidate: https://jp.unicharm-mask.com/sitemap-index.xml
2026-08-19 11:40:54 | WARNING | HTTP status: 404
2026-08-19 11:40:54 | INFO | Trying sitemap candidate: https://jp.unicharm-mask.com/sitemap.txt
2026-08-19 11:40:55 | WARNING | HTTP status: 404
2026-08-19 11:40:55 | INFO | Trying sitemap candidate: http://www.unicharm.co.jp/sitemap/index.html
2026-08-19 11:40:55 | INFO | Redirect (301) → https://www.unicharm.co.jp/sitemap/index.html
2026-08-19 11:40:56 | INFO | Redirect (301) → https://www.unicharm.co.jp/ja/site-map.html
2026-08-19 11:40:56 | WARNING | Got 200 but not a valid sitemap. Preview: <!DOCTYPE html PUBLIC "-//W3C//DTD XHTML 1.0 Strict//EN" "http://www.w3.org/TR/xhtml1/DTD/xhtml1-strict.dtd"> <html lang="ja" > <head prefix="og: http://ogp.me/ns#"> <meta http-equiv="Content-Type...
2026-08-19 11:40:56 | INFO | Checking robots.txt for sitemap references...
2026-08-19 11:40:56 | INFO | Found 1 sitemap(s) in robots.txt
2026-08-19 11:40:56 | INFO | Processing 1 unique sitemap(s) from robots.txt...
2026-08-19 11:40:56 | INFO | [1/1] Fetching sitemap: https://jp.unicharm-mask.com/ja/sitemap.xml
2026-08-19 11:40:56 | WARNING | HTTP status: 404
2026-08-19 11:40:56 | WARNING | Failed to fetch sitemap (status: 404)
2026-08-19 11:40:56 | INFO | Retrying sitemap discovery with alternate root: https://www.jp.unicharm-mask.com
2026-08-19 11:40:56 | INFO | Checking root page for sitemap-like links...
2026-08-19 11:40:56 | WARNING | Fetch error: fetch failed
2026-08-19 11:40:56 | INFO | Trying sitemap candidates...
2026-08-19 11:40:56 | INFO | Trying sitemap candidate: https://www.jp.unicharm-mask.com/sitemap.xml
2026-08-19 11:40:56 | WARNING | Fetch error: fetch failed
2026-08-19 11:40:56 | INFO | Trying sitemap candidate: https://www.jp.unicharm-mask.com/sitemap.xml.gz
2026-08-19 11:40:56 | WARNING | Fetch error: fetch failed
2026-08-19 11:40:56 | INFO | Trying sitemap candidate: https://www.jp.unicharm-mask.com/sitemap_index.xml
2026-08-19 11:40:56 | WARNING | Fetch error: fetch failed
2026-08-19 11:40:56 | INFO | Trying sitemap candidate: https://www.jp.unicharm-mask.com/sitemap-index.xml
2026-08-19 11:40:56 | WARNING | Fetch error: fetch failed
2026-08-19 11:40:56 | INFO | Trying sitemap candidate: https://www.jp.unicharm-mask.com/sitemap.txt
2026-08-19 11:40:56 | WARNING | Fetch error: fetch failed
2026-08-19 11:40:56 | INFO | Checking robots.txt for sitemap references...
2026-08-19 11:40:56 | WARNING | Fetch error: fetch failed
2026-08-19 11:40:56 | INFO | Fetching sitemap for site root: https://jp.unicharm-mask.com
2026-08-19 11:40:56 | ERROR | No sitemap found
2026-08-19 11:40:56 | INFO | Tried standard locations and robots.txt references.
2026-08-19 11:40:56 | WARNING | No sitemap found for https://jp.unicharm-mask.com - will need to use crawler fallback
2026-08-19 11:40:58 | INFO | Site crawler starting
2026-08-19 11:40:58 | INFO | Starting crawl: https://jp.unicharm-mask.com
2026-08-19 11:40:58 | INFO | Max pages: 4000, Delay: 300ms, Timeout: 15000ms
2026-08-19 11:40:58 | INFO | Max retries per URL: 2
2026-08-19 11:41:00 | INFO | Robots.txt disallow rules found: 1
2026-08-19 11:41:03 | INFO | ✓ 1/4000 | Queue: 47 | ✅ https://jp.unicharm-mask.com/...
2026-08-19 11:41:04 | INFO | ✓ 2/4000 | Queue: 46 | ✅ https://jp.unicharm-mask.com/ja/home.html...
2026-08-19 11:41:06 | INFO | ✓ 3/4000 | Queue: 47 | ✅ https://jp.unicharm-mask.com/ja/products.html...
2026-08-19 11:41:07 | INFO | ✓ 4/4000 | Queue: 46 | ✅ https://jp.unicharm-mask.com/ja/how-to-choose.html...
2026-08-19 11:41:09 | INFO | ✓ 5/4000 | Queue: 49 | ✅ https://jp.unicharm-mask.com/ja/my-style-mask.html...
2026-08-19 11:41:11 | INFO | ✓ 6/4000 | Queue: 48 | ✅ https://jp.unicharm-mask.com/ja/wear-no-space.html...
2026-08-19 11:41:12 | INFO | ✓ 7/4000 | Queue: 47 | ✅ https://jp.unicharm-mask.com/ja/dev-interview.html...
2026-08-19 11:41:13 | INFO | ✓ 8/4000 | Queue: 46 | ✅ https://jp.unicharm-mask.com/ja/doctor-advice1.htm...
2026-08-19 11:41:14 | INFO | ✓ 9/4000 | Queue: 45 | ✅ https://jp.unicharm-mask.com/ja/doctor-advice2.htm...
2026-08-19 11:41:16 | INFO | ✓ 10/4000 | Queue: 44 | ✅ https://jp.unicharm-mask.com/ja/faq.html...
2026-08-19 11:41:18 | INFO | ✓ 11/4000 | Queue: 58 | ✅ https://jp.unicharm-mask.com/en/home.html...
2026-08-19 11:41:19 | INFO | ✓ 12/4000 | Queue: 63 | ✅ https://jp.unicharm-mask.com/ja/products/smart-col...
2026-08-19 11:41:21 | INFO | ✓ 13/4000 | Queue: 68 | ✅ https://jp.unicharm-mask.com/ja/products/cho-kaite...
2026-08-19 11:41:23 | INFO | ✓ 14/4000 | Queue: 72 | ✅ https://jp.unicharm-mask.com/ja/products/rittai-co...
2026-08-19 11:41:24 | INFO | ✓ 15/4000 | Queue: 76 | ✅ https://jp.unicharm-mask.com/ja/products/pleats-ki...
2026-08-19 11:41:26 | INFO | ✓ 16/4000 | Queue: 78 | ✅ https://jp.unicharm-mask.com/ja/products/transpare...
2026-08-19 11:41:27 | INFO | ✓ 17/4000 | Queue: 77 | ✅ https://jp.unicharm-mask.com/ja/my-style-mask/artl...
2026-08-19 11:41:29 | INFO | ✓ 18/4000 | Queue: 79 | ✅ https://jp.unicharm-mask.com/ja/products/airlish.h...
2026-08-19 11:41:31 | INFO | ✓ 19/4000 | Queue: 78 | ✅ https://jp.unicharm-mask.com/ja/products/pleats-gr...
2026-08-19 11:41:32 | INFO | ✓ 20/4000 | Queue: 77 | ✅ https://jp.unicharm-mask.com/ja/products/smart-col...
2026-08-19 11:41:34 | INFO | ✓ 21/4000 | Queue: 84 | ✅ https://jp.unicharm-mask.com/ja/products/pleats-bi...
2026-08-19 11:41:36 | INFO | ✓ 22/4000 | Queue: 83 | ✅ https://jp.unicharm-mask.com/ja/products/transpare...
2026-08-19 11:41:38 | INFO | ✓ 23/4000 | Queue: 85 | ✅ https://jp.unicharm-mask.com/ja/products/pleats-sl...
2026-08-19 11:41:41 | INFO | ✓ 24/4000 | Queue: 85 | ✅ https://jp.unicharm-mask.com/ja/products/summer_ma...
2026-08-19 11:41:42 | INFO | ✓ 25/4000 | Queue: 83 | ✅ https://jp.unicharm-mask.com/ja/products/pleats-sl...
2026-08-19 11:41:44 | INFO | ✓ 26/4000 | Queue: 87 | ✅ https://jp.unicharm-mask.com/ja/products/pleats-ik...
2026-08-19 11:41:45 | INFO | ✓ 27/4000 | Queue: 86 | ✅ https://jp.unicharm-mask.com/ja/products/pleats-bi...
2026-08-19 11:41:47 | INFO | ✓ 28/4000 | Queue: 90 | ✅ https://jp.unicharm-mask.com/ja/products/rittai-st...
2026-08-19 11:41:49 | INFO | ✓ 29/4000 | Queue: 91 | ✅ https://jp.unicharm-mask.com/ja/products/rittai-ki...
2026-08-19 11:41:50 | INFO | ✓ 30/4000 | Queue: 79 | ✅ https://jp.unicharm-mask.com/en/products.html...
2026-08-19 11:41:52 | INFO | ✓ 31/4000 | Queue: 91 | ✅ https://jp.unicharm-mask.com/ja/my-style-mask/artl...
2026-08-19 11:41:53 | INFO | ✓ 32/4000 | Queue: 92 | ✅ https://jp.unicharm-mask.com/ja/my-style-mask/artl...
2026-08-19 11:41:54 | INFO | ✓ 33/4000 | Queue: 91 | ✅ https://jp.unicharm-mask.com/ja/my-style-mask/artl...
2026-08-19 11:41:56 | INFO | ✓ 34/4000 | Queue: 92 | ✅ https://jp.unicharm-mask.com/ja/my-style-mask/artl...
2026-08-19 11:41:57 | INFO | ✓ 35/4000 | Queue: 91 | ✅ https://jp.unicharm-mask.com/ja/my-style-mask/artl...
2026-08-19 11:41:59 | INFO | ✓ 36/4000 | Queue: 90 | ✅ https://jp.unicharm-mask.com/en/products/cho-kaite...
2026-08-19 11:42:00 | INFO | ✓ 37/4000 | Queue: 89 | ✅ https://jp.unicharm-mask.com/en/products/pleats-sl...
2026-08-19 11:42:03 | INFO | ✓ 38/4000 | Queue: 88 | ✅ https://jp.unicharm-mask.com/en/products/pleats-ik...
2026-08-19 11:42:04 | INFO | ✓ 39/4000 | Queue: 87 | ✅ https://jp.unicharm-mask.com/en/products/pleats-bi...
2026-08-19 11:42:06 | INFO | ✓ 40/4000 | Queue: 86 | ✅ https://jp.unicharm-mask.com/en/products/airlish.h...
2026-08-19 11:42:08 | INFO | ✓ 41/4000 | Queue: 85 | ✅ https://jp.unicharm-mask.com/en/products/pleats-ki...
2026-08-19 11:42:10 | INFO | ✓ 42/4000 | Queue: 84 | ✅ https://jp.unicharm-mask.com/en/products/rittai-co...
2026-08-19 11:42:11 | INFO | ✓ 43/4000 | Queue: 83 | ✅ https://jp.unicharm-mask.com/en/products/rittai-st...
2026-08-19 11:42:13 | INFO | ✓ 44/4000 | Queue: 82 | ✅ https://jp.unicharm-mask.com/en/products/rittai-ki...
2026-08-19 11:42:15 | INFO | ✓ 45/4000 | Queue: 81 | ✅ https://jp.unicharm-mask.com/en/products/smart-col...
2026-08-19 11:42:17 | INFO | ✓ 46/4000 | Queue: 80 | ✅ https://jp.unicharm-mask.com/en/products/transpare...
2026-08-19 11:42:18 | INFO | ✓ 47/4000 | Queue: 79 | ✅ https://jp.unicharm-mask.com/ja/products/smart-col...
2026-08-19 11:42:19 | INFO | Checkpoint saved: 47 visited, 0 queued
2026-08-19 11:42:19 | INFO | CRAWL COMPLETE
2026-08-19 11:42:19 | INFO | Total URLs discovered: 47
2026-08-19 11:42:19 | INFO | Status breakdown:
2026-08-19 11:42:19 | INFO | ✅ 200 (Success): 47
2026-08-19 11:42:19 | INFO | Creating sample URLs...
2026-08-19 11:42:19 | INFO | Total URLs in grouped data: 47
2026-08-19 11:42:19 | INFO | Total URLs (47) <= 1000, using ALL URLs
2026-08-19 11:42:19 | INFO | Created urls-sample.json with 47 URLs
2026-08-19 11:42:19 | INFO | Validating urls-sample.json against schema...
✅ VALIDATION PASSED: urls-sample.json matches schema
2026-08-19 11:42:19 | INFO | Schema validation passed
2026-08-19 11:42:19 | INFO | Sample creation complete - urls-sample.json with 47 URLs
