2026-08-19 11:37:06 | INFO | Redirect (301) → https://www.diana.com.vn/vi/home.html
2026-08-19 11:37:06 | INFO | Checking root page for sitemap-like links...
2026-08-19 11:37:06 | INFO | Redirect (301) → https://www.diana.com.vn/vi/home.html
2026-08-19 11:37:06 | INFO | Found 2 sitemap-like candidate(s) on the root page
2026-08-19 11:37:06 | INFO | Trying sitemap candidates...
2026-08-19 11:37:06 | INFO | Trying sitemap candidate: https://www.diana.com.vn/sitemap.xml
2026-08-19 11:37:07 | WARNING | HTTP status: 404
2026-08-19 11:37:07 | INFO | Trying sitemap candidate: https://www.diana.com.vn/sitemap.xml.gz
2026-08-19 11:37:07 | WARNING | HTTP status: 404
2026-08-19 11:37:07 | INFO | Trying sitemap candidate: https://www.diana.com.vn/sitemap_index.xml
2026-08-19 11:37:07 | WARNING | HTTP status: 404
2026-08-19 11:37:07 | INFO | Trying sitemap candidate: https://www.diana.com.vn/sitemap-index.xml
2026-08-19 11:37:07 | WARNING | HTTP status: 404
2026-08-19 11:37:07 | INFO | Trying sitemap candidate: https://www.diana.com.vn/sitemap.txt
2026-08-19 11:37:08 | WARNING | HTTP status: 404
2026-08-19 11:37:08 | INFO | Trying sitemap candidate: https://www.diana.com.vn/vi/site-map.html
2026-08-19 11:37:08 | WARNING | Got 200 but not a valid sitemap. Preview: <!DOCTYPE html PUBLIC "-//W3C//DTD XHTML 1.0 Strict//EN" "http://www.w3.org/TR/xhtml1/DTD/xhtml1-strict.dtd"> <html lang="vi" > <head prefix="og: http://ogp.me/ns#"> <meta http-equiv="Content-Type...
2026-08-19 11:37:08 | INFO | Trying sitemap candidate: https://www.unicharm.vn/vi/site-map.html
2026-08-19 11:37:08 | WARNING | Got 200 but not a valid sitemap. Preview: <!DOCTYPE html PUBLIC "-//W3C//DTD XHTML 1.0 Strict//EN" "http://www.w3.org/TR/xhtml1/DTD/xhtml1-strict.dtd"> <html lang="vi" > <head prefix="og: http://ogp.me/ns#"> <meta http-equiv="Content-Type...
2026-08-19 11:37:08 | INFO | Checking robots.txt for sitemap references...
2026-08-19 11:37:08 | INFO | Found 1 sitemap(s) in robots.txt
2026-08-19 11:37:08 | INFO | Processing 1 unique sitemap(s) from robots.txt...
2026-08-19 11:37:08 | INFO | [1/1] Fetching sitemap: https://www.diana.com.vn/vi/sitemap.xml
2026-08-19 11:37:08 | INFO | Fetched sitemap successfully (urlset)
2026-08-19 11:37:08 | INFO | Successfully fetched 1 sitemap(s)
2026-08-19 11:37:08 | INFO | Fetching sitemap for site root: https://www.diana.com.vn
2026-08-19 11:37:08 | INFO | Processing 1 sitemap(s)...
2026-08-19 11:37:08 | INFO | [1/1] Processing sitemap: https://www.diana.com.vn/vi/sitemap.xml
2026-08-19 11:37:08 | INFO | Sitemap type: urlset
2026-08-19 11:37:08 | INFO | Extracted 170 URLs
2026-08-19 11:37:08 | INFO | Sitemap fetch complete
2026-08-19 11:37:08 | INFO | Total sitemaps processed: 1
2026-08-19 11:37:08 | INFO | Total URLs discovered: 170
2026-08-19 11:37:08 | INFO | Sitemap location 1: https://www.diana.com.vn/vi/sitemap.xml
2026-08-19 11:37:09 | INFO | Creating sample URLs...
2026-08-19 11:37:09 | INFO | Total URLs in grouped data: 171
2026-08-19 11:37:09 | INFO | Total URLs (171) <= 1000, using ALL URLs
2026-08-19 11:37:09 | INFO | Created urls-sample.json with 171 URLs
2026-08-19 11:37:09 | INFO | Validating urls-sample.json against schema...
✅ VALIDATION PASSED: urls-sample.json matches schema
2026-08-19 11:37:09 | INFO | Schema validation passed
2026-08-19 11:37:09 | INFO | Sample creation complete - urls-sample.json with 171 URLs
