2026-08-19 11:36:45 | INFO | Redirect (301) → https://bh.babyjoyclub.com/ar/home.html
2026-08-19 11:36:46 | INFO | Checking root page for sitemap-like links...
2026-08-19 11:36:46 | INFO | Redirect (301) → https://bh.babyjoyclub.com/ar/home.html
2026-08-19 11:36:46 | INFO | Found 2 sitemap-like candidate(s) on the root page
2026-08-19 11:36:46 | INFO | Trying sitemap candidates...
2026-08-19 11:36:46 | INFO | Trying sitemap candidate: https://bh.babyjoyclub.com/sitemap.xml
2026-08-19 11:36:46 | WARNING | HTTP status: 404
2026-08-19 11:36:46 | INFO | Trying sitemap candidate: https://bh.babyjoyclub.com/sitemap.xml.gz
2026-08-19 11:36:46 | WARNING | HTTP status: 404
2026-08-19 11:36:46 | INFO | Trying sitemap candidate: https://bh.babyjoyclub.com/sitemap_index.xml
2026-08-19 11:36:47 | WARNING | HTTP status: 404
2026-08-19 11:36:47 | INFO | Trying sitemap candidate: https://bh.babyjoyclub.com/sitemap-index.xml
2026-08-19 11:36:47 | WARNING | HTTP status: 404
2026-08-19 11:36:47 | INFO | Trying sitemap candidate: https://bh.babyjoyclub.com/sitemap.txt
2026-08-19 11:36:47 | WARNING | HTTP status: 404
2026-08-19 11:36:47 | INFO | Trying sitemap candidate: https://bh.babyjoyclub.com/ar/site-map.html
2026-08-19 11:36:47 | WARNING | Got 200 but not a valid sitemap. Preview: <!DOCTYPE html PUBLIC "-//W3C//DTD XHTML 1.0 Strict//EN" "http://www.w3.org/TR/xhtml1/DTD/xhtml1-strict.dtd"> <html lang="ar" dir="rtl" > <head prefix="og: http://ogp.me/ns#"> <meta http-equiv="Co...
2026-08-19 11:36:47 | INFO | Trying sitemap candidate: http://www.unicharm.com.sa/sitemap/index.html
2026-08-19 11:36:48 | INFO | Redirect (301) → https://www.unicharm.com.sa/sitemap/index.html
2026-08-19 11:36:48 | INFO | Redirect (301) → https://www.unicharm.com.sa/ar/site-map.html
2026-08-19 11:36:48 | WARNING | Got 200 but not a valid sitemap. Preview: <!DOCTYPE html PUBLIC "-//W3C//DTD XHTML 1.0 Strict//EN" "http://www.w3.org/TR/xhtml1/DTD/xhtml1-strict.dtd"> <html lang="ar" dir="rtl" > <head prefix="og: http://ogp.me/ns#"> <meta http-equiv="Co...
2026-08-19 11:36:48 | INFO | Checking robots.txt for sitemap references...
2026-08-19 11:36:48 | INFO | Found 2 sitemap(s) in robots.txt
2026-08-19 11:36:48 | INFO | Processing 2 unique sitemap(s) from robots.txt...
2026-08-19 11:36:48 | INFO | [1/2] Fetching sitemap: https://bh.babyjoyclub.com/ar/sitemap.xml
2026-08-19 11:36:49 | WARNING | HTTP status: 404
2026-08-19 11:36:49 | WARNING | Failed to fetch sitemap (status: 404)
2026-08-19 11:36:49 | INFO | [2/2] Fetching sitemap: https://bh.babyjoyclub.com/en/sitemap.xml
2026-08-19 11:36:49 | WARNING | HTTP status: 404
2026-08-19 11:36:49 | WARNING | Failed to fetch sitemap (status: 404)
2026-08-19 11:36:49 | INFO | Retrying sitemap discovery with alternate root: https://www.bh.babyjoyclub.com
2026-08-19 11:36:49 | INFO | Checking root page for sitemap-like links...
2026-08-19 11:36:49 | WARNING | Fetch error: fetch failed
2026-08-19 11:36:49 | INFO | Trying sitemap candidates...
2026-08-19 11:36:49 | INFO | Trying sitemap candidate: https://www.bh.babyjoyclub.com/sitemap.xml
2026-08-19 11:36:49 | WARNING | Fetch error: fetch failed
2026-08-19 11:36:49 | INFO | Trying sitemap candidate: https://www.bh.babyjoyclub.com/sitemap.xml.gz
2026-08-19 11:36:49 | WARNING | Fetch error: fetch failed
2026-08-19 11:36:49 | INFO | Trying sitemap candidate: https://www.bh.babyjoyclub.com/sitemap_index.xml
2026-08-19 11:36:49 | WARNING | Fetch error: fetch failed
2026-08-19 11:36:49 | INFO | Trying sitemap candidate: https://www.bh.babyjoyclub.com/sitemap-index.xml
2026-08-19 11:36:49 | WARNING | Fetch error: fetch failed
2026-08-19 11:36:49 | INFO | Trying sitemap candidate: https://www.bh.babyjoyclub.com/sitemap.txt
2026-08-19 11:36:49 | WARNING | Fetch error: fetch failed
2026-08-19 11:36:49 | INFO | Checking robots.txt for sitemap references...
2026-08-19 11:36:49 | WARNING | Fetch error: fetch failed
2026-08-19 11:36:49 | INFO | Fetching sitemap for site root: https://bh.babyjoyclub.com
2026-08-19 11:36:49 | ERROR | No sitemap found
2026-08-19 11:36:49 | INFO | Tried standard locations and robots.txt references.
2026-08-19 11:36:49 | WARNING | No sitemap found for https://bh.babyjoyclub.com - will need to use crawler fallback
2026-08-19 11:36:50 | INFO | Site crawler starting
2026-08-19 11:36:50 | INFO | Starting crawl: https://bh.babyjoyclub.com
2026-08-19 11:36:50 | INFO | Max pages: 4000, Delay: 300ms, Timeout: 15000ms
2026-08-19 11:36:50 | INFO | Max retries per URL: 2
2026-08-19 11:36:51 | INFO | Robots.txt disallow rules found: 1
2026-08-19 11:36:51 | INFO | ✓ 1/4000 | Queue: 29 | ✅ https://bh.babyjoyclub.com/...
2026-08-19 11:36:51 | INFO | ✓ 2/4000 | Queue: 28 | ✅ https://bh.babyjoyclub.com/ar/home.html...
2026-08-19 11:36:52 | INFO | ✓ 3/4000 | Queue: 31 | ✅ https://bh.babyjoyclub.com/ar/shop.html...
2026-08-19 11:36:53 | INFO | ✓ 4/4000 | Queue: 50 | ✅ https://bh.babyjoyclub.com/en/home.html...
2026-08-19 11:36:53 | INFO | ✓ 5/4000 | Queue: 49 | ✅ https://bh.babyjoyclub.com/ar/about.html...
2026-08-19 11:36:54 | INFO | ✓ 6/4000 | Queue: 49 | ✅ https://bh.babyjoyclub.com/ar/about/who-is-joy.htm...
2026-08-19 11:36:55 | INFO | ✓ 7/4000 | Queue: 48 | ✅ https://bh.babyjoyclub.com/ar/products.html...
2026-08-19 11:36:56 | INFO | ✓ 8/4000 | Queue: 48 | ✅ https://bh.babyjoyclub.com/ar/products/search.html...
2026-08-19 11:36:57 | INFO | ✓ 9/4000 | Queue: 47 | ✅ https://bh.babyjoyclub.com/ar/video.html...
2026-08-19 11:36:57 | INFO | ✓ 10/4000 | Queue: 46 | ✅ https://bh.babyjoyclub.com/ar/news.html...
2026-08-19 11:36:58 | INFO | ✓ 11/4000 | Queue: 45 | ✅ https://bh.babyjoyclub.com/ar/products/bjc-culotte...
2026-08-19 11:36:59 | INFO | ✓ 12/4000 | Queue: 44 | ✅ https://bh.babyjoyclub.com/ar/products/bj-compress...
2026-08-19 11:37:00 | INFO | ✓ 13/4000 | Queue: 43 | ✅ https://bh.babyjoyclub.com/ar/products/bj-compress...
2026-08-19 11:37:00 | INFO | Skipped by robots.txt: https://bh.babyjoyclub.com/shareparts/ar/modal/product/bjc-culotte-mod...
2026-08-19 11:37:00 | INFO | Skipped by robots.txt: https://bh.babyjoyclub.com/shareparts/ar/modal/product/bj-compressed-m...
2026-08-19 11:37:00 | INFO | ✓ 14/4000 | Queue: 41 | ✅ https://bh.babyjoyclub.com/ar/news/19092017.html...
2026-08-19 11:37:01 | INFO | ✓ 15/4000 | Queue: 40 | ✅ https://bh.babyjoyclub.com/ar/products/bj-compress...
2026-08-19 11:37:02 | INFO | ✓ 16/4000 | Queue: 40 | ✅ https://bh.babyjoyclub.com/ar/products/bj-compress...
2026-08-19 11:37:03 | INFO | ✓ 17/4000 | Queue: 74 | ✅ https://bh.babyjoyclub.com/en/global.html...
2026-08-19 11:37:03 | INFO | ✓ 18/4000 | Queue: 74 | ✅ https://bh.babyjoyclub.com/ar/site-map.html...
2026-08-19 11:37:04 | INFO | ✓ 19/4000 | Queue: 74 | ✅ https://bh.babyjoyclub.com/ar/contact.html...
2026-08-19 11:37:05 | INFO | ✓ 20/4000 | Queue: 71 | ✅ https://bh.babyjoyclub.com/en/shop.html...
2026-08-19 11:37:06 | INFO | ✓ 21/4000 | Queue: 67 | ✅ https://bh.babyjoyclub.com/en/about.html...
2026-08-19 11:37:06 | INFO | ✓ 22/4000 | Queue: 66 | ✅ https://bh.babyjoyclub.com/en/about/who-is-joy.htm...
2026-08-19 11:37:07 | INFO | ✓ 23/4000 | Queue: 65 | ✅ https://bh.babyjoyclub.com/en/products.html...
2026-08-19 11:37:08 | INFO | ✓ 24/4000 | Queue: 65 | ✅ https://bh.babyjoyclub.com/en/products/search.html...
2026-08-19 11:37:09 | INFO | ✓ 25/4000 | Queue: 64 | ✅ https://bh.babyjoyclub.com/en/video.html...
2026-08-19 11:37:10 | INFO | ✓ 26/4000 | Queue: 63 | ✅ https://bh.babyjoyclub.com/en/news.html...
2026-08-19 11:37:10 | INFO | Skipped by robots.txt: https://bh.babyjoyclub.com/shareparts/en/modal/product/bjc-culotte-mod...
2026-08-19 11:37:10 | INFO | ✓ 27/4000 | Queue: 61 | ✅ https://bh.babyjoyclub.com/en/products/bjc-culotte...
2026-08-19 11:37:11 | INFO | ✓ 28/4000 | Queue: 60 | ✅ https://bh.babyjoyclub.com/en/products/bj-compress...
2026-08-19 11:37:11 | INFO | Skipped by robots.txt: https://bh.babyjoyclub.com/shareparts/en/modal/product/bj-compressed-m...
2026-08-19 11:37:11 | INFO | Skipped by robots.txt: https://bh.babyjoyclub.com/shareparts/en/modal/product/bjc-culotte-mod...
2026-08-19 11:37:12 | INFO | ✓ 29/4000 | Queue: 57 | ✅ https://bh.babyjoyclub.com/en/news/19092017.html...
2026-08-19 11:37:12 | INFO | ✓ 30/4000 | Queue: 56 | ✅ https://bh.babyjoyclub.com/en/products/bj-compress...
2026-08-19 11:37:13 | INFO | ✓ 31/4000 | Queue: 55 | ✅ https://bh.babyjoyclub.com/en/products/bj-compress...
2026-08-19 11:37:14 | INFO | ✓ 32/4000 | Queue: 55 | ✅ https://bh.babyjoyclub.com/en/site-map.html...
2026-08-19 11:37:14 | INFO | ✓ 33/4000 | Queue: 54 | ✅ https://bh.babyjoyclub.com/en/contact.html...
2026-08-19 11:37:16 | INFO | ✓ 34/4000 | Queue: 54 | ✅ https://bh.babyjoyclub.com/ar/about./shop...
2026-08-19 11:37:17 | INFO | ✓ 35/4000 | Queue: 55 | ✅ https://bh.babyjoyclub.com/ar/products./shop...
2026-08-19 11:37:18 | INFO | ✓ 36/4000 | Queue: 54 | ✅ https://bh.babyjoyclub.com/ar/news./shop...
2026-08-19 11:37:19 | INFO | ✓ 37/4000 | Queue: 53 | ⚠️ https://bh.babyjoyclub.com/ar/products/bj-tape-m-j...
2026-08-19 11:37:19 | INFO | ✓ 38/4000 | Queue: 27 | ✅ https://bh.babyjoyclub.com/ar/home.html?utm_source...
2026-08-19 11:37:19 | INFO | ✓ 39/4000 | Queue: 32 | ✅ https://bh.babyjoyclub.com/en/home.html?utm_source...
2026-08-19 11:37:20 | INFO | ✓ 40/4000 | Queue: 25 | ✅ https://bh.babyjoyclub.com/ar/privacy-policy.html...
2026-08-19 11:37:21 | INFO | ✓ 41/4000 | Queue: 23 | ✅ https://bh.babyjoyclub.com/en/privacy-policy.html...
2026-08-19 11:37:22 | INFO | ✓ 42/4000 | Queue: 23 | ✅ https://bh.babyjoyclub.com/ar/about./about/who-is-...
2026-08-19 11:37:22 | INFO | Skipped by robots.txt: https://bh.babyjoyclub.com/shareparts/ar/modal/product/bj-compressed-m...
2026-08-19 11:37:22 | INFO | Skipped by robots.txt: https://bh.babyjoyclub.com/shareparts/ar/modal/product/bjc-culotte-mod...
2026-08-19 11:37:22 | INFO | Skipped by robots.txt: https://bh.babyjoyclub.com/shareparts/en/modal/product/bjc-culotte-mod...
2026-08-19 11:37:22 | INFO | Skipped by robots.txt: https://bh.babyjoyclub.com/shareparts/en/modal/product/bj-compressed-m...
2026-08-19 11:37:22 | INFO | Skipped by robots.txt: https://bh.babyjoyclub.com/shareparts/en/modal/product/bjc-culotte-mod...
2026-08-19 11:37:23 | INFO | ✓ 43/4000 | Queue: 15 | ✅ https://bh.babyjoyclub.com/ar/privacy-policy/cooki...
2026-08-19 11:37:23 | INFO | ✓ 44/4000 | Queue: 16 | ✅ https://bh.babyjoyclub.com/en/privacy-policy/cooki...
2026-08-19 11:37:24 | INFO | ✓ 45/4000 | Queue: 15 | ✅ https://bh.babyjoyclub.com/ar/about./about/about/w...
2026-08-19 11:37:25 | INFO | ✓ 46/4000 | Queue: 15 | ✅ https://bh.babyjoyclub.com/ar/privacy-policy./shop...
2026-08-19 11:37:26 | INFO | ✓ 47/4000 | Queue: 11 | ✅ https://bh.babyjoyclub.com/ar/about./about/about/a...
2026-08-19 11:37:26 | INFO | ✓ 48/4000 | Queue: 10 | ✅ https://bh.babyjoyclub.com/ar/about./about/about/a...
2026-08-19 11:37:27 | INFO | ✓ 49/4000 | Queue: 10 | ✅ https://bh.babyjoyclub.com/ar/about./about/about/a...
2026-08-19 11:37:28 | INFO | ✓ 50/4000 | Queue: 10 | ✅ https://bh.babyjoyclub.com/ar/about./about/about/a...
2026-08-19 11:37:28 | INFO | ✓ 51/4000 | Queue: 10 | ✅ https://bh.babyjoyclub.com/ar/about./about/about/a...
2026-08-19 11:37:29 | INFO | ✓ 52/4000 | Queue: 10 | ✅ https://bh.babyjoyclub.com/ar/about./about/about/a...
2026-08-19 11:37:30 | INFO | ✓ 53/4000 | Queue: 10 | ✅ https://bh.babyjoyclub.com/ar/about./about/about/a...
2026-08-19 11:37:30 | INFO | ✓ 54/4000 | Queue: 10 | ✅ https://bh.babyjoyclub.com/ar/about./about/about/a...
2026-08-19 11:37:31 | INFO | ✓ 55/4000 | Queue: 10 | ✅ https://bh.babyjoyclub.com/ar/about./about/about/a...
2026-08-19 11:37:32 | INFO | ✓ 56/4000 | Queue: 10 | ✅ https://bh.babyjoyclub.com/ar/about./about/about/a...
2026-08-19 11:37:32 | INFO | ✓ 57/4000 | Queue: 10 | ✅ https://bh.babyjoyclub.com/ar/about./about/about/a...
2026-08-19 11:37:33 | INFO | ✓ 58/4000 | Queue: 10 | ✅ https://bh.babyjoyclub.com/ar/about./about/about/a...
2026-08-19 11:37:34 | INFO | ✓ 59/4000 | Queue: 10 | ✅ https://bh.babyjoyclub.com/ar/about./about/about/a...
2026-08-19 11:37:34 | INFO | ✓ 60/4000 | Queue: 10 | ✅ https://bh.babyjoyclub.com/ar/about./about/about/a...
2026-08-19 11:37:35 | INFO | ✓ 61/4000 | Queue: 10 | ✅ https://bh.babyjoyclub.com/ar/about./about/about/a...
2026-08-19 11:37:35 | INFO | ✓ 62/4000 | Queue: 10 | ✅ https://bh.babyjoyclub.com/ar/about./about/about/a...
2026-08-19 11:37:36 | INFO | ✓ 63/4000 | Queue: 10 | ✅ https://bh.babyjoyclub.com/ar/about./about/about/a...
2026-08-19 11:37:37 | INFO | ✓ 64/4000 | Queue: 10 | ✅ https://bh.babyjoyclub.com/ar/about./about/about/a...
2026-08-19 11:37:37 | INFO | ✓ 65/4000 | Queue: 10 | ✅ https://bh.babyjoyclub.com/ar/about./about/about/a...
2026-08-19 11:37:38 | INFO | ✓ 66/4000 | Queue: 10 | ✅ https://bh.babyjoyclub.com/ar/about./about/about/a...
2026-08-19 11:37:39 | INFO | ✓ 67/4000 | Queue: 10 | ✅ https://bh.babyjoyclub.com/ar/about./about/about/a...
2026-08-19 11:37:39 | INFO | ✓ 68/4000 | Queue: 10 | ✅ https://bh.babyjoyclub.com/ar/about./about/about/a...
2026-08-19 11:37:40 | INFO | ✓ 69/4000 | Queue: 10 | ✅ https://bh.babyjoyclub.com/ar/about./about/about/a...
2026-08-19 11:37:40 | INFO | ✓ 70/4000 | Queue: 10 | ✅ https://bh.babyjoyclub.com/ar/about./about/about/a...
2026-08-19 11:37:41 | INFO | ✓ 71/4000 | Queue: 10 | ✅ https://bh.babyjoyclub.com/ar/about./about/about/a...
2026-08-19 11:37:42 | INFO | ✓ 72/4000 | Queue: 10 | ✅ https://bh.babyjoyclub.com/ar/about./about/about/a...
2026-08-19 11:37:42 | INFO | ✓ 73/4000 | Queue: 10 | ✅ https://bh.babyjoyclub.com/ar/about./about/about/a...
2026-08-19 11:37:43 | INFO | ✓ 74/4000 | Queue: 10 | ✅ https://bh.babyjoyclub.com/ar/about./about/about/a...
2026-08-19 11:37:44 | INFO | ✓ 75/4000 | Queue: 10 | ✅ https://bh.babyjoyclub.com/ar/about./about/about/a...
2026-08-19 11:37:44 | INFO | ✓ 76/4000 | Queue: 10 | ✅ https://bh.babyjoyclub.com/ar/about./about/about/a...
2026-08-19 11:37:45 | INFO | ✓ 77/4000 | Queue: 10 | ✅ https://bh.babyjoyclub.com/ar/about./about/about/a...
2026-08-19 11:37:46 | INFO | ✓ 78/4000 | Queue: 10 | ✅ https://bh.babyjoyclub.com/ar/about./about/about/a...
2026-08-19 11:37:46 | INFO | ✓ 79/4000 | Queue: 10 | ✅ https://bh.babyjoyclub.com/ar/about./about/about/a...
2026-08-19 11:37:47 | INFO | ✓ 80/4000 | Queue: 10 | ✅ https://bh.babyjoyclub.com/ar/about./about/about/a...
2026-08-19 11:37:47 | INFO | ✓ 81/4000 | Queue: 10 | ✅ https://bh.babyjoyclub.com/ar/about./about/about/a...
2026-08-19 11:37:48 | INFO | ✓ 82/4000 | Queue: 10 | ✅ https://bh.babyjoyclub.com/ar/about./about/about/a...
2026-08-19 11:37:49 | INFO | ✓ 83/4000 | Queue: 10 | ✅ https://bh.babyjoyclub.com/ar/about./about/about/a...
2026-08-19 11:37:49 | INFO | ✓ 84/4000 | Queue: 10 | ✅ https://bh.babyjoyclub.com/ar/about./about/about/a...
2026-08-19 11:37:50 | INFO | ✓ 85/4000 | Queue: 10 | ✅ https://bh.babyjoyclub.com/ar/about./about/about/a...
2026-08-19 11:37:51 | INFO | ✓ 86/4000 | Queue: 10 | ✅ https://bh.babyjoyclub.com/ar/about./about/about/a...
2026-08-19 11:37:51 | INFO | ✓ 87/4000 | Queue: 10 | ✅ https://bh.babyjoyclub.com/ar/about./about/about/a...
2026-08-19 11:37:52 | INFO | ✓ 88/4000 | Queue: 10 | ✅ https://bh.babyjoyclub.com/ar/about./about/about/a...
2026-08-19 11:37:53 | INFO | ✓ 89/4000 | Queue: 10 | ✅ https://bh.babyjoyclub.com/ar/about./about/about/a...
2026-08-19 11:37:53 | INFO | ✓ 90/4000 | Queue: 10 | ✅ https://bh.babyjoyclub.com/ar/about./about/about/a...
2026-08-19 11:37:54 | INFO | ✓ 91/4000 | Queue: 10 | ✅ https://bh.babyjoyclub.com/ar/about./about/about/a...
2026-08-19 11:37:54 | INFO | ✓ 92/4000 | Queue: 10 | ✅ https://bh.babyjoyclub.com/ar/about./about/about/a...
2026-08-19 11:37:55 | INFO | ✓ 93/4000 | Queue: 10 | ✅ https://bh.babyjoyclub.com/ar/about./about/about/a...
2026-08-19 11:37:56 | INFO | ✓ 94/4000 | Queue: 10 | ✅ https://bh.babyjoyclub.com/ar/about./about/about/a...
2026-08-19 11:37:56 | INFO | ✓ 95/4000 | Queue: 10 | ✅ https://bh.babyjoyclub.com/ar/about./about/about/a...
2026-08-19 11:37:57 | INFO | ✓ 96/4000 | Queue: 10 | ✅ https://bh.babyjoyclub.com/ar/about./about/about/a...
2026-08-19 11:37:58 | INFO | ✓ 97/4000 | Queue: 10 | ✅ https://bh.babyjoyclub.com/ar/about./about/about/a...
2026-08-19 11:37:58 | INFO | ✓ 98/4000 | Queue: 10 | ✅ https://bh.babyjoyclub.com/ar/about./about/about/a...
2026-08-19 11:37:59 | INFO | ✓ 99/4000 | Queue: 10 | ✅ https://bh.babyjoyclub.com/ar/about./about/about/a...
2026-08-19 11:37:59 | INFO | ✓ 100/4000 | Queue: 10 | ✅ https://bh.babyjoyclub.com/ar/about./about/about/a...
2026-08-19 11:37:59 | INFO | Checkpoint saved: 100 visited, 10 queued
2026-08-19 11:38:00 | INFO | ✓ 101/4000 | Queue: 10 | ✅ https://bh.babyjoyclub.com/ar/about./about/about/a...
2026-08-19 11:38:01 | INFO | ✓ 102/4000 | Queue: 10 | ✅ https://bh.babyjoyclub.com/ar/about./about/about/a...
2026-08-19 11:38:01 | INFO | ✓ 103/4000 | Queue: 10 | ✅ https://bh.babyjoyclub.com/ar/about./about/about/a...
2026-08-19 11:38:02 | INFO | ✓ 104/4000 | Queue: 10 | ✅ https://bh.babyjoyclub.com/ar/about./about/about/a...
2026-08-19 11:38:03 | INFO | ✓ 105/4000 | Queue: 10 | ✅ https://bh.babyjoyclub.com/ar/about./about/about/a...
2026-08-19 11:38:03 | INFO | ✓ 106/4000 | Queue: 10 | ✅ https://bh.babyjoyclub.com/ar/about./about/about/a...
2026-08-19 11:38:04 | INFO | ✓ 107/4000 | Queue: 10 | ✅ https://bh.babyjoyclub.com/ar/about./about/about/a...
2026-08-19 11:38:05 | INFO | ✓ 108/4000 | Queue: 10 | ✅ https://bh.babyjoyclub.com/ar/about./about/about/a...
2026-08-19 11:38:06 | INFO | ✓ 109/4000 | Queue: 10 | ✅ https://bh.babyjoyclub.com/ar/about./about/about/a...
2026-08-19 11:38:06 | INFO | ✓ 110/4000 | Queue: 10 | ✅ https://bh.babyjoyclub.com/ar/about./about/about/a...
2026-08-19 11:38:07 | INFO | ✓ 111/4000 | Queue: 10 | ✅ https://bh.babyjoyclub.com/ar/about./about/about/a...
2026-08-19 11:38:08 | INFO | ✓ 112/4000 | Queue: 10 | ✅ https://bh.babyjoyclub.com/ar/about./about/about/a...
2026-08-19 11:38:08 | INFO | ✓ 113/4000 | Queue: 10 | ✅ https://bh.babyjoyclub.com/ar/about./about/about/a...
2026-08-19 11:38:09 | INFO | ✓ 114/4000 | Queue: 10 | ✅ https://bh.babyjoyclub.com/ar/about./about/about/a...
2026-08-19 11:38:10 | INFO | ✓ 115/4000 | Queue: 10 | ✅ https://bh.babyjoyclub.com/ar/about./about/about/a...
2026-08-19 11:38:10 | INFO | ✓ 116/4000 | Queue: 10 | ✅ https://bh.babyjoyclub.com/ar/about./about/about/a...
2026-08-19 11:38:11 | INFO | ✓ 117/4000 | Queue: 10 | ✅ https://bh.babyjoyclub.com/ar/about./about/about/a...
2026-08-19 11:38:12 | INFO | ✓ 118/4000 | Queue: 10 | ✅ https://bh.babyjoyclub.com/ar/about./about/about/a...
2026-08-19 11:38:12 | INFO | ✓ 119/4000 | Queue: 10 | ✅ https://bh.babyjoyclub.com/ar/about./about/about/a...
2026-08-19 11:38:13 | INFO | ✓ 120/4000 | Queue: 10 | ✅ https://bh.babyjoyclub.com/ar/about./about/about/a...
2026-08-19 11:38:14 | INFO | ✓ 121/4000 | Queue: 10 | ✅ https://bh.babyjoyclub.com/ar/about./about/about/a...
2026-08-19 11:38:14 | INFO | ✓ 122/4000 | Queue: 10 | ✅ https://bh.babyjoyclub.com/ar/about./about/about/a...
2026-08-19 11:38:15 | INFO | ✓ 123/4000 | Queue: 10 | ✅ https://bh.babyjoyclub.com/ar/about./about/about/a...
2026-08-19 11:38:15 | INFO | ✓ 124/4000 | Queue: 10 | ✅ https://bh.babyjoyclub.com/ar/about./about/about/a...
2026-08-19 11:38:16 | INFO | ✓ 125/4000 | Queue: 10 | ✅ https://bh.babyjoyclub.com/ar/about./about/about/a...
2026-08-19 11:38:17 | INFO | ✓ 126/4000 | Queue: 10 | ✅ https://bh.babyjoyclub.com/ar/about./about/about/a...
2026-08-19 11:38:17 | INFO | ✓ 127/4000 | Queue: 10 | ✅ https://bh.babyjoyclub.com/ar/about./about/about/a...
2026-08-19 11:38:18 | INFO | ✓ 128/4000 | Queue: 10 | ✅ https://bh.babyjoyclub.com/ar/about./about/about/a...
2026-08-19 11:38:19 | INFO | ✓ 129/4000 | Queue: 10 | ✅ https://bh.babyjoyclub.com/ar/about./about/about/a...
2026-08-19 11:38:19 | INFO | ✓ 130/4000 | Queue: 10 | ✅ https://bh.babyjoyclub.com/ar/about./about/about/a...
2026-08-19 11:38:20 | INFO | ✓ 131/4000 | Queue: 10 | ✅ https://bh.babyjoyclub.com/ar/about./about/about/a...
2026-08-19 11:38:21 | INFO | ✓ 132/4000 | Queue: 10 | ✅ https://bh.babyjoyclub.com/ar/about./about/about/a...
2026-08-19 11:38:21 | INFO | ✓ 133/4000 | Queue: 10 | ✅ https://bh.babyjoyclub.com/ar/about./about/about/a...
2026-08-19 11:38:22 | INFO | ✓ 134/4000 | Queue: 10 | ✅ https://bh.babyjoyclub.com/ar/about./about/about/a...
2026-08-19 11:38:22 | INFO | ✓ 135/4000 | Queue: 10 | ✅ https://bh.babyjoyclub.com/ar/about./about/about/a...
2026-08-19 11:38:23 | INFO | ✓ 136/4000 | Queue: 10 | ✅ https://bh.babyjoyclub.com/ar/about./about/about/a...
2026-08-19 11:38:24 | INFO | ✓ 137/4000 | Queue: 10 | ✅ https://bh.babyjoyclub.com/ar/about./about/about/a...
2026-08-19 11:38:24 | INFO | ✓ 138/4000 | Queue: 10 | ✅ https://bh.babyjoyclub.com/ar/about./about/about/a...
2026-08-19 11:38:25 | INFO | ✓ 139/4000 | Queue: 10 | ✅ https://bh.babyjoyclub.com/ar/about./about/about/a...
2026-08-19 11:38:25 | INFO | ✓ 140/4000 | Queue: 10 | ✅ https://bh.babyjoyclub.com/ar/about./about/about/a...
2026-08-19 11:38:26 | INFO | ✓ 141/4000 | Queue: 10 | ✅ https://bh.babyjoyclub.com/ar/about./about/about/a...
2026-08-19 11:38:27 | INFO | ✓ 142/4000 | Queue: 10 | ✅ https://bh.babyjoyclub.com/ar/about./about/about/a...
2026-08-19 11:38:27 | INFO | ✓ 143/4000 | Queue: 10 | ✅ https://bh.babyjoyclub.com/ar/about./about/about/a...
2026-08-19 11:38:28 | INFO | ✓ 144/4000 | Queue: 10 | ✅ https://bh.babyjoyclub.com/ar/about./about/about/a...
2026-08-19 11:38:29 | INFO | ✓ 145/4000 | Queue: 10 | ✅ https://bh.babyjoyclub.com/ar/about./about/about/a...
2026-08-19 11:38:29 | INFO | ✓ 146/4000 | Queue: 10 | ✅ https://bh.babyjoyclub.com/ar/about./about/about/a...
2026-08-19 11:38:30 | INFO | ✓ 147/4000 | Queue: 10 | ✅ https://bh.babyjoyclub.com/ar/about./about/about/a...
2026-08-19 11:38:31 | INFO | ✓ 148/4000 | Queue: 10 | ✅ https://bh.babyjoyclub.com/ar/about./about/about/a...
2026-08-19 11:38:31 | INFO | ✓ 149/4000 | Queue: 10 | ✅ https://bh.babyjoyclub.com/ar/about./about/about/a...
2026-08-19 11:38:32 | INFO | ✓ 150/4000 | Queue: 10 | ✅ https://bh.babyjoyclub.com/ar/about./about/about/a...
2026-08-19 11:38:32 | INFO | ✓ 151/4000 | Queue: 10 | ✅ https://bh.babyjoyclub.com/ar/about./about/about/a...
2026-08-19 11:38:33 | INFO | ✓ 152/4000 | Queue: 10 | ✅ https://bh.babyjoyclub.com/ar/about./about/about/a...
2026-08-19 11:38:34 | INFO | ✓ 153/4000 | Queue: 10 | ✅ https://bh.babyjoyclub.com/ar/about./about/about/a...
2026-08-19 11:38:34 | INFO | ✓ 154/4000 | Queue: 10 | ✅ https://bh.babyjoyclub.com/ar/about./about/about/a...
2026-08-19 11:38:35 | INFO | ✓ 155/4000 | Queue: 10 | ✅ https://bh.babyjoyclub.com/ar/about./about/about/a...
2026-08-19 11:38:35 | INFO | ✓ 156/4000 | Queue: 10 | ✅ https://bh.babyjoyclub.com/ar/about./about/about/a...
2026-08-19 11:38:36 | INFO | ✓ 157/4000 | Queue: 10 | ✅ https://bh.babyjoyclub.com/ar/about./about/about/a...
2026-08-19 11:38:37 | INFO | ✓ 158/4000 | Queue: 10 | ✅ https://bh.babyjoyclub.com/ar/about./about/about/a...
2026-08-19 11:38:37 | INFO | ✓ 159/4000 | Queue: 10 | ✅ https://bh.babyjoyclub.com/ar/about./about/about/a...
2026-08-19 11:38:38 | INFO | ✓ 160/4000 | Queue: 10 | ✅ https://bh.babyjoyclub.com/ar/about./about/about/a...
2026-08-19 11:38:39 | INFO | ✓ 161/4000 | Queue: 10 | ✅ https://bh.babyjoyclub.com/ar/about./about/about/a...
2026-08-19 11:38:39 | INFO | ✓ 162/4000 | Queue: 10 | ✅ https://bh.babyjoyclub.com/ar/about./about/about/a...
2026-08-19 11:38:40 | INFO | ✓ 163/4000 | Queue: 10 | ✅ https://bh.babyjoyclub.com/ar/about./about/about/a...
2026-08-19 11:38:40 | INFO | ✓ 164/4000 | Queue: 10 | ✅ https://bh.babyjoyclub.com/ar/about./about/about/a...
2026-08-19 11:38:41 | INFO | ✓ 165/4000 | Queue: 10 | ✅ https://bh.babyjoyclub.com/ar/about./about/about/a...
2026-08-19 11:38:42 | INFO | ✓ 166/4000 | Queue: 10 | ✅ https://bh.babyjoyclub.com/ar/about./about/about/a...
2026-08-19 11:38:42 | INFO | ✓ 167/4000 | Queue: 10 | ✅ https://bh.babyjoyclub.com/ar/about./about/about/a...
2026-08-19 11:38:43 | INFO | ✓ 168/4000 | Queue: 10 | ✅ https://bh.babyjoyclub.com/ar/about./about/about/a...
2026-08-19 11:38:44 | INFO | ✓ 169/4000 | Queue: 10 | ✅ https://bh.babyjoyclub.com/ar/about./about/about/a...
2026-08-19 11:38:45 | INFO | ✓ 170/4000 | Queue: 10 | ✅ https://bh.babyjoyclub.com/ar/about./about/about/a...
2026-08-19 11:38:45 | INFO | ✓ 171/4000 | Queue: 10 | ✅ https://bh.babyjoyclub.com/ar/about./about/about/a...
2026-08-19 11:38:46 | INFO | ✓ 172/4000 | Queue: 10 | ✅ https://bh.babyjoyclub.com/ar/about./about/about/a...
2026-08-19 11:38:46 | INFO | ✓ 173/4000 | Queue: 10 | ✅ https://bh.babyjoyclub.com/ar/about./about/about/a...
2026-08-19 11:38:47 | INFO | ✓ 174/4000 | Queue: 10 | ✅ https://bh.babyjoyclub.com/ar/about./about/about/a...
2026-08-19 11:38:48 | INFO | ✓ 175/4000 | Queue: 10 | ✅ https://bh.babyjoyclub.com/ar/about./about/about/a...
2026-08-19 11:38:48 | INFO | ✓ 176/4000 | Queue: 10 | ✅ https://bh.babyjoyclub.com/ar/about./about/about/a...
2026-08-19 11:38:49 | INFO | ✓ 177/4000 | Queue: 10 | ✅ https://bh.babyjoyclub.com/ar/about./about/about/a...
2026-08-19 11:38:50 | INFO | ✓ 178/4000 | Queue: 10 | ✅ https://bh.babyjoyclub.com/ar/about./about/about/a...
2026-08-19 11:38:50 | INFO | ✓ 179/4000 | Queue: 10 | ✅ https://bh.babyjoyclub.com/ar/about./about/about/a...
2026-08-19 11:38:51 | INFO | ✓ 180/4000 | Queue: 10 | ✅ https://bh.babyjoyclub.com/ar/about./about/about/a...
2026-08-19 11:38:52 | INFO | ✓ 181/4000 | Queue: 10 | ✅ https://bh.babyjoyclub.com/ar/about./about/about/a...
2026-08-19 11:38:52 | INFO | ✓ 182/4000 | Queue: 10 | ✅ https://bh.babyjoyclub.com/ar/about./about/about/a...
2026-08-19 11:38:53 | INFO | ✓ 183/4000 | Queue: 10 | ✅ https://bh.babyjoyclub.com/ar/about./about/about/a...
2026-08-19 11:38:53 | INFO | ✓ 184/4000 | Queue: 10 | ✅ https://bh.babyjoyclub.com/ar/about./about/about/a...
2026-08-19 11:38:54 | INFO | ✓ 185/4000 | Queue: 10 | ✅ https://bh.babyjoyclub.com/ar/about./about/about/a...
2026-08-19 11:38:55 | INFO | ✓ 186/4000 | Queue: 10 | ✅ https://bh.babyjoyclub.com/ar/about./about/about/a...
2026-08-19 11:38:55 | INFO | ✓ 187/4000 | Queue: 10 | ✅ https://bh.babyjoyclub.com/ar/about./about/about/a...
2026-08-19 11:38:56 | INFO | ✓ 188/4000 | Queue: 10 | ✅ https://bh.babyjoyclub.com/ar/about./about/about/a...
2026-08-19 11:38:57 | INFO | ✓ 189/4000 | Queue: 10 | ✅ https://bh.babyjoyclub.com/ar/about./about/about/a...
2026-08-19 11:38:57 | INFO | ✓ 190/4000 | Queue: 10 | ✅ https://bh.babyjoyclub.com/ar/about./about/about/a...
2026-08-19 11:38:58 | INFO | ✓ 191/4000 | Queue: 10 | ✅ https://bh.babyjoyclub.com/ar/about./about/about/a...
2026-08-19 11:38:59 | INFO | ✓ 192/4000 | Queue: 10 | ✅ https://bh.babyjoyclub.com/ar/about./about/about/a...
2026-08-19 11:38:59 | INFO | ✓ 193/4000 | Queue: 10 | ✅ https://bh.babyjoyclub.com/ar/about./about/about/a...
2026-08-19 11:39:00 | INFO | ✓ 194/4000 | Queue: 10 | ✅ https://bh.babyjoyclub.com/ar/about./about/about/a...
2026-08-19 11:39:01 | INFO | ✓ 195/4000 | Queue: 10 | ✅ https://bh.babyjoyclub.com/ar/about./about/about/a...
2026-08-19 11:39:01 | INFO | ✓ 196/4000 | Queue: 10 | ✅ https://bh.babyjoyclub.com/ar/about./about/about/a...
2026-08-19 11:39:02 | INFO | ✓ 197/4000 | Queue: 10 | ✅ https://bh.babyjoyclub.com/ar/about./about/about/a...
2026-08-19 11:39:02 | INFO | ✓ 198/4000 | Queue: 10 | ✅ https://bh.babyjoyclub.com/ar/about./about/about/a...
2026-08-19 11:39:03 | INFO | ✓ 199/4000 | Queue: 10 | ✅ https://bh.babyjoyclub.com/ar/about./about/about/a...
2026-08-19 11:39:04 | INFO | ✓ 200/4000 | Queue: 10 | ✅ https://bh.babyjoyclub.com/ar/about./about/about/a...
2026-08-19 11:39:04 | INFO | Checkpoint saved: 200 visited, 10 queued
2026-08-19 11:39:04 | INFO | ✓ 201/4000 | Queue: 10 | ✅ https://bh.babyjoyclub.com/ar/about./about/about/a...
2026-08-19 11:39:05 | INFO | ✓ 202/4000 | Queue: 10 | ✅ https://bh.babyjoyclub.com/ar/about./about/about/a...
2026-08-19 11:39:06 | INFO | ✓ 203/4000 | Queue: 10 | ✅ https://bh.babyjoyclub.com/ar/about./about/about/a...
2026-08-19 11:39:06 | INFO | ✓ 204/4000 | Queue: 10 | ✅ https://bh.babyjoyclub.com/ar/about./about/about/a...
2026-08-19 11:39:07 | INFO | ✓ 205/4000 | Queue: 10 | ✅ https://bh.babyjoyclub.com/ar/about./about/about/a...
2026-08-19 11:39:07 | INFO | ✓ 206/4000 | Queue: 10 | ✅ https://bh.babyjoyclub.com/ar/about./about/about/a...
2026-08-19 11:39:08 | INFO | ✓ 207/4000 | Queue: 10 | ✅ https://bh.babyjoyclub.com/ar/about./about/about/a...
2026-08-19 11:39:09 | INFO | ✓ 208/4000 | Queue: 10 | ✅ https://bh.babyjoyclub.com/ar/about./about/about/a...
2026-08-19 11:39:09 | INFO | ✓ 209/4000 | Queue: 10 | ✅ https://bh.babyjoyclub.com/ar/about./about/about/a...
2026-08-19 11:39:10 | INFO | ✓ 210/4000 | Queue: 10 | ✅ https://bh.babyjoyclub.com/ar/about./about/about/a...
2026-08-19 11:39:11 | INFO | ✓ 211/4000 | Queue: 10 | ✅ https://bh.babyjoyclub.com/ar/about./about/about/a...
2026-08-19 11:39:11 | INFO | ✓ 212/4000 | Queue: 10 | ✅ https://bh.babyjoyclub.com/ar/about./about/about/a...
2026-08-19 11:39:12 | INFO | ✓ 213/4000 | Queue: 10 | ✅ https://bh.babyjoyclub.com/ar/about./about/about/a...
2026-08-19 11:39:12 | INFO | ✓ 214/4000 | Queue: 10 | ✅ https://bh.babyjoyclub.com/ar/about./about/about/a...
2026-08-19 11:39:13 | INFO | ✓ 215/4000 | Queue: 10 | ✅ https://bh.babyjoyclub.com/ar/about./about/about/a...
2026-08-19 11:39:14 | INFO | ✓ 216/4000 | Queue: 10 | ✅ https://bh.babyjoyclub.com/ar/about./about/about/a...
2026-08-19 11:39:14 | INFO | ✓ 217/4000 | Queue: 10 | ✅ https://bh.babyjoyclub.com/ar/about./about/about/a...
2026-08-19 11:39:15 | INFO | ✓ 218/4000 | Queue: 10 | ✅ https://bh.babyjoyclub.com/ar/about./about/about/a...
2026-08-19 11:39:16 | INFO | ✓ 219/4000 | Queue: 10 | ✅ https://bh.babyjoyclub.com/ar/about./about/about/a...
2026-08-19 11:39:16 | INFO | ✓ 220/4000 | Queue: 10 | ✅ https://bh.babyjoyclub.com/ar/about./about/about/a...
2026-08-19 11:39:17 | INFO | ✓ 221/4000 | Queue: 10 | ✅ https://bh.babyjoyclub.com/ar/about./about/about/a...
2026-08-19 11:39:17 | INFO | ✓ 222/4000 | Queue: 10 | ✅ https://bh.babyjoyclub.com/ar/about./about/about/a...
2026-08-19 11:39:18 | INFO | ✓ 223/4000 | Queue: 10 | ✅ https://bh.babyjoyclub.com/ar/about./about/about/a...
2026-08-19 11:39:19 | INFO | ✓ 224/4000 | Queue: 10 | ✅ https://bh.babyjoyclub.com/ar/about./about/about/a...
2026-08-19 11:39:19 | INFO | ✓ 225/4000 | Queue: 10 | ✅ https://bh.babyjoyclub.com/ar/about./about/about/a...
2026-08-19 11:39:20 | INFO | ✓ 226/4000 | Queue: 10 | ✅ https://bh.babyjoyclub.com/ar/about./about/about/a...
2026-08-19 11:39:20 | INFO | ✓ 227/4000 | Queue: 10 | ✅ https://bh.babyjoyclub.com/ar/about./about/about/a...
2026-08-19 11:39:21 | INFO | ✓ 228/4000 | Queue: 10 | ✅ https://bh.babyjoyclub.com/ar/about./about/about/a...
2026-08-19 11:39:22 | INFO | ✓ 229/4000 | Queue: 10 | ✅ https://bh.babyjoyclub.com/ar/about./about/about/a...
2026-08-19 11:39:22 | INFO | ✓ 230/4000 | Queue: 10 | ✅ https://bh.babyjoyclub.com/ar/about./about/about/a...
2026-08-19 11:39:23 | INFO | ✓ 231/4000 | Queue: 10 | ✅ https://bh.babyjoyclub.com/ar/about./about/about/a...
2026-08-19 11:39:24 | INFO | ✓ 232/4000 | Queue: 10 | ✅ https://bh.babyjoyclub.com/ar/about./about/about/a...
2026-08-19 11:39:24 | INFO | ✓ 233/4000 | Queue: 10 | ✅ https://bh.babyjoyclub.com/ar/about./about/about/a...
2026-08-19 11:39:25 | INFO | ✓ 234/4000 | Queue: 10 | ✅ https://bh.babyjoyclub.com/ar/about./about/about/a...
2026-08-19 11:39:25 | INFO | ✓ 235/4000 | Queue: 10 | ✅ https://bh.babyjoyclub.com/ar/about./about/about/a...
2026-08-19 11:39:26 | INFO | ✓ 236/4000 | Queue: 10 | ✅ https://bh.babyjoyclub.com/ar/about./about/about/a...
2026-08-19 11:39:27 | INFO | ✓ 237/4000 | Queue: 10 | ✅ https://bh.babyjoyclub.com/ar/about./about/about/a...
2026-08-19 11:39:27 | INFO | ✓ 238/4000 | Queue: 10 | ✅ https://bh.babyjoyclub.com/ar/about./about/about/a...
2026-08-19 11:39:28 | INFO | ✓ 239/4000 | Queue: 10 | ✅ https://bh.babyjoyclub.com/ar/about./about/about/a...
2026-08-19 11:39:28 | INFO | ✓ 240/4000 | Queue: 10 | ✅ https://bh.babyjoyclub.com/ar/about./about/about/a...
2026-08-19 11:39:29 | INFO | ✓ 241/4000 | Queue: 10 | ✅ https://bh.babyjoyclub.com/ar/about./about/about/a...
2026-08-19 11:39:30 | INFO | ✓ 242/4000 | Queue: 10 | ✅ https://bh.babyjoyclub.com/ar/about./about/about/a...
2026-08-19 11:39:31 | INFO | ✓ 243/4000 | Queue: 10 | ✅ https://bh.babyjoyclub.com/ar/about./about/about/a...
2026-08-19 11:39:31 | INFO | ✓ 244/4000 | Queue: 10 | ✅ https://bh.babyjoyclub.com/ar/about./about/about/a...
2026-08-19 11:39:32 | INFO | ✓ 245/4000 | Queue: 10 | ✅ https://bh.babyjoyclub.com/ar/about./about/about/a...
2026-08-19 11:39:32 | INFO | ✓ 246/4000 | Queue: 10 | ✅ https://bh.babyjoyclub.com/ar/about./about/about/a...
2026-08-19 11:39:33 | INFO | ✓ 247/4000 | Queue: 10 | ✅ https://bh.babyjoyclub.com/ar/about./about/about/a...
2026-08-19 11:39:34 | INFO | ✓ 248/4000 | Queue: 10 | ✅ https://bh.babyjoyclub.com/ar/about./about/about/a...
2026-08-19 11:39:34 | INFO | ✓ 249/4000 | Queue: 10 | ✅ https://bh.babyjoyclub.com/ar/about./about/about/a...
2026-08-19 11:39:35 | INFO | ✓ 250/4000 | Queue: 10 | ✅ https://bh.babyjoyclub.com/ar/about./about/about/a...
2026-08-19 11:39:35 | INFO | ✓ 251/4000 | Queue: 10 | ✅ https://bh.babyjoyclub.com/ar/about./about/about/a...
2026-08-19 11:39:36 | INFO | ✓ 252/4000 | Queue: 10 | ✅ https://bh.babyjoyclub.com/ar/about./about/about/a...
2026-08-19 11:39:37 | INFO | ✓ 253/4000 | Queue: 10 | ✅ https://bh.babyjoyclub.com/ar/about./about/about/a...
2026-08-19 11:39:37 | INFO | ✓ 254/4000 | Queue: 10 | ✅ https://bh.babyjoyclub.com/ar/about./about/about/a...
2026-08-19 11:39:38 | INFO | ✓ 255/4000 | Queue: 10 | ✅ https://bh.babyjoyclub.com/ar/about./about/about/a...
2026-08-19 11:39:39 | INFO | ✓ 256/4000 | Queue: 10 | ✅ https://bh.babyjoyclub.com/ar/about./about/about/a...
2026-08-19 11:39:39 | INFO | ✓ 257/4000 | Queue: 10 | ✅ https://bh.babyjoyclub.com/ar/about./about/about/a...
2026-08-19 11:39:40 | INFO | ✓ 258/4000 | Queue: 10 | ✅ https://bh.babyjoyclub.com/ar/about./about/about/a...
2026-08-19 11:39:41 | INFO | ✓ 259/4000 | Queue: 10 | ✅ https://bh.babyjoyclub.com/ar/about./about/about/a...
2026-08-19 11:39:41 | INFO | ✓ 260/4000 | Queue: 10 | ✅ https://bh.babyjoyclub.com/ar/about./about/about/a...
2026-08-19 11:39:42 | INFO | ✓ 261/4000 | Queue: 10 | ✅ https://bh.babyjoyclub.com/ar/about./about/about/a...
2026-08-19 11:39:42 | INFO | ✓ 262/4000 | Queue: 10 | ✅ https://bh.babyjoyclub.com/ar/about./about/about/a...
2026-08-19 11:39:43 | INFO | ✓ 263/4000 | Queue: 10 | ✅ https://bh.babyjoyclub.com/ar/about./about/about/a...
2026-08-19 11:39:44 | INFO | ✓ 264/4000 | Queue: 10 | ✅ https://bh.babyjoyclub.com/ar/about./about/about/a...
2026-08-19 11:39:46 | INFO | ✓ 265/4000 | Queue: 10 | ✅ https://bh.babyjoyclub.com/ar/about./about/about/a...
2026-08-19 11:39:47 | INFO | ✓ 266/4000 | Queue: 10 | ✅ https://bh.babyjoyclub.com/ar/about./about/about/a...
2026-08-19 11:39:47 | INFO | ✓ 267/4000 | Queue: 10 | ✅ https://bh.babyjoyclub.com/ar/about./about/about/a...
2026-08-19 11:39:48 | INFO | ✓ 268/4000 | Queue: 10 | ✅ https://bh.babyjoyclub.com/ar/about./about/about/a...
2026-08-19 11:39:49 | INFO | ✓ 269/4000 | Queue: 10 | ✅ https://bh.babyjoyclub.com/ar/about./about/about/a...
2026-08-19 11:39:49 | INFO | ✓ 270/4000 | Queue: 10 | ✅ https://bh.babyjoyclub.com/ar/about./about/about/a...
2026-08-19 11:39:50 | INFO | ✓ 271/4000 | Queue: 10 | ✅ https://bh.babyjoyclub.com/ar/about./about/about/a...
2026-08-19 11:39:51 | INFO | ✓ 272/4000 | Queue: 10 | ✅ https://bh.babyjoyclub.com/ar/about./about/about/a...
2026-08-19 11:39:51 | INFO | ✓ 273/4000 | Queue: 10 | ✅ https://bh.babyjoyclub.com/ar/about./about/about/a...
2026-08-19 11:39:52 | INFO | ✓ 274/4000 | Queue: 10 | ✅ https://bh.babyjoyclub.com/ar/about./about/about/a...
2026-08-19 11:39:53 | INFO | ✓ 275/4000 | Queue: 10 | ✅ https://bh.babyjoyclub.com/ar/about./about/about/a...
2026-08-19 11:39:53 | INFO | ✓ 276/4000 | Queue: 10 | ✅ https://bh.babyjoyclub.com/ar/about./about/about/a...
2026-08-19 11:39:54 | INFO | ✓ 277/4000 | Queue: 10 | ✅ https://bh.babyjoyclub.com/ar/about./about/about/a...
2026-08-19 11:39:55 | INFO | ✓ 278/4000 | Queue: 10 | ✅ https://bh.babyjoyclub.com/ar/about./about/about/a...
2026-08-19 11:39:55 | INFO | ✓ 279/4000 | Queue: 10 | ✅ https://bh.babyjoyclub.com/ar/about./about/about/a...
2026-08-19 11:39:56 | INFO | ✓ 280/4000 | Queue: 10 | ✅ https://bh.babyjoyclub.com/ar/about./about/about/a...
2026-08-19 11:39:56 | INFO | ✓ 281/4000 | Queue: 10 | ✅ https://bh.babyjoyclub.com/ar/about./about/about/a...
2026-08-19 11:39:57 | INFO | ✓ 282/4000 | Queue: 10 | ✅ https://bh.babyjoyclub.com/ar/about./about/about/a...
2026-08-19 11:39:58 | INFO | ✓ 283/4000 | Queue: 10 | ✅ https://bh.babyjoyclub.com/ar/about./about/about/a...
2026-08-19 11:39:59 | INFO | ✓ 284/4000 | Queue: 10 | ✅ https://bh.babyjoyclub.com/ar/about./about/about/a...
2026-08-19 11:39:59 | INFO | ✓ 285/4000 | Queue: 10 | ✅ https://bh.babyjoyclub.com/ar/about./about/about/a...
2026-08-19 11:40:00 | INFO | ✓ 286/4000 | Queue: 10 | ✅ https://bh.babyjoyclub.com/ar/about./about/about/a...
2026-08-19 11:40:00 | INFO | ✓ 287/4000 | Queue: 10 | ✅ https://bh.babyjoyclub.com/ar/about./about/about/a...
2026-08-19 11:40:01 | INFO | ✓ 288/4000 | Queue: 10 | ✅ https://bh.babyjoyclub.com/ar/about./about/about/a...
2026-08-19 11:40:02 | INFO | ✓ 289/4000 | Queue: 10 | ✅ https://bh.babyjoyclub.com/ar/about./about/about/a...
2026-08-19 11:40:03 | INFO | ✓ 290/4000 | Queue: 10 | ✅ https://bh.babyjoyclub.com/ar/about./about/about/a...
2026-08-19 11:40:03 | INFO | ✓ 291/4000 | Queue: 10 | ✅ https://bh.babyjoyclub.com/ar/about./about/about/a...
2026-08-19 11:40:04 | INFO | ✓ 292/4000 | Queue: 10 | ✅ https://bh.babyjoyclub.com/ar/about./about/about/a...
2026-08-19 11:40:04 | INFO | ✓ 293/4000 | Queue: 10 | ✅ https://bh.babyjoyclub.com/ar/about./about/about/a...
2026-08-19 11:40:05 | INFO | ✓ 294/4000 | Queue: 10 | ✅ https://bh.babyjoyclub.com/ar/about./about/about/a...
2026-08-19 11:40:06 | INFO | ✓ 295/4000 | Queue: 10 | ✅ https://bh.babyjoyclub.com/ar/about./about/about/a...
2026-08-19 11:40:07 | INFO | ✓ 296/4000 | Queue: 10 | ✅ https://bh.babyjoyclub.com/ar/about./about/about/a...
2026-08-19 11:40:07 | INFO | ✓ 297/4000 | Queue: 10 | ✅ https://bh.babyjoyclub.com/ar/about./about/about/a...
2026-08-19 11:40:08 | INFO | ✓ 298/4000 | Queue: 10 | ✅ https://bh.babyjoyclub.com/ar/about./about/about/a...
2026-08-19 11:40:09 | INFO | ✓ 299/4000 | Queue: 10 | ✅ https://bh.babyjoyclub.com/ar/about./about/about/a...
2026-08-19 11:40:10 | INFO | ✓ 300/4000 | Queue: 10 | ✅ https://bh.babyjoyclub.com/ar/about./about/about/a...
2026-08-19 11:40:10 | INFO | Checkpoint saved: 300 visited, 10 queued
2026-08-19 11:40:11 | INFO | ✓ 301/4000 | Queue: 10 | ✅ https://bh.babyjoyclub.com/ar/about./about/about/a...
2026-08-19 11:40:12 | INFO | ✓ 302/4000 | Queue: 10 | ✅ https://bh.babyjoyclub.com/ar/about./about/about/a...
2026-08-19 11:40:12 | INFO | ✓ 303/4000 | Queue: 10 | ✅ https://bh.babyjoyclub.com/ar/about./about/about/a...
2026-08-19 11:40:13 | INFO | ✓ 304/4000 | Queue: 10 | ✅ https://bh.babyjoyclub.com/ar/about./about/about/a...
2026-08-19 11:40:13 | INFO | ✓ 305/4000 | Queue: 10 | ✅ https://bh.babyjoyclub.com/ar/about./about/about/a...
2026-08-19 11:40:14 | INFO | ✓ 306/4000 | Queue: 10 | ✅ https://bh.babyjoyclub.com/ar/about./about/about/a...
2026-08-19 11:40:15 | INFO | ✓ 307/4000 | Queue: 10 | ✅ https://bh.babyjoyclub.com/ar/about./about/about/a...
2026-08-19 11:40:15 | INFO | ✓ 308/4000 | Queue: 10 | ✅ https://bh.babyjoyclub.com/ar/about./about/about/a...
2026-08-19 11:40:16 | INFO | ✓ 309/4000 | Queue: 10 | ✅ https://bh.babyjoyclub.com/ar/about./about/about/a...
2026-08-19 11:40:17 | INFO | ✓ 310/4000 | Queue: 10 | ✅ https://bh.babyjoyclub.com/ar/about./about/about/a...
2026-08-19 11:40:17 | INFO | ✓ 311/4000 | Queue: 10 | ✅ https://bh.babyjoyclub.com/ar/about./about/about/a...
2026-08-19 11:40:18 | INFO | ✓ 312/4000 | Queue: 10 | ✅ https://bh.babyjoyclub.com/ar/about./about/about/a...
2026-08-19 11:40:19 | INFO | ✓ 313/4000 | Queue: 10 | ✅ https://bh.babyjoyclub.com/ar/about./about/about/a...
2026-08-19 11:40:19 | INFO | ✓ 314/4000 | Queue: 10 | ✅ https://bh.babyjoyclub.com/ar/about./about/about/a...
2026-08-19 11:40:20 | INFO | ✓ 315/4000 | Queue: 10 | ✅ https://bh.babyjoyclub.com/ar/about./about/about/a...
2026-08-19 11:40:21 | INFO | ✓ 316/4000 | Queue: 10 | ✅ https://bh.babyjoyclub.com/ar/about./about/about/a...
2026-08-19 11:40:21 | INFO | ✓ 317/4000 | Queue: 10 | ✅ https://bh.babyjoyclub.com/ar/about./about/about/a...
2026-08-19 11:40:22 | INFO | ✓ 318/4000 | Queue: 10 | ✅ https://bh.babyjoyclub.com/ar/about./about/about/a...
2026-08-19 11:40:22 | INFO | ✓ 319/4000 | Queue: 10 | ✅ https://bh.babyjoyclub.com/ar/about./about/about/a...
2026-08-19 11:40:23 | INFO | ✓ 320/4000 | Queue: 10 | ✅ https://bh.babyjoyclub.com/ar/about./about/about/a...
2026-08-19 11:40:24 | INFO | ✓ 321/4000 | Queue: 10 | ✅ https://bh.babyjoyclub.com/ar/about./about/about/a...
2026-08-19 11:40:24 | INFO | ✓ 322/4000 | Queue: 10 | ✅ https://bh.babyjoyclub.com/ar/about./about/about/a...
2026-08-19 11:40:25 | INFO | ✓ 323/4000 | Queue: 10 | ✅ https://bh.babyjoyclub.com/ar/about./about/about/a...
2026-08-19 11:40:25 | INFO | ✓ 324/4000 | Queue: 10 | ✅ https://bh.babyjoyclub.com/ar/about./about/about/a...
2026-08-19 11:40:26 | INFO | ✓ 325/4000 | Queue: 10 | ✅ https://bh.babyjoyclub.com/ar/about./about/about/a...
2026-08-19 11:40:27 | INFO | ✓ 326/4000 | Queue: 10 | ✅ https://bh.babyjoyclub.com/ar/about./about/about/a...
2026-08-19 11:40:27 | INFO | ✓ 327/4000 | Queue: 10 | ✅ https://bh.babyjoyclub.com/ar/about./about/about/a...
2026-08-19 11:40:28 | INFO | ✓ 328/4000 | Queue: 10 | ✅ https://bh.babyjoyclub.com/ar/about./about/about/a...
2026-08-19 11:40:29 | INFO | ✓ 329/4000 | Queue: 10 | ✅ https://bh.babyjoyclub.com/ar/about./about/about/a...
2026-08-19 11:40:29 | INFO | ✓ 330/4000 | Queue: 10 | ✅ https://bh.babyjoyclub.com/ar/about./about/about/a...
2026-08-19 11:40:30 | INFO | ✓ 331/4000 | Queue: 10 | ✅ https://bh.babyjoyclub.com/ar/about./about/about/a...
2026-08-19 11:40:30 | INFO | ✓ 332/4000 | Queue: 10 | ✅ https://bh.babyjoyclub.com/ar/about./about/about/a...
2026-08-19 11:40:31 | INFO | ✓ 333/4000 | Queue: 10 | ✅ https://bh.babyjoyclub.com/ar/about./about/about/a...
2026-08-19 11:40:32 | INFO | ✓ 334/4000 | Queue: 10 | ✅ https://bh.babyjoyclub.com/ar/about./about/about/a...
2026-08-19 11:40:32 | INFO | ✓ 335/4000 | Queue: 10 | ✅ https://bh.babyjoyclub.com/ar/about./about/about/a...
2026-08-19 11:40:33 | INFO | ✓ 336/4000 | Queue: 10 | ✅ https://bh.babyjoyclub.com/ar/about./about/about/a...
2026-08-19 11:40:34 | INFO | ✓ 337/4000 | Queue: 10 | ✅ https://bh.babyjoyclub.com/ar/about./about/about/a...
2026-08-19 11:40:34 | INFO | ✓ 338/4000 | Queue: 10 | ✅ https://bh.babyjoyclub.com/ar/about./about/about/a...
2026-08-19 11:40:35 | INFO | ✓ 339/4000 | Queue: 10 | ✅ https://bh.babyjoyclub.com/ar/about./about/about/a...
2026-08-19 11:40:35 | INFO | ✓ 340/4000 | Queue: 10 | ✅ https://bh.babyjoyclub.com/ar/about./about/about/a...
2026-08-19 11:40:36 | INFO | ✓ 341/4000 | Queue: 10 | ✅ https://bh.babyjoyclub.com/ar/about./about/about/a...
2026-08-19 11:40:37 | INFO | ✓ 342/4000 | Queue: 10 | ✅ https://bh.babyjoyclub.com/ar/about./about/about/a...
2026-08-19 11:40:37 | INFO | ✓ 343/4000 | Queue: 10 | ✅ https://bh.babyjoyclub.com/ar/about./about/about/a...
2026-08-19 11:40:38 | INFO | ✓ 344/4000 | Queue: 10 | ✅ https://bh.babyjoyclub.com/ar/about./about/about/a...
2026-08-19 11:40:39 | INFO | ✓ 345/4000 | Queue: 10 | ✅ https://bh.babyjoyclub.com/ar/about./about/about/a...
2026-08-19 11:40:40 | INFO | ✓ 346/4000 | Queue: 10 | ✅ https://bh.babyjoyclub.com/ar/about./about/about/a...
2026-08-19 11:40:40 | INFO | ✓ 347/4000 | Queue: 10 | ✅ https://bh.babyjoyclub.com/ar/about./about/about/a...
2026-08-19 11:40:41 | INFO | ✓ 348/4000 | Queue: 10 | ✅ https://bh.babyjoyclub.com/ar/about./about/about/a...
2026-08-19 11:40:41 | INFO | ✓ 349/4000 | Queue: 10 | ✅ https://bh.babyjoyclub.com/ar/about./about/about/a...
2026-08-19 11:40:42 | INFO | ✓ 350/4000 | Queue: 10 | ✅ https://bh.babyjoyclub.com/ar/about./about/about/a...
2026-08-19 11:40:43 | INFO | ✓ 351/4000 | Queue: 10 | ✅ https://bh.babyjoyclub.com/ar/about./about/about/a...
2026-08-19 11:40:43 | INFO | ✓ 352/4000 | Queue: 10 | ✅ https://bh.babyjoyclub.com/ar/about./about/about/a...
2026-08-19 11:40:44 | INFO | ✓ 353/4000 | Queue: 10 | ✅ https://bh.babyjoyclub.com/ar/about./about/about/a...
2026-08-19 11:40:45 | INFO | ✓ 354/4000 | Queue: 10 | ✅ https://bh.babyjoyclub.com/ar/about./about/about/a...
2026-08-19 11:40:45 | INFO | ✓ 355/4000 | Queue: 10 | ✅ https://bh.babyjoyclub.com/ar/about./about/about/a...
2026-08-19 11:40:46 | INFO | ✓ 356/4000 | Queue: 10 | ✅ https://bh.babyjoyclub.com/ar/about./about/about/a...
2026-08-19 11:40:47 | INFO | ✓ 357/4000 | Queue: 10 | ✅ https://bh.babyjoyclub.com/ar/about./about/about/a...
2026-08-19 11:40:47 | INFO | ✓ 358/4000 | Queue: 10 | ✅ https://bh.babyjoyclub.com/ar/about./about/about/a...
2026-08-19 11:40:48 | INFO | ✓ 359/4000 | Queue: 10 | ✅ https://bh.babyjoyclub.com/ar/about./about/about/a...
2026-08-19 11:40:49 | INFO | ✓ 360/4000 | Queue: 10 | ✅ https://bh.babyjoyclub.com/ar/about./about/about/a...
2026-08-19 11:40:49 | INFO | ✓ 361/4000 | Queue: 10 | ✅ https://bh.babyjoyclub.com/ar/about./about/about/a...
2026-08-19 11:40:50 | INFO | ✓ 362/4000 | Queue: 10 | ✅ https://bh.babyjoyclub.com/ar/about./about/about/a...
2026-08-19 11:40:51 | INFO | ✓ 363/4000 | Queue: 10 | ✅ https://bh.babyjoyclub.com/ar/about./about/about/a...
2026-08-19 11:40:52 | INFO | ✓ 364/4000 | Queue: 10 | ✅ https://bh.babyjoyclub.com/ar/about./about/about/a...
2026-08-19 11:40:52 | INFO | ✓ 365/4000 | Queue: 10 | ✅ https://bh.babyjoyclub.com/ar/about./about/about/a...
2026-08-19 11:40:53 | INFO | ✓ 366/4000 | Queue: 10 | ✅ https://bh.babyjoyclub.com/ar/about./about/about/a...
2026-08-19 11:40:54 | INFO | ✓ 367/4000 | Queue: 10 | ✅ https://bh.babyjoyclub.com/ar/about./about/about/a...
2026-08-19 11:40:54 | INFO | ✓ 368/4000 | Queue: 10 | ✅ https://bh.babyjoyclub.com/ar/about./about/about/a...
2026-08-19 11:40:55 | INFO | ✓ 369/4000 | Queue: 10 | ✅ https://bh.babyjoyclub.com/ar/about./about/about/a...
2026-08-19 11:40:56 | INFO | ✓ 370/4000 | Queue: 10 | ✅ https://bh.babyjoyclub.com/ar/about./about/about/a...
2026-08-19 11:40:56 | INFO | ✓ 371/4000 | Queue: 10 | ✅ https://bh.babyjoyclub.com/ar/about./about/about/a...
2026-08-19 11:40:57 | INFO | ✓ 372/4000 | Queue: 10 | ✅ https://bh.babyjoyclub.com/ar/about./about/about/a...
2026-08-19 11:40:58 | INFO | ✓ 373/4000 | Queue: 10 | ✅ https://bh.babyjoyclub.com/ar/about./about/about/a...
2026-08-19 11:40:58 | INFO | ✓ 374/4000 | Queue: 10 | ✅ https://bh.babyjoyclub.com/ar/about./about/about/a...
2026-08-19 11:40:59 | INFO | ✓ 375/4000 | Queue: 10 | ✅ https://bh.babyjoyclub.com/ar/about./about/about/a...
2026-08-19 11:41:00 | INFO | ✓ 376/4000 | Queue: 10 | ✅ https://bh.babyjoyclub.com/ar/about./about/about/a...
2026-08-19 11:41:00 | INFO | ✓ 377/4000 | Queue: 10 | ✅ https://bh.babyjoyclub.com/ar/about./about/about/a...
2026-08-19 11:41:01 | INFO | ✓ 378/4000 | Queue: 10 | ✅ https://bh.babyjoyclub.com/ar/about./about/about/a...
2026-08-19 11:41:01 | INFO | ✓ 379/4000 | Queue: 10 | ✅ https://bh.babyjoyclub.com/ar/about./about/about/a...
2026-08-19 11:41:02 | INFO | ✓ 380/4000 | Queue: 10 | ✅ https://bh.babyjoyclub.com/ar/about./about/about/a...
2026-08-19 11:41:03 | INFO | ✓ 381/4000 | Queue: 10 | ✅ https://bh.babyjoyclub.com/ar/about./about/about/a...
2026-08-19 11:41:04 | INFO | ✓ 382/4000 | Queue: 10 | ✅ https://bh.babyjoyclub.com/ar/about./about/about/a...
2026-08-19 11:41:04 | INFO | ✓ 383/4000 | Queue: 10 | ✅ https://bh.babyjoyclub.com/ar/about./about/about/a...
2026-08-19 11:41:05 | INFO | ✓ 384/4000 | Queue: 10 | ✅ https://bh.babyjoyclub.com/ar/about./about/about/a...
2026-08-19 11:41:06 | INFO | ✓ 385/4000 | Queue: 10 | ✅ https://bh.babyjoyclub.com/ar/about./about/about/a...
2026-08-19 11:41:06 | INFO | ✓ 386/4000 | Queue: 10 | ✅ https://bh.babyjoyclub.com/ar/about./about/about/a...
2026-08-19 11:41:07 | INFO | ✓ 387/4000 | Queue: 10 | ✅ https://bh.babyjoyclub.com/ar/about./about/about/a...
2026-08-19 11:41:08 | INFO | ✓ 388/4000 | Queue: 10 | ✅ https://bh.babyjoyclub.com/ar/about./about/about/a...
2026-08-19 11:41:09 | INFO | ✓ 389/4000 | Queue: 10 | ✅ https://bh.babyjoyclub.com/ar/about./about/about/a...
2026-08-19 11:41:09 | INFO | ✓ 390/4000 | Queue: 10 | ✅ https://bh.babyjoyclub.com/ar/about./about/about/a...
2026-08-19 11:41:10 | INFO | ✓ 391/4000 | Queue: 10 | ✅ https://bh.babyjoyclub.com/ar/about./about/about/a...
2026-08-19 11:41:11 | INFO | ✓ 392/4000 | Queue: 10 | ✅ https://bh.babyjoyclub.com/ar/about./about/about/a...
2026-08-19 11:41:11 | INFO | ✓ 393/4000 | Queue: 10 | ✅ https://bh.babyjoyclub.com/ar/about./about/about/a...
2026-08-19 11:41:12 | INFO | ✓ 394/4000 | Queue: 10 | ✅ https://bh.babyjoyclub.com/ar/about./about/about/a...
2026-08-19 11:41:13 | INFO | ✓ 395/4000 | Queue: 10 | ✅ https://bh.babyjoyclub.com/ar/about./about/about/a...
2026-08-19 11:41:13 | INFO | ✓ 396/4000 | Queue: 10 | ✅ https://bh.babyjoyclub.com/ar/about./about/about/a...
2026-08-19 11:41:14 | INFO | ✓ 397/4000 | Queue: 10 | ✅ https://bh.babyjoyclub.com/ar/about./about/about/a...
2026-08-19 11:41:14 | INFO | ✓ 398/4000 | Queue: 10 | ✅ https://bh.babyjoyclub.com/ar/about./about/about/a...
2026-08-19 11:41:15 | INFO | ✓ 399/4000 | Queue: 10 | ✅ https://bh.babyjoyclub.com/ar/about./about/about/a...
2026-08-19 11:41:16 | INFO | ✓ 400/4000 | Queue: 10 | ✅ https://bh.babyjoyclub.com/ar/about./about/about/a...
2026-08-19 11:41:16 | INFO | Checkpoint saved: 400 visited, 10 queued
2026-08-19 11:41:17 | INFO | ✓ 401/4000 | Queue: 10 | ✅ https://bh.babyjoyclub.com/ar/about./about/about/a...
2026-08-19 11:41:17 | INFO | ✓ 402/4000 | Queue: 10 | ✅ https://bh.babyjoyclub.com/ar/about./about/about/a...
2026-08-19 11:41:18 | INFO | ✓ 403/4000 | Queue: 10 | ✅ https://bh.babyjoyclub.com/ar/about./about/about/a...
2026-08-19 11:41:19 | INFO | ✓ 404/4000 | Queue: 10 | ✅ https://bh.babyjoyclub.com/ar/about./about/about/a...
2026-08-19 11:41:19 | INFO | ✓ 405/4000 | Queue: 10 | ✅ https://bh.babyjoyclub.com/ar/about./about/about/a...
2026-08-19 11:41:20 | INFO | ✓ 406/4000 | Queue: 10 | ✅ https://bh.babyjoyclub.com/ar/about./about/about/a...
2026-08-19 11:41:20 | INFO | ✓ 407/4000 | Queue: 10 | ✅ https://bh.babyjoyclub.com/ar/about./about/about/a...
2026-08-19 11:41:21 | INFO | ✓ 408/4000 | Queue: 10 | ✅ https://bh.babyjoyclub.com/ar/about./about/about/a...
2026-08-19 11:41:22 | INFO | ✓ 409/4000 | Queue: 10 | ✅ https://bh.babyjoyclub.com/ar/about./about/about/a...
2026-08-19 11:41:22 | INFO | ✓ 410/4000 | Queue: 10 | ✅ https://bh.babyjoyclub.com/ar/about./about/about/a...
2026-08-19 11:41:23 | INFO | ✓ 411/4000 | Queue: 10 | ✅ https://bh.babyjoyclub.com/ar/about./about/about/a...
2026-08-19 11:41:24 | INFO | ✓ 412/4000 | Queue: 10 | ✅ https://bh.babyjoyclub.com/ar/about./about/about/a...
2026-08-19 11:41:24 | INFO | ✓ 413/4000 | Queue: 10 | ✅ https://bh.babyjoyclub.com/ar/about./about/about/a...
2026-08-19 11:41:25 | INFO | ✓ 414/4000 | Queue: 10 | ✅ https://bh.babyjoyclub.com/ar/about./about/about/a...
2026-08-19 11:41:26 | INFO | ✓ 415/4000 | Queue: 10 | ✅ https://bh.babyjoyclub.com/ar/about./about/about/a...
2026-08-19 11:41:26 | INFO | ✓ 416/4000 | Queue: 10 | ✅ https://bh.babyjoyclub.com/ar/about./about/about/a...
2026-08-19 11:41:27 | INFO | ✓ 417/4000 | Queue: 10 | ✅ https://bh.babyjoyclub.com/ar/about./about/about/a...
2026-08-19 11:41:28 | INFO | ✓ 418/4000 | Queue: 10 | ✅ https://bh.babyjoyclub.com/ar/about./about/about/a...
2026-08-19 11:41:29 | INFO | ✓ 419/4000 | Queue: 10 | ✅ https://bh.babyjoyclub.com/ar/about./about/about/a...
2026-08-19 11:41:29 | INFO | ✓ 420/4000 | Queue: 10 | ✅ https://bh.babyjoyclub.com/ar/about./about/about/a...
2026-08-19 11:41:30 | INFO | ✓ 421/4000 | Queue: 10 | ✅ https://bh.babyjoyclub.com/ar/about./about/about/a...
2026-08-19 11:41:31 | INFO | ✓ 422/4000 | Queue: 10 | ✅ https://bh.babyjoyclub.com/ar/about./about/about/a...
2026-08-19 11:41:31 | INFO | ✓ 423/4000 | Queue: 10 | ✅ https://bh.babyjoyclub.com/ar/about./about/about/a...
2026-08-19 11:41:32 | INFO | ✓ 424/4000 | Queue: 10 | ✅ https://bh.babyjoyclub.com/ar/about./about/about/a...
2026-08-19 11:41:33 | INFO | ✓ 425/4000 | Queue: 10 | ✅ https://bh.babyjoyclub.com/ar/about./about/about/a...
2026-08-19 11:41:33 | INFO | ✓ 426/4000 | Queue: 10 | ✅ https://bh.babyjoyclub.com/ar/about./about/about/a...
2026-08-19 11:41:34 | INFO | ✓ 427/4000 | Queue: 10 | ✅ https://bh.babyjoyclub.com/ar/about./about/about/a...
2026-08-19 11:41:35 | INFO | ✓ 428/4000 | Queue: 10 | ✅ https://bh.babyjoyclub.com/ar/about./about/about/a...
2026-08-19 11:41:35 | INFO | ✓ 429/4000 | Queue: 10 | ✅ https://bh.babyjoyclub.com/ar/about./about/about/a...
2026-08-19 11:41:36 | INFO | ✓ 430/4000 | Queue: 10 | ✅ https://bh.babyjoyclub.com/ar/about./about/about/a...
2026-08-19 11:41:37 | INFO | ✓ 431/4000 | Queue: 10 | ✅ https://bh.babyjoyclub.com/ar/about./about/about/a...
2026-08-19 11:41:38 | INFO | ✓ 432/4000 | Queue: 10 | ✅ https://bh.babyjoyclub.com/ar/about./about/about/a...
2026-08-19 11:41:38 | INFO | ✓ 433/4000 | Queue: 10 | ✅ https://bh.babyjoyclub.com/ar/about./about/about/a...
2026-08-19 11:41:39 | INFO | ✓ 434/4000 | Queue: 10 | ✅ https://bh.babyjoyclub.com/ar/about./about/about/a...
2026-08-19 11:41:40 | INFO | ✓ 435/4000 | Queue: 10 | ✅ https://bh.babyjoyclub.com/ar/about./about/about/a...
2026-08-19 11:41:40 | INFO | ✓ 436/4000 | Queue: 10 | ✅ https://bh.babyjoyclub.com/ar/about./about/about/a...
2026-08-19 11:41:41 | INFO | ✓ 437/4000 | Queue: 10 | ✅ https://bh.babyjoyclub.com/ar/about./about/about/a...
2026-08-19 11:41:42 | INFO | ✓ 438/4000 | Queue: 10 | ✅ https://bh.babyjoyclub.com/ar/about./about/about/a...
2026-08-19 11:41:43 | INFO | ✓ 439/4000 | Queue: 10 | ✅ https://bh.babyjoyclub.com/ar/about./about/about/a...
2026-08-19 11:41:43 | INFO | ✓ 440/4000 | Queue: 10 | ✅ https://bh.babyjoyclub.com/ar/about./about/about/a...
2026-08-19 11:41:44 | INFO | ✓ 441/4000 | Queue: 10 | ✅ https://bh.babyjoyclub.com/ar/about./about/about/a...
2026-08-19 11:41:44 | INFO | ✓ 442/4000 | Queue: 10 | ✅ https://bh.babyjoyclub.com/ar/about./about/about/a...
2026-08-19 11:41:45 | INFO | ✓ 443/4000 | Queue: 10 | ✅ https://bh.babyjoyclub.com/ar/about./about/about/a...
2026-08-19 11:41:46 | INFO | ✓ 444/4000 | Queue: 10 | ✅ https://bh.babyjoyclub.com/ar/about./about/about/a...
2026-08-19 11:41:46 | INFO | ✓ 445/4000 | Queue: 10 | ✅ https://bh.babyjoyclub.com/ar/about./about/about/a...
2026-08-19 11:41:47 | INFO | ✓ 446/4000 | Queue: 10 | ✅ https://bh.babyjoyclub.com/ar/about./about/about/a...
2026-08-19 11:41:48 | INFO | ✓ 447/4000 | Queue: 10 | ✅ https://bh.babyjoyclub.com/ar/about./about/about/a...
2026-08-19 11:41:49 | INFO | ✓ 448/4000 | Queue: 10 | ✅ https://bh.babyjoyclub.com/ar/about./about/about/a...
2026-08-19 11:41:49 | INFO | ✓ 449/4000 | Queue: 10 | ✅ https://bh.babyjoyclub.com/ar/about./about/about/a...
2026-08-19 11:41:50 | INFO | ✓ 450/4000 | Queue: 10 | ✅ https://bh.babyjoyclub.com/ar/about./about/about/a...
2026-08-19 11:41:51 | INFO | ✓ 451/4000 | Queue: 10 | ✅ https://bh.babyjoyclub.com/ar/about./about/about/a...
2026-08-19 11:41:51 | INFO | ✓ 452/4000 | Queue: 10 | ✅ https://bh.babyjoyclub.com/ar/about./about/about/a...
2026-08-19 11:41:52 | INFO | ✓ 453/4000 | Queue: 10 | ✅ https://bh.babyjoyclub.com/ar/about./about/about/a...
2026-08-19 11:41:53 | INFO | ✓ 454/4000 | Queue: 10 | ✅ https://bh.babyjoyclub.com/ar/about./about/about/a...
2026-08-19 11:41:54 | INFO | ✓ 455/4000 | Queue: 10 | ✅ https://bh.babyjoyclub.com/ar/about./about/about/a...
2026-08-19 11:41:54 | INFO | ✓ 456/4000 | Queue: 10 | ✅ https://bh.babyjoyclub.com/ar/about./about/about/a...
2026-08-19 11:41:55 | INFO | ✓ 457/4000 | Queue: 10 | ✅ https://bh.babyjoyclub.com/ar/about./about/about/a...
2026-08-19 11:41:56 | INFO | ✓ 458/4000 | Queue: 10 | ✅ https://bh.babyjoyclub.com/ar/about./about/about/a...
2026-08-19 11:41:56 | INFO | ✓ 459/4000 | Queue: 10 | ✅ https://bh.babyjoyclub.com/ar/about./about/about/a...
2026-08-19 11:41:57 | INFO | ✓ 460/4000 | Queue: 10 | ✅ https://bh.babyjoyclub.com/ar/about./about/about/a...
2026-08-19 11:41:58 | INFO | ✓ 461/4000 | Queue: 10 | ✅ https://bh.babyjoyclub.com/ar/about./about/about/a...
2026-08-19 11:41:58 | INFO | ✓ 462/4000 | Queue: 10 | ✅ https://bh.babyjoyclub.com/ar/about./about/about/a...
2026-08-19 11:41:59 | INFO | ✓ 463/4000 | Queue: 10 | ✅ https://bh.babyjoyclub.com/ar/about./about/about/a...
2026-08-19 11:42:00 | INFO | ✓ 464/4000 | Queue: 10 | ✅ https://bh.babyjoyclub.com/ar/about./about/about/a...
2026-08-19 11:42:00 | INFO | ✓ 465/4000 | Queue: 10 | ✅ https://bh.babyjoyclub.com/ar/about./about/about/a...
2026-08-19 11:42:01 | INFO | ✓ 466/4000 | Queue: 10 | ✅ https://bh.babyjoyclub.com/ar/about./about/about/a...
2026-08-19 11:42:02 | INFO | ✓ 467/4000 | Queue: 10 | ✅ https://bh.babyjoyclub.com/ar/about./about/about/a...
2026-08-19 11:42:03 | INFO | ✓ 468/4000 | Queue: 10 | ✅ https://bh.babyjoyclub.com/ar/about./about/about/a...
2026-08-19 11:42:03 | INFO | ✓ 469/4000 | Queue: 10 | ✅ https://bh.babyjoyclub.com/ar/about./about/about/a...
2026-08-19 11:42:04 | INFO | ✓ 470/4000 | Queue: 10 | ✅ https://bh.babyjoyclub.com/ar/about./about/about/a...
2026-08-19 11:42:04 | INFO | ✓ 471/4000 | Queue: 10 | ✅ https://bh.babyjoyclub.com/ar/about./about/about/a...
2026-08-19 11:42:05 | INFO | ✓ 472/4000 | Queue: 10 | ✅ https://bh.babyjoyclub.com/ar/about./about/about/a...
2026-08-19 11:42:06 | INFO | ✓ 473/4000 | Queue: 10 | ✅ https://bh.babyjoyclub.com/ar/about./about/about/a...
2026-08-19 11:42:06 | INFO | ✓ 474/4000 | Queue: 10 | ✅ https://bh.babyjoyclub.com/ar/about./about/about/a...
2026-08-19 11:42:07 | INFO | ✓ 475/4000 | Queue: 10 | ✅ https://bh.babyjoyclub.com/ar/about./about/about/a...
2026-08-19 11:42:07 | INFO | ✓ 476/4000 | Queue: 10 | ✅ https://bh.babyjoyclub.com/ar/about./about/about/a...
2026-08-19 11:42:08 | INFO | ✓ 477/4000 | Queue: 10 | ✅ https://bh.babyjoyclub.com/ar/about./about/about/a...
2026-08-19 11:42:09 | INFO | ✓ 478/4000 | Queue: 10 | ✅ https://bh.babyjoyclub.com/ar/about./about/about/a...
2026-08-19 11:42:09 | INFO | ✓ 479/4000 | Queue: 10 | ✅ https://bh.babyjoyclub.com/ar/about./about/about/a...
2026-08-19 11:42:10 | INFO | ✓ 480/4000 | Queue: 10 | ✅ https://bh.babyjoyclub.com/ar/about./about/about/a...
2026-08-19 11:42:11 | INFO | ✓ 481/4000 | Queue: 10 | ✅ https://bh.babyjoyclub.com/ar/about./about/about/a...
2026-08-19 11:42:11 | INFO | ✓ 482/4000 | Queue: 10 | ✅ https://bh.babyjoyclub.com/ar/about./about/about/a...
2026-08-19 11:42:12 | INFO | ✓ 483/4000 | Queue: 10 | ✅ https://bh.babyjoyclub.com/ar/about./about/about/a...
2026-08-19 11:42:13 | INFO | ✓ 484/4000 | Queue: 10 | ✅ https://bh.babyjoyclub.com/ar/about./about/about/a...
2026-08-19 11:42:14 | INFO | ✓ 485/4000 | Queue: 10 | ✅ https://bh.babyjoyclub.com/ar/about./about/about/a...
2026-08-19 11:42:14 | INFO | ✓ 486/4000 | Queue: 10 | ✅ https://bh.babyjoyclub.com/ar/about./about/about/a...
2026-08-19 11:42:15 | INFO | ✓ 487/4000 | Queue: 10 | ✅ https://bh.babyjoyclub.com/ar/about./about/about/a...
2026-08-19 11:42:16 | INFO | ✓ 488/4000 | Queue: 10 | ✅ https://bh.babyjoyclub.com/ar/about./about/about/a...
2026-08-19 11:42:16 | INFO | ✓ 489/4000 | Queue: 10 | ✅ https://bh.babyjoyclub.com/ar/about./about/about/a...
2026-08-19 11:42:17 | INFO | ✓ 490/4000 | Queue: 10 | ✅ https://bh.babyjoyclub.com/ar/about./about/about/a...
2026-08-19 11:42:18 | INFO | ✓ 491/4000 | Queue: 10 | ✅ https://bh.babyjoyclub.com/ar/about./about/about/a...
2026-08-19 11:42:18 | INFO | ✓ 492/4000 | Queue: 10 | ✅ https://bh.babyjoyclub.com/ar/about./about/about/a...
2026-08-19 11:42:19 | INFO | ✓ 493/4000 | Queue: 10 | ✅ https://bh.babyjoyclub.com/ar/about./about/about/a...
2026-08-19 11:42:20 | INFO | ✓ 494/4000 | Queue: 10 | ✅ https://bh.babyjoyclub.com/ar/about./about/about/a...
2026-08-19 11:42:20 | INFO | ✓ 495/4000 | Queue: 10 | ✅ https://bh.babyjoyclub.com/ar/about./about/about/a...
2026-08-19 11:42:21 | INFO | ✓ 496/4000 | Queue: 10 | ✅ https://bh.babyjoyclub.com/ar/about./about/about/a...
2026-08-19 11:42:22 | INFO | ✓ 497/4000 | Queue: 10 | ✅ https://bh.babyjoyclub.com/ar/about./about/about/a...
2026-08-19 11:42:23 | INFO | ✓ 498/4000 | Queue: 10 | ✅ https://bh.babyjoyclub.com/ar/about./about/about/a...
2026-08-19 11:42:23 | INFO | ✓ 499/4000 | Queue: 10 | ✅ https://bh.babyjoyclub.com/ar/about./about/about/a...
2026-08-19 11:42:24 | INFO | ✓ 500/4000 | Queue: 10 | ✅ https://bh.babyjoyclub.com/ar/about./about/about/a...
2026-08-19 11:42:24 | INFO | Checkpoint saved: 500 visited, 10 queued
2026-08-19 11:42:25 | INFO | ✓ 501/4000 | Queue: 10 | ✅ https://bh.babyjoyclub.com/ar/about./about/about/a...
2026-08-19 11:42:25 | INFO | ✓ 502/4000 | Queue: 10 | ✅ https://bh.babyjoyclub.com/ar/about./about/about/a...
2026-08-19 11:42:26 | INFO | ✓ 503/4000 | Queue: 10 | ✅ https://bh.babyjoyclub.com/ar/about./about/about/a...
2026-08-19 11:42:26 | INFO | ✓ 504/4000 | Queue: 10 | ✅ https://bh.babyjoyclub.com/ar/about./about/about/a...
2026-08-19 11:42:27 | INFO | ✓ 505/4000 | Queue: 10 | ✅ https://bh.babyjoyclub.com/ar/about./about/about/a...
2026-08-19 11:42:28 | INFO | ✓ 506/4000 | Queue: 10 | ✅ https://bh.babyjoyclub.com/ar/about./about/about/a...
2026-08-19 11:42:28 | INFO | ✓ 507/4000 | Queue: 10 | ✅ https://bh.babyjoyclub.com/ar/about./about/about/a...
2026-08-19 11:42:29 | INFO | ✓ 508/4000 | Queue: 10 | ✅ https://bh.babyjoyclub.com/ar/about./about/about/a...
2026-08-19 11:42:30 | INFO | ✓ 509/4000 | Queue: 10 | ✅ https://bh.babyjoyclub.com/ar/about./about/about/a...
2026-08-19 11:42:30 | INFO | ✓ 510/4000 | Queue: 10 | ✅ https://bh.babyjoyclub.com/ar/about./about/about/a...
2026-08-19 11:42:31 | INFO | ✓ 511/4000 | Queue: 10 | ✅ https://bh.babyjoyclub.com/ar/about./about/about/a...
2026-08-19 11:42:32 | INFO | ✓ 512/4000 | Queue: 10 | ✅ https://bh.babyjoyclub.com/ar/about./about/about/a...
2026-08-19 11:42:33 | INFO | ✓ 513/4000 | Queue: 10 | ✅ https://bh.babyjoyclub.com/ar/about./about/about/a...
2026-08-19 11:42:33 | INFO | ✓ 514/4000 | Queue: 10 | ✅ https://bh.babyjoyclub.com/ar/about./about/about/a...
2026-08-19 11:42:34 | INFO | ✓ 515/4000 | Queue: 10 | ✅ https://bh.babyjoyclub.com/ar/about./about/about/a...
2026-08-19 11:42:34 | INFO | ✓ 516/4000 | Queue: 10 | ✅ https://bh.babyjoyclub.com/ar/about./about/about/a...
2026-08-19 11:42:35 | INFO | ✓ 517/4000 | Queue: 10 | ✅ https://bh.babyjoyclub.com/ar/about./about/about/a...
2026-08-19 11:42:36 | INFO | ✓ 518/4000 | Queue: 10 | ✅ https://bh.babyjoyclub.com/ar/about./about/about/a...
2026-08-19 11:42:37 | INFO | ✓ 519/4000 | Queue: 10 | ✅ https://bh.babyjoyclub.com/ar/about./about/about/a...
2026-08-19 11:42:37 | INFO | ✓ 520/4000 | Queue: 10 | ✅ https://bh.babyjoyclub.com/ar/about./about/about/a...
2026-08-19 11:42:38 | INFO | ✓ 521/4000 | Queue: 10 | ✅ https://bh.babyjoyclub.com/ar/about./about/about/a...
2026-08-19 11:42:39 | INFO | ✓ 522/4000 | Queue: 10 | ✅ https://bh.babyjoyclub.com/ar/about./about/about/a...
2026-08-19 11:42:39 | INFO | ✓ 523/4000 | Queue: 10 | ✅ https://bh.babyjoyclub.com/ar/about./about/about/a...
2026-08-19 11:42:40 | INFO | ✓ 524/4000 | Queue: 10 | ✅ https://bh.babyjoyclub.com/ar/about./about/about/a...
2026-08-19 11:42:41 | INFO | ✓ 525/4000 | Queue: 10 | ✅ https://bh.babyjoyclub.com/ar/about./about/about/a...
2026-08-19 11:42:41 | INFO | ✓ 526/4000 | Queue: 10 | ✅ https://bh.babyjoyclub.com/ar/about./about/about/a...
2026-08-19 11:42:42 | INFO | ✓ 527/4000 | Queue: 10 | ✅ https://bh.babyjoyclub.com/ar/about./about/about/a...
2026-08-19 11:42:43 | INFO | ✓ 528/4000 | Queue: 10 | ✅ https://bh.babyjoyclub.com/ar/about./about/about/a...
2026-08-19 11:42:43 | INFO | ✓ 529/4000 | Queue: 10 | ✅ https://bh.babyjoyclub.com/ar/about./about/about/a...
2026-08-19 11:42:44 | INFO | ✓ 530/4000 | Queue: 10 | ✅ https://bh.babyjoyclub.com/ar/about./about/about/a...
2026-08-19 11:42:44 | INFO | ✓ 531/4000 | Queue: 10 | ✅ https://bh.babyjoyclub.com/ar/about./about/about/a...
2026-08-19 11:42:45 | INFO | ✓ 532/4000 | Queue: 10 | ✅ https://bh.babyjoyclub.com/ar/about./about/about/a...
2026-08-19 11:42:46 | INFO | ✓ 533/4000 | Queue: 10 | ✅ https://bh.babyjoyclub.com/ar/about./about/about/a...
2026-08-19 11:42:46 | INFO | ✓ 534/4000 | Queue: 10 | ✅ https://bh.babyjoyclub.com/ar/about./about/about/a...
2026-08-19 11:42:47 | INFO | ✓ 535/4000 | Queue: 10 | ✅ https://bh.babyjoyclub.com/ar/about./about/about/a...
2026-08-19 11:42:48 | INFO | ✓ 536/4000 | Queue: 10 | ✅ https://bh.babyjoyclub.com/ar/about./about/about/a...
2026-08-19 11:42:48 | INFO | ✓ 537/4000 | Queue: 10 | ✅ https://bh.babyjoyclub.com/ar/about./about/about/a...
2026-08-19 11:42:49 | INFO | ✓ 538/4000 | Queue: 10 | ✅ https://bh.babyjoyclub.com/ar/about./about/about/a...
2026-08-19 11:42:49 | INFO | ✓ 539/4000 | Queue: 10 | ✅ https://bh.babyjoyclub.com/ar/about./about/about/a...
2026-08-19 11:42:50 | INFO | ✓ 540/4000 | Queue: 10 | ✅ https://bh.babyjoyclub.com/ar/about./about/about/a...
2026-08-19 11:42:51 | INFO | ✓ 541/4000 | Queue: 10 | ✅ https://bh.babyjoyclub.com/ar/about./about/about/a...
2026-08-19 11:42:51 | INFO | ✓ 542/4000 | Queue: 10 | ✅ https://bh.babyjoyclub.com/ar/about./about/about/a...
2026-08-19 11:42:52 | INFO | ✓ 543/4000 | Queue: 10 | ✅ https://bh.babyjoyclub.com/ar/about./about/about/a...
2026-08-19 11:42:53 | INFO | ✓ 544/4000 | Queue: 10 | ✅ https://bh.babyjoyclub.com/ar/about./about/about/a...
2026-08-19 11:42:53 | INFO | ✓ 545/4000 | Queue: 10 | ✅ https://bh.babyjoyclub.com/ar/about./about/about/a...
2026-08-19 11:42:54 | INFO | ✓ 546/4000 | Queue: 10 | ✅ https://bh.babyjoyclub.com/ar/about./about/about/a...
2026-08-19 11:42:55 | INFO | ✓ 547/4000 | Queue: 10 | ✅ https://bh.babyjoyclub.com/ar/about./about/about/a...
2026-08-19 11:42:55 | INFO | ✓ 548/4000 | Queue: 10 | ✅ https://bh.babyjoyclub.com/ar/about./about/about/a...
2026-08-19 11:42:56 | INFO | ✓ 549/4000 | Queue: 10 | ✅ https://bh.babyjoyclub.com/ar/about./about/about/a...
2026-08-19 11:42:56 | INFO | ✓ 550/4000 | Queue: 10 | ✅ https://bh.babyjoyclub.com/ar/about./about/about/a...
2026-08-19 11:42:57 | INFO | ✓ 551/4000 | Queue: 10 | ✅ https://bh.babyjoyclub.com/ar/about./about/about/a...
2026-08-19 11:42:58 | INFO | ✓ 552/4000 | Queue: 10 | ✅ https://bh.babyjoyclub.com/ar/about./about/about/a...
2026-08-19 11:42:59 | INFO | ✓ 553/4000 | Queue: 10 | ✅ https://bh.babyjoyclub.com/ar/about./about/about/a...
2026-08-19 11:42:59 | INFO | ✓ 554/4000 | Queue: 10 | ✅ https://bh.babyjoyclub.com/ar/about./about/about/a...
2026-08-19 11:43:00 | INFO | ✓ 555/4000 | Queue: 10 | ✅ https://bh.babyjoyclub.com/ar/about./about/about/a...
2026-08-19 11:43:01 | INFO | ✓ 556/4000 | Queue: 10 | ✅ https://bh.babyjoyclub.com/ar/about./about/about/a...
2026-08-19 11:43:01 | INFO | ✓ 557/4000 | Queue: 10 | ✅ https://bh.babyjoyclub.com/ar/about./about/about/a...
2026-08-19 11:43:02 | INFO | ✓ 558/4000 | Queue: 10 | ✅ https://bh.babyjoyclub.com/ar/about./about/about/a...
2026-08-19 11:43:03 | INFO | ✓ 559/4000 | Queue: 10 | ✅ https://bh.babyjoyclub.com/ar/about./about/about/a...
2026-08-19 11:43:03 | INFO | ✓ 560/4000 | Queue: 10 | ✅ https://bh.babyjoyclub.com/ar/about./about/about/a...
2026-08-19 11:43:04 | INFO | ✓ 561/4000 | Queue: 10 | ✅ https://bh.babyjoyclub.com/ar/about./about/about/a...
2026-08-19 11:43:05 | INFO | ✓ 562/4000 | Queue: 10 | ✅ https://bh.babyjoyclub.com/ar/about./about/about/a...
2026-08-19 11:43:06 | INFO | ✓ 563/4000 | Queue: 10 | ✅ https://bh.babyjoyclub.com/ar/about./about/about/a...
2026-08-19 11:43:06 | INFO | ✓ 564/4000 | Queue: 10 | ✅ https://bh.babyjoyclub.com/ar/about./about/about/a...
2026-08-19 11:43:07 | INFO | ✓ 565/4000 | Queue: 10 | ✅ https://bh.babyjoyclub.com/ar/about./about/about/a...
2026-08-19 11:43:08 | INFO | ✓ 566/4000 | Queue: 10 | ✅ https://bh.babyjoyclub.com/ar/about./about/about/a...
2026-08-19 11:43:08 | INFO | ✓ 567/4000 | Queue: 10 | ✅ https://bh.babyjoyclub.com/ar/about./about/about/a...
2026-08-19 11:43:09 | INFO | ✓ 568/4000 | Queue: 10 | ✅ https://bh.babyjoyclub.com/ar/about./about/about/a...
2026-08-19 11:43:10 | INFO | ✓ 569/4000 | Queue: 10 | ✅ https://bh.babyjoyclub.com/ar/about./about/about/a...
2026-08-19 11:43:11 | INFO | ✓ 570/4000 | Queue: 10 | ✅ https://bh.babyjoyclub.com/ar/about./about/about/a...
2026-08-19 11:43:11 | INFO | ✓ 571/4000 | Queue: 10 | ✅ https://bh.babyjoyclub.com/ar/about./about/about/a...
2026-08-19 11:43:12 | INFO | ✓ 572/4000 | Queue: 10 | ✅ https://bh.babyjoyclub.com/ar/about./about/about/a...
2026-08-19 11:43:13 | INFO | ✓ 573/4000 | Queue: 10 | ✅ https://bh.babyjoyclub.com/ar/about./about/about/a...
2026-08-19 11:43:13 | INFO | ✓ 574/4000 | Queue: 10 | ✅ https://bh.babyjoyclub.com/ar/about./about/about/a...
2026-08-19 11:43:14 | INFO | ✓ 575/4000 | Queue: 10 | ✅ https://bh.babyjoyclub.com/ar/about./about/about/a...
2026-08-19 11:43:15 | INFO | ✓ 576/4000 | Queue: 10 | ✅ https://bh.babyjoyclub.com/ar/about./about/about/a...
2026-08-19 11:43:15 | INFO | ✓ 577/4000 | Queue: 10 | ✅ https://bh.babyjoyclub.com/ar/about./about/about/a...
2026-08-19 11:43:16 | INFO | ✓ 578/4000 | Queue: 10 | ✅ https://bh.babyjoyclub.com/ar/about./about/about/a...
2026-08-19 11:43:16 | INFO | ✓ 579/4000 | Queue: 10 | ✅ https://bh.babyjoyclub.com/ar/about./about/about/a...
2026-08-19 11:43:17 | INFO | ✓ 580/4000 | Queue: 10 | ✅ https://bh.babyjoyclub.com/ar/about./about/about/a...
2026-08-19 11:43:18 | INFO | ✓ 581/4000 | Queue: 10 | ✅ https://bh.babyjoyclub.com/ar/about./about/about/a...
2026-08-19 11:43:19 | INFO | ✓ 582/4000 | Queue: 10 | ✅ https://bh.babyjoyclub.com/ar/about./about/about/a...
2026-08-19 11:43:19 | INFO | ✓ 583/4000 | Queue: 10 | ✅ https://bh.babyjoyclub.com/ar/about./about/about/a...
2026-08-19 11:43:20 | INFO | ✓ 584/4000 | Queue: 10 | ✅ https://bh.babyjoyclub.com/ar/about./about/about/a...
2026-08-19 11:43:21 | INFO | ✓ 585/4000 | Queue: 10 | ✅ https://bh.babyjoyclub.com/ar/about./about/about/a...
2026-08-19 11:43:21 | INFO | ✓ 586/4000 | Queue: 10 | ✅ https://bh.babyjoyclub.com/ar/about./about/about/a...
2026-08-19 11:43:22 | INFO | ✓ 587/4000 | Queue: 10 | ✅ https://bh.babyjoyclub.com/ar/about./about/about/a...
2026-08-19 11:43:23 | INFO | ✓ 588/4000 | Queue: 10 | ✅ https://bh.babyjoyclub.com/ar/about./about/about/a...
2026-08-19 11:43:23 | INFO | ✓ 589/4000 | Queue: 10 | ✅ https://bh.babyjoyclub.com/ar/about./about/about/a...
2026-08-19 11:43:24 | INFO | ✓ 590/4000 | Queue: 10 | ✅ https://bh.babyjoyclub.com/ar/about./about/about/a...
2026-08-19 11:43:25 | INFO | ✓ 591/4000 | Queue: 10 | ✅ https://bh.babyjoyclub.com/ar/about./about/about/a...
2026-08-19 11:43:26 | INFO | ✓ 592/4000 | Queue: 10 | ✅ https://bh.babyjoyclub.com/ar/about./about/about/a...
2026-08-19 11:43:26 | INFO | ✓ 593/4000 | Queue: 10 | ✅ https://bh.babyjoyclub.com/ar/about./about/about/a...
2026-08-19 11:43:27 | INFO | ✓ 594/4000 | Queue: 10 | ✅ https://bh.babyjoyclub.com/ar/about./about/about/a...
2026-08-19 11:43:28 | INFO | ✓ 595/4000 | Queue: 10 | ✅ https://bh.babyjoyclub.com/ar/about./about/about/a...
2026-08-19 11:43:28 | INFO | ✓ 596/4000 | Queue: 10 | ✅ https://bh.babyjoyclub.com/ar/about./about/about/a...
2026-08-19 11:43:29 | INFO | ✓ 597/4000 | Queue: 10 | ✅ https://bh.babyjoyclub.com/ar/about./about/about/a...
2026-08-19 11:43:30 | INFO | ✓ 598/4000 | Queue: 10 | ✅ https://bh.babyjoyclub.com/ar/about./about/about/a...
2026-08-19 11:43:30 | INFO | ✓ 599/4000 | Queue: 10 | ✅ https://bh.babyjoyclub.com/ar/about./about/about/a...
2026-08-19 11:43:31 | INFO | ✓ 600/4000 | Queue: 10 | ✅ https://bh.babyjoyclub.com/ar/about./about/about/a...
2026-08-19 11:43:31 | INFO | Checkpoint saved: 600 visited, 10 queued
2026-08-19 11:43:32 | INFO | ✓ 601/4000 | Queue: 10 | ✅ https://bh.babyjoyclub.com/ar/about./about/about/a...
2026-08-19 11:43:32 | INFO | ✓ 602/4000 | Queue: 10 | ✅ https://bh.babyjoyclub.com/ar/about./about/about/a...
2026-08-19 11:43:33 | INFO | ✓ 603/4000 | Queue: 10 | ✅ https://bh.babyjoyclub.com/ar/about./about/about/a...
2026-08-19 11:43:34 | INFO | ✓ 604/4000 | Queue: 10 | ✅ https://bh.babyjoyclub.com/ar/about./about/about/a...
2026-08-19 11:43:34 | INFO | ✓ 605/4000 | Queue: 10 | ✅ https://bh.babyjoyclub.com/ar/about./about/about/a...
2026-08-19 11:43:35 | INFO | ✓ 606/4000 | Queue: 10 | ✅ https://bh.babyjoyclub.com/ar/about./about/about/a...
2026-08-19 11:43:36 | INFO | ✓ 607/4000 | Queue: 10 | ✅ https://bh.babyjoyclub.com/ar/about./about/about/a...
2026-08-19 11:43:36 | INFO | ✓ 608/4000 | Queue: 10 | ✅ https://bh.babyjoyclub.com/ar/about./about/about/a...
2026-08-19 11:43:37 | INFO | ✓ 609/4000 | Queue: 10 | ✅ https://bh.babyjoyclub.com/ar/about./about/about/a...
2026-08-19 11:43:38 | INFO | ✓ 610/4000 | Queue: 10 | ✅ https://bh.babyjoyclub.com/ar/about./about/about/a...
2026-08-19 11:43:38 | INFO | ✓ 611/4000 | Queue: 10 | ✅ https://bh.babyjoyclub.com/ar/about./about/about/a...
2026-08-19 11:43:39 | INFO | ✓ 612/4000 | Queue: 10 | ✅ https://bh.babyjoyclub.com/ar/about./about/about/a...
2026-08-19 11:43:40 | INFO | ✓ 613/4000 | Queue: 10 | ✅ https://bh.babyjoyclub.com/ar/about./about/about/a...
2026-08-19 11:43:40 | INFO | ✓ 614/4000 | Queue: 10 | ✅ https://bh.babyjoyclub.com/ar/about./about/about/a...
2026-08-19 11:43:41 | INFO | ✓ 615/4000 | Queue: 10 | ✅ https://bh.babyjoyclub.com/ar/about./about/about/a...
2026-08-19 11:43:42 | INFO | ✓ 616/4000 | Queue: 10 | ✅ https://bh.babyjoyclub.com/ar/about./about/about/a...
2026-08-19 11:43:42 | INFO | ✓ 617/4000 | Queue: 10 | ✅ https://bh.babyjoyclub.com/ar/about./about/about/a...
2026-08-19 11:43:43 | INFO | ✓ 618/4000 | Queue: 10 | ✅ https://bh.babyjoyclub.com/ar/about./about/about/a...
2026-08-19 11:43:44 | INFO | ✓ 619/4000 | Queue: 10 | ✅ https://bh.babyjoyclub.com/ar/about./about/about/a...
2026-08-19 11:43:44 | INFO | ✓ 620/4000 | Queue: 10 | ✅ https://bh.babyjoyclub.com/ar/about./about/about/a...
2026-08-19 11:43:45 | INFO | ✓ 621/4000 | Queue: 10 | ✅ https://bh.babyjoyclub.com/ar/about./about/about/a...
2026-08-19 11:43:46 | INFO | ✓ 622/4000 | Queue: 10 | ✅ https://bh.babyjoyclub.com/ar/about./about/about/a...
2026-08-19 11:43:47 | INFO | ✓ 623/4000 | Queue: 10 | ✅ https://bh.babyjoyclub.com/ar/about./about/about/a...
2026-08-19 11:43:47 | INFO | ✓ 624/4000 | Queue: 10 | ✅ https://bh.babyjoyclub.com/ar/about./about/about/a...
2026-08-19 11:43:48 | INFO | ✓ 625/4000 | Queue: 10 | ✅ https://bh.babyjoyclub.com/ar/about./about/about/a...
2026-08-19 11:43:49 | INFO | ✓ 626/4000 | Queue: 10 | ✅ https://bh.babyjoyclub.com/ar/about./about/about/a...
2026-08-19 11:43:49 | INFO | ✓ 627/4000 | Queue: 10 | ✅ https://bh.babyjoyclub.com/ar/about./about/about/a...
2026-08-19 11:43:50 | INFO | ✓ 628/4000 | Queue: 10 | ✅ https://bh.babyjoyclub.com/ar/about./about/about/a...
2026-08-19 11:43:51 | INFO | ✓ 629/4000 | Queue: 10 | ✅ https://bh.babyjoyclub.com/ar/about./about/about/a...
2026-08-19 11:43:51 | INFO | ✓ 630/4000 | Queue: 10 | ✅ https://bh.babyjoyclub.com/ar/about./about/about/a...
2026-08-19 11:43:52 | INFO | ✓ 631/4000 | Queue: 10 | ✅ https://bh.babyjoyclub.com/ar/about./about/about/a...
2026-08-19 11:43:53 | INFO | ✓ 632/4000 | Queue: 10 | ✅ https://bh.babyjoyclub.com/ar/about./about/about/a...
2026-08-19 11:43:53 | INFO | ✓ 633/4000 | Queue: 10 | ✅ https://bh.babyjoyclub.com/ar/about./about/about/a...
2026-08-19 11:43:54 | INFO | ✓ 634/4000 | Queue: 10 | ✅ https://bh.babyjoyclub.com/ar/about./about/about/a...
2026-08-19 11:43:54 | INFO | ✓ 635/4000 | Queue: 10 | ✅ https://bh.babyjoyclub.com/ar/about./about/about/a...
2026-08-19 11:43:55 | INFO | ✓ 636/4000 | Queue: 10 | ✅ https://bh.babyjoyclub.com/ar/about./about/about/a...
2026-08-19 11:43:56 | INFO | ✓ 637/4000 | Queue: 10 | ✅ https://bh.babyjoyclub.com/ar/about./about/about/a...
2026-08-19 11:43:57 | INFO | ✓ 638/4000 | Queue: 10 | ✅ https://bh.babyjoyclub.com/ar/about./about/about/a...
2026-08-19 11:43:57 | INFO | ✓ 639/4000 | Queue: 10 | ✅ https://bh.babyjoyclub.com/ar/about./about/about/a...
2026-08-19 11:43:58 | INFO | ✓ 640/4000 | Queue: 10 | ✅ https://bh.babyjoyclub.com/ar/about./about/about/a...
2026-08-19 11:43:58 | INFO | ✓ 641/4000 | Queue: 10 | ✅ https://bh.babyjoyclub.com/ar/about./about/about/a...
2026-08-19 11:43:59 | INFO | ✓ 642/4000 | Queue: 10 | ✅ https://bh.babyjoyclub.com/ar/about./about/about/a...
2026-08-19 11:44:00 | INFO | ✓ 643/4000 | Queue: 10 | ✅ https://bh.babyjoyclub.com/ar/about./about/about/a...
2026-08-19 11:44:01 | INFO | ✓ 644/4000 | Queue: 10 | ✅ https://bh.babyjoyclub.com/ar/about./about/about/a...
2026-08-19 11:44:01 | INFO | ✓ 645/4000 | Queue: 10 | ✅ https://bh.babyjoyclub.com/ar/about./about/about/a...
2026-08-19 11:44:02 | INFO | ✓ 646/4000 | Queue: 10 | ✅ https://bh.babyjoyclub.com/ar/about./about/about/a...
2026-08-19 11:44:02 | INFO | ✓ 647/4000 | Queue: 10 | ✅ https://bh.babyjoyclub.com/ar/about./about/about/a...
2026-08-19 11:44:03 | INFO | ✓ 648/4000 | Queue: 10 | ✅ https://bh.babyjoyclub.com/ar/about./about/about/a...
2026-08-19 11:44:04 | INFO | ✓ 649/4000 | Queue: 10 | ✅ https://bh.babyjoyclub.com/ar/about./about/about/a...
2026-08-19 11:44:05 | INFO | ✓ 650/4000 | Queue: 10 | ✅ https://bh.babyjoyclub.com/ar/about./about/about/a...
2026-08-19 11:44:06 | INFO | ✓ 651/4000 | Queue: 10 | ✅ https://bh.babyjoyclub.com/ar/about./about/about/a...
2026-08-19 11:44:06 | INFO | ✓ 652/4000 | Queue: 10 | ✅ https://bh.babyjoyclub.com/ar/about./about/about/a...
2026-08-19 11:44:07 | INFO | ✓ 653/4000 | Queue: 10 | ✅ https://bh.babyjoyclub.com/ar/about./about/about/a...
2026-08-19 11:44:08 | INFO | ✓ 654/4000 | Queue: 10 | ✅ https://bh.babyjoyclub.com/ar/about./about/about/a...
2026-08-19 11:44:09 | INFO | ✓ 655/4000 | Queue: 10 | ✅ https://bh.babyjoyclub.com/ar/about./about/about/a...
2026-08-19 11:44:09 | INFO | ✓ 656/4000 | Queue: 10 | ✅ https://bh.babyjoyclub.com/ar/about./about/about/a...
2026-08-19 11:44:10 | INFO | ✓ 657/4000 | Queue: 10 | ✅ https://bh.babyjoyclub.com/ar/about./about/about/a...
2026-08-19 11:44:11 | INFO | ✓ 658/4000 | Queue: 10 | ✅ https://bh.babyjoyclub.com/ar/about./about/about/a...
2026-08-19 11:44:11 | INFO | ✓ 659/4000 | Queue: 10 | ✅ https://bh.babyjoyclub.com/ar/about./about/about/a...
2026-08-19 11:44:12 | INFO | ✓ 660/4000 | Queue: 10 | ✅ https://bh.babyjoyclub.com/ar/about./about/about/a...
2026-08-19 11:44:13 | INFO | ✓ 661/4000 | Queue: 10 | ✅ https://bh.babyjoyclub.com/ar/about./about/about/a...
2026-08-19 11:44:14 | INFO | ✓ 662/4000 | Queue: 10 | ✅ https://bh.babyjoyclub.com/ar/about./about/about/a...
2026-08-19 11:44:14 | INFO | ✓ 663/4000 | Queue: 10 | ✅ https://bh.babyjoyclub.com/ar/about./about/about/a...
2026-08-19 11:44:15 | INFO | ✓ 664/4000 | Queue: 10 | ✅ https://bh.babyjoyclub.com/ar/about./about/about/a...
2026-08-19 11:44:15 | INFO | ✓ 665/4000 | Queue: 10 | ✅ https://bh.babyjoyclub.com/ar/about./about/about/a...
2026-08-19 11:44:16 | INFO | ✓ 666/4000 | Queue: 10 | ✅ https://bh.babyjoyclub.com/ar/about./about/about/a...
2026-08-19 11:44:17 | INFO | ✓ 667/4000 | Queue: 10 | ✅ https://bh.babyjoyclub.com/ar/about./about/about/a...
2026-08-19 11:44:17 | INFO | ✓ 668/4000 | Queue: 10 | ✅ https://bh.babyjoyclub.com/ar/about./about/about/a...
2026-08-19 11:44:18 | INFO | ✓ 669/4000 | Queue: 10 | ✅ https://bh.babyjoyclub.com/ar/about./about/about/a...
2026-08-19 11:44:19 | INFO | ✓ 670/4000 | Queue: 10 | ✅ https://bh.babyjoyclub.com/ar/about./about/about/a...
2026-08-19 11:44:19 | INFO | ✓ 671/4000 | Queue: 10 | ✅ https://bh.babyjoyclub.com/ar/about./about/about/a...
2026-08-19 11:44:20 | INFO | ✓ 672/4000 | Queue: 10 | ✅ https://bh.babyjoyclub.com/ar/about./about/about/a...
2026-08-19 11:44:21 | INFO | ✓ 673/4000 | Queue: 10 | ✅ https://bh.babyjoyclub.com/ar/about./about/about/a...
2026-08-19 11:44:21 | INFO | ✓ 674/4000 | Queue: 10 | ✅ https://bh.babyjoyclub.com/ar/about./about/about/a...
2026-08-19 11:44:22 | INFO | ✓ 675/4000 | Queue: 10 | ✅ https://bh.babyjoyclub.com/ar/about./about/about/a...
2026-08-19 11:44:23 | INFO | ✓ 676/4000 | Queue: 10 | ✅ https://bh.babyjoyclub.com/ar/about./about/about/a...
2026-08-19 11:44:24 | INFO | ✓ 677/4000 | Queue: 10 | ✅ https://bh.babyjoyclub.com/ar/about./about/about/a...
2026-08-19 11:44:24 | INFO | ✓ 678/4000 | Queue: 10 | ✅ https://bh.babyjoyclub.com/ar/about./about/about/a...
2026-08-19 11:44:25 | INFO | ✓ 679/4000 | Queue: 10 | ✅ https://bh.babyjoyclub.com/ar/about./about/about/a...
2026-08-19 11:44:26 | INFO | ✓ 680/4000 | Queue: 10 | ✅ https://bh.babyjoyclub.com/ar/about./about/about/a...
2026-08-19 11:44:27 | INFO | ✓ 681/4000 | Queue: 10 | ✅ https://bh.babyjoyclub.com/ar/about./about/about/a...
2026-08-19 11:44:27 | INFO | ✓ 682/4000 | Queue: 10 | ✅ https://bh.babyjoyclub.com/ar/about./about/about/a...
2026-08-19 11:44:28 | INFO | ✓ 683/4000 | Queue: 10 | ✅ https://bh.babyjoyclub.com/ar/about./about/about/a...
2026-08-19 11:44:29 | INFO | ✓ 684/4000 | Queue: 10 | ✅ https://bh.babyjoyclub.com/ar/about./about/about/a...
2026-08-19 11:44:30 | INFO | ✓ 685/4000 | Queue: 10 | ✅ https://bh.babyjoyclub.com/ar/about./about/about/a...
2026-08-19 11:44:30 | INFO | ✓ 686/4000 | Queue: 10 | ✅ https://bh.babyjoyclub.com/ar/about./about/about/a...
2026-08-19 11:44:31 | INFO | ✓ 687/4000 | Queue: 10 | ✅ https://bh.babyjoyclub.com/ar/about./about/about/a...
2026-08-19 11:44:32 | INFO | ✓ 688/4000 | Queue: 10 | ✅ https://bh.babyjoyclub.com/ar/about./about/about/a...
2026-08-19 11:44:32 | INFO | ✓ 689/4000 | Queue: 10 | ✅ https://bh.babyjoyclub.com/ar/about./about/about/a...
2026-08-19 11:44:33 | INFO | ✓ 690/4000 | Queue: 10 | ✅ https://bh.babyjoyclub.com/ar/about./about/about/a...
2026-08-19 11:44:34 | INFO | ✓ 691/4000 | Queue: 10 | ✅ https://bh.babyjoyclub.com/ar/about./about/about/a...
2026-08-19 11:44:35 | INFO | ✓ 692/4000 | Queue: 10 | ✅ https://bh.babyjoyclub.com/ar/about./about/about/a...
2026-08-19 11:44:35 | INFO | ✓ 693/4000 | Queue: 10 | ✅ https://bh.babyjoyclub.com/ar/about./about/about/a...
2026-08-19 11:44:36 | INFO | ✓ 694/4000 | Queue: 10 | ✅ https://bh.babyjoyclub.com/ar/about./about/about/a...
2026-08-19 11:44:37 | INFO | ✓ 695/4000 | Queue: 10 | ✅ https://bh.babyjoyclub.com/ar/about./about/about/a...
2026-08-19 11:44:37 | INFO | ✓ 696/4000 | Queue: 10 | ✅ https://bh.babyjoyclub.com/ar/about./about/about/a...
2026-08-19 11:44:38 | INFO | ✓ 697/4000 | Queue: 10 | ✅ https://bh.babyjoyclub.com/ar/about./about/about/a...
2026-08-19 11:44:39 | INFO | ✓ 698/4000 | Queue: 10 | ✅ https://bh.babyjoyclub.com/ar/about./about/about/a...
2026-08-19 11:44:39 | INFO | ✓ 699/4000 | Queue: 10 | ✅ https://bh.babyjoyclub.com/ar/about./about/about/a...
2026-08-19 11:44:40 | INFO | ✓ 700/4000 | Queue: 10 | ✅ https://bh.babyjoyclub.com/ar/about./about/about/a...
2026-08-19 11:44:40 | INFO | Checkpoint saved: 700 visited, 10 queued
2026-08-19 11:44:41 | INFO | ✓ 701/4000 | Queue: 10 | ✅ https://bh.babyjoyclub.com/ar/about./about/about/a...
2026-08-19 11:44:41 | INFO | ✓ 702/4000 | Queue: 10 | ✅ https://bh.babyjoyclub.com/ar/about./about/about/a...
2026-08-19 11:44:42 | INFO | ✓ 703/4000 | Queue: 10 | ✅ https://bh.babyjoyclub.com/ar/about./about/about/a...
2026-08-19 11:44:43 | INFO | ✓ 704/4000 | Queue: 10 | ✅ https://bh.babyjoyclub.com/ar/about./about/about/a...
2026-08-19 11:44:43 | INFO | ✓ 705/4000 | Queue: 10 | ✅ https://bh.babyjoyclub.com/ar/about./about/about/a...
2026-08-19 11:44:45 | INFO | ✓ 706/4000 | Queue: 10 | ✅ https://bh.babyjoyclub.com/ar/about./about/about/a...
2026-08-19 11:44:46 | INFO | ✓ 707/4000 | Queue: 10 | ✅ https://bh.babyjoyclub.com/ar/about./about/about/a...
2026-08-19 11:44:47 | INFO | ✓ 708/4000 | Queue: 10 | ✅ https://bh.babyjoyclub.com/ar/about./about/about/a...
2026-08-19 11:44:47 | INFO | ✓ 709/4000 | Queue: 10 | ✅ https://bh.babyjoyclub.com/ar/about./about/about/a...
2026-08-19 11:44:48 | INFO | ✓ 710/4000 | Queue: 10 | ✅ https://bh.babyjoyclub.com/ar/about./about/about/a...
2026-08-19 11:44:49 | INFO | ✓ 711/4000 | Queue: 10 | ✅ https://bh.babyjoyclub.com/ar/about./about/about/a...
2026-08-19 11:44:50 | INFO | ✓ 712/4000 | Queue: 2 | ⚠️ https://bh.babyjoyclub.com/ar/about./about/about/a...
2026-08-19 11:44:50 | INFO | Checkpoint saved: 712 visited, 0 queued
2026-08-19 11:44:50 | INFO | CRAWL COMPLETE
2026-08-19 11:44:50 | INFO | Total URLs discovered: 712
2026-08-19 11:44:50 | INFO | Status breakdown:
2026-08-19 11:44:51 | INFO | ✅ 200 (Success): 710
2026-08-19 11:44:51 | INFO | ⚠️ 403 (Client Error): 1
2026-08-19 11:44:51 | INFO | ⚠️ 404 (Client Error): 1
2026-08-19 11:44:54 | INFO | Creating sample URLs...
2026-08-19 11:44:54 | INFO | Total URLs in grouped data: 712
2026-08-19 11:44:54 | INFO | Total URLs (712) <= 1000, using ALL URLs
2026-08-19 11:44:54 | INFO | Created urls-sample.json with 712 URLs
2026-08-19 11:44:54 | INFO | Validating urls-sample.json against schema...
✅ VALIDATION PASSED: urls-sample.json matches schema
2026-08-19 11:44:54 | INFO | Schema validation passed
2026-08-19 11:44:54 | INFO | Sample creation complete - urls-sample.json with 712 URLs
2026-08-19 11:48:25 | INFO | Creating sample URLs...
2026-08-19 11:48:25 | INFO | Total URLs in grouped data: 40
2026-08-19 11:48:25 | INFO | Total URLs (40) <= 1000, using ALL URLs
2026-08-19 11:48:25 | INFO | Created urls-sample.json with 40 URLs
2026-08-19 11:48:25 | INFO | Validating urls-sample.json against schema...
✅ VALIDATION PASSED: urls-sample.json matches schema
2026-08-19 11:48:25 | INFO | Schema validation passed
2026-08-19 11:48:25 | INFO | Sample creation complete - urls-sample.json with 40 URLs
