2026-08-19 11:36:44 | INFO | Redirect (301) → https://www.unicharm.com.br/pt/home.html
2026-08-19 11:36:44 | INFO | Checking root page for sitemap-like links...
2026-08-19 11:36:44 | INFO | Redirect (301) → https://www.unicharm.com.br/pt/home.html
2026-08-19 11:36:44 | INFO | Found 1 sitemap-like candidate(s) on the root page
2026-08-19 11:36:44 | INFO | Trying sitemap candidates...
2026-08-19 11:36:44 | INFO | Trying sitemap candidate: https://www.unicharm.com.br/sitemap.xml
2026-08-19 11:36:45 | INFO | Redirect (301) → https://www.unicharm.com.br/pt/home.html
2026-08-19 11:36:45 | WARNING | Got 200 but not a valid sitemap. Preview: <!DOCTYPE html PUBLIC "-//W3C//DTD XHTML 1.0 Strict//EN" "http://www.w3.org/TR/xhtml1/DTD/xhtml1-strict.dtd"> <html lang="pt" > <head prefix="og: http://ogp.me/ns#"> <meta http-equiv="Content-Type...
2026-08-19 11:36:45 | INFO | Trying sitemap candidate: https://www.unicharm.com.br/sitemap.xml.gz
2026-08-19 11:36:45 | INFO | Redirect (301) → https://www.unicharm.com.br/pt/home.html
2026-08-19 11:36:45 | WARNING | Got 200 but not a valid sitemap. Preview: <!DOCTYPE html PUBLIC "-//W3C//DTD XHTML 1.0 Strict//EN" "http://www.w3.org/TR/xhtml1/DTD/xhtml1-strict.dtd"> <html lang="pt" > <head prefix="og: http://ogp.me/ns#"> <meta http-equiv="Content-Type...
2026-08-19 11:36:45 | INFO | Trying sitemap candidate: https://www.unicharm.com.br/sitemap_index.xml
2026-08-19 11:36:45 | INFO | Redirect (301) → https://www.unicharm.com.br/pt/home.html
2026-08-19 11:36:45 | WARNING | Got 200 but not a valid sitemap. Preview: <!DOCTYPE html PUBLIC "-//W3C//DTD XHTML 1.0 Strict//EN" "http://www.w3.org/TR/xhtml1/DTD/xhtml1-strict.dtd"> <html lang="pt" > <head prefix="og: http://ogp.me/ns#"> <meta http-equiv="Content-Type...
2026-08-19 11:36:45 | INFO | Trying sitemap candidate: https://www.unicharm.com.br/sitemap-index.xml
2026-08-19 11:36:45 | INFO | Redirect (301) → https://www.unicharm.com.br/pt/home.html
2026-08-19 11:36:45 | WARNING | Got 200 but not a valid sitemap. Preview: <!DOCTYPE html PUBLIC "-//W3C//DTD XHTML 1.0 Strict//EN" "http://www.w3.org/TR/xhtml1/DTD/xhtml1-strict.dtd"> <html lang="pt" > <head prefix="og: http://ogp.me/ns#"> <meta http-equiv="Content-Type...
2026-08-19 11:36:45 | INFO | Trying sitemap candidate: https://www.unicharm.com.br/sitemap.txt
2026-08-19 11:36:46 | INFO | Redirect (301) → https://www.unicharm.com.br/pt/home.html
2026-08-19 11:36:46 | WARNING | Got 200 but not a valid sitemap. Preview: <!DOCTYPE html PUBLIC "-//W3C//DTD XHTML 1.0 Strict//EN" "http://www.w3.org/TR/xhtml1/DTD/xhtml1-strict.dtd"> <html lang="pt" > <head prefix="og: http://ogp.me/ns#"> <meta http-equiv="Content-Type...
2026-08-19 11:36:46 | INFO | Trying sitemap candidate: https://www.unicharm.com.br/pt/site-map.html
2026-08-19 11:36:46 | WARNING | Got 200 but not a valid sitemap. Preview: <!DOCTYPE html PUBLIC "-//W3C//DTD XHTML 1.0 Strict//EN" "http://www.w3.org/TR/xhtml1/DTD/xhtml1-strict.dtd"> <html lang="pt" > <head prefix="og: http://ogp.me/ns#"> <meta http-equiv="Content-Type...
2026-08-19 11:36:46 | INFO | Checking robots.txt for sitemap references...
2026-08-19 11:36:46 | INFO | Found 1 sitemap(s) in robots.txt
2026-08-19 11:36:46 | INFO | Processing 1 unique sitemap(s) from robots.txt...
2026-08-19 11:36:46 | INFO | [1/1] Fetching sitemap: https://www.unicharm.com.br/pt/sitemap.xml
2026-08-19 11:36:47 | WARNING | HTTP status: 404
2026-08-19 11:36:47 | WARNING | Failed to fetch sitemap (status: 404)
2026-08-19 11:36:47 | INFO | Retrying sitemap discovery with alternate root: https://unicharm.com.br
2026-08-19 11:36:47 | INFO | Checking root page for sitemap-like links...
2026-08-19 11:36:47 | WARNING | Fetch error: fetch failed
2026-08-19 11:36:47 | INFO | Trying sitemap candidates...
2026-08-19 11:36:47 | INFO | Trying sitemap candidate: https://unicharm.com.br/sitemap.xml
2026-08-19 11:36:47 | WARNING | Fetch error: fetch failed
2026-08-19 11:36:47 | INFO | Trying sitemap candidate: https://unicharm.com.br/sitemap.xml.gz
2026-08-19 11:36:47 | WARNING | Fetch error: fetch failed
2026-08-19 11:36:47 | INFO | Trying sitemap candidate: https://unicharm.com.br/sitemap_index.xml
2026-08-19 11:36:47 | WARNING | Fetch error: fetch failed
2026-08-19 11:36:47 | INFO | Trying sitemap candidate: https://unicharm.com.br/sitemap-index.xml
2026-08-19 11:36:47 | WARNING | Fetch error: fetch failed
2026-08-19 11:36:47 | INFO | Trying sitemap candidate: https://unicharm.com.br/sitemap.txt
2026-08-19 11:36:47 | WARNING | Fetch error: fetch failed
2026-08-19 11:36:47 | INFO | Checking robots.txt for sitemap references...
2026-08-19 11:36:47 | WARNING | Fetch error: fetch failed
2026-08-19 11:36:47 | INFO | Fetching sitemap for site root: https://www.unicharm.com.br
2026-08-19 11:36:47 | ERROR | No sitemap found
2026-08-19 11:36:47 | INFO | Tried standard locations and robots.txt references.
2026-08-19 11:36:47 | WARNING | No sitemap found for https://www.unicharm.com.br - will need to use crawler fallback
2026-08-19 11:36:48 | INFO | Site crawler starting
2026-08-19 11:36:48 | INFO | Starting crawl: https://www.unicharm.com.br
2026-08-19 11:36:48 | INFO | Max pages: 4000, Delay: 300ms, Timeout: 15000ms
2026-08-19 11:36:48 | INFO | Max retries per URL: 2
2026-08-19 11:36:48 | INFO | Robots.txt disallow rules found: 1
2026-08-19 11:36:49 | INFO | ✓ 1/4000 | Queue: 27 | ✅ https://www.unicharm.com.br/...
2026-08-19 11:36:49 | INFO | ✓ 2/4000 | Queue: 26 | ✅ https://www.unicharm.com.br/pt/home.html...
2026-08-19 11:36:50 | INFO | ✓ 3/4000 | Queue: 43 | ✅ https://www.unicharm.com.br/pt/global.html...
2026-08-19 11:36:51 | INFO | ✓ 4/4000 | Queue: 42 | ✅ https://www.unicharm.com.br/pt/brand.html...
2026-08-19 11:36:51 | INFO | ✓ 5/4000 | Queue: 42 | ✅ https://www.unicharm.com.br/pt/cm.html...
2026-08-19 11:36:52 | INFO | ✓ 6/4000 | Queue: 41 | ✅ https://www.unicharm.com.br/pt/contact-us.html...
2026-08-19 11:36:53 | INFO | ✓ 7/4000 | Queue: 40 | ✅ https://www.unicharm.com.br/pt/contact-us/qa1.html...
2026-08-19 11:36:53 | INFO | ✓ 8/4000 | Queue: 40 | ✅ https://www.unicharm.com.br/pt/company.html...
2026-08-19 11:36:54 | INFO | ✓ 9/4000 | Queue: 39 | ✅ https://www.unicharm.com.br/pt/company/topmessage....
2026-08-19 11:36:55 | INFO | ✓ 10/4000 | Queue: 45 | ✅ https://www.unicharm.com.br/pt/company/corporate-p...
2026-08-19 11:36:55 | INFO | ✓ 11/4000 | Queue: 45 | ✅ https://www.unicharm.com.br/pt/company/corporate-g...
2026-08-19 11:36:56 | INFO | ✓ 12/4000 | Queue: 53 | ✅ https://www.unicharm.com.br/pt/company/overview.ht...
2026-08-19 11:36:57 | INFO | ✓ 13/4000 | Queue: 56 | ✅ https://www.unicharm.com.br/pt/company/business-fi...
2026-08-19 11:36:58 | INFO | ✓ 14/4000 | Queue: 55 | ✅ https://www.unicharm.com.br/pt/company/office.html...
2026-08-19 11:36:58 | INFO | ✓ 15/4000 | Queue: 68 | ✅ https://www.unicharm.com.br/pt/company/affiliate.h...
2026-08-19 11:36:59 | INFO | ✓ 16/4000 | Queue: 67 | ✅ https://www.unicharm.com.br/pt/company/charmring.h...
2026-08-19 11:37:00 | INFO | ✓ 17/4000 | Queue: 67 | ✅ https://www.unicharm.com.br/pt/company/lyp.html...
2026-08-19 11:37:01 | INFO | ✓ 18/4000 | Queue: 68 | ✅ https://www.unicharm.com.br/pt/csr-eco.html...
2026-08-19 11:37:02 | INFO | ✓ 19/4000 | Queue: 65 | ⚠️ https://www.unicharm.com.br/pt/company/news/2022...
2026-08-19 11:37:02 | INFO | ✓ 20/4000 | Queue: 62 | ✅ https://www.unicharm.com.br/pt/terms-of-use.html...
2026-08-19 11:37:03 | INFO | ✓ 21/4000 | Queue: 64 | ✅ https://www.unicharm.com.br/pt/privacy-policy.html...
2026-08-19 11:37:04 | INFO | ✓ 22/4000 | Queue: 64 | ✅ https://www.unicharm.com.br/pt/site-map.html...
2026-08-19 11:37:04 | INFO | ✓ 23/4000 | Queue: 64 | ✅ https://www.unicharm.com.br/pt/responsibility.html...
2026-08-19 11:37:05 | INFO | ✓ 24/4000 | Queue: 44 | ✅ https://www.unicharm.com.br/pt/company/.html?ancho...
2026-08-19 11:37:06 | INFO | ✓ 25/4000 | Queue: 43 | ✅ https://www.unicharm.com.br/pt/company/.html?ancho...
2026-08-19 11:37:06 | INFO | ✓ 26/4000 | Queue: 42 | ✅ https://www.unicharm.com.br/pt/company/.html?ancho...
2026-08-19 11:37:06 | INFO | ✓ 27/4000 | Queue: 41 | ✅ https://www.unicharm.com.br/pt/company/.html?ancho...
2026-08-19 11:37:07 | INFO | ✓ 28/4000 | Queue: 40 | ✅ https://www.unicharm.com.br/pt/company/.html?ancho...
2026-08-19 11:37:07 | INFO | ✓ 29/4000 | Queue: 39 | ✅ https://www.unicharm.com.br/pt/company/.html?ancho...
2026-08-19 11:37:07 | INFO | ✓ 30/4000 | Queue: 38 | ✅ https://www.unicharm.com.br/pt/company/.html?ancho...
2026-08-19 11:37:08 | INFO | ✓ 31/4000 | Queue: 37 | ✅ https://www.unicharm.com.br/content/dam/sites/www_...
2026-08-19 11:37:08 | INFO | ✓ 32/4000 | Queue: 36 | ✅ https://www.unicharm.com.br/pt/company/.html?ancho...
2026-08-19 11:37:09 | INFO | ✓ 33/4000 | Queue: 35 | ✅ https://www.unicharm.com.br/pt/company/.html?ancho...
2026-08-19 11:37:09 | INFO | Skipped by robots.txt: https://www.unicharm.com.br/shareparts/en/company/about/overview/map_t...
2026-08-19 11:37:09 | INFO | ✓ 34/4000 | Queue: 27 | ✅ https://www.unicharm.com.br/pt/company/.html?ancho...
2026-08-19 11:37:09 | INFO | ✓ 35/4000 | Queue: 26 | ✅ https://www.unicharm.com.br/pt/company/.html?ancho...
2026-08-19 11:37:10 | INFO | ✓ 36/4000 | Queue: 25 | ✅ https://www.unicharm.com.br/pt/company/.html?ancho...
2026-08-19 11:37:10 | INFO | ✓ 37/4000 | Queue: 24 | ✅ https://www.unicharm.com.br/pt/company/.html?ancho...
2026-08-19 11:37:10 | INFO | Skipped by robots.txt: https://www.unicharm.com.br/shareparts/en/company/about/overview/map_s...
2026-08-19 11:37:10 | INFO | ✓ 38/4000 | Queue: 22 | ✅ https://www.unicharm.com.br/pt/company/.html?ancho...
2026-08-19 11:37:11 | INFO | ✓ 39/4000 | Queue: 21 | ✅ https://www.unicharm.com.br/pt/company/.html?ancho...
2026-08-19 11:37:11 | INFO | ✓ 40/4000 | Queue: 20 | ✅ https://www.unicharm.com.br/pt/company/.html?ancho...
2026-08-19 11:37:12 | INFO | ✓ 41/4000 | Queue: 36 | ✅ http://www.unicharm.com.br/...
2026-08-19 11:37:12 | INFO | ✓ 42/4000 | Queue: 67 | ✅ https://www.unicharm.com.br/pt/csr-eco/report.html...
2026-08-19 11:37:13 | INFO | ✓ 43/4000 | Queue: 66 | ⚠️ https://www.unicharm.com.br/pt/csr-eco/education...
2026-08-19 11:37:14 | INFO | ✓ 44/4000 | Queue: 65 | ✅ https://www.unicharm.com.br/pt/privacy-policy/cook...
2026-08-19 11:37:14 | INFO | ✓ 45/4000 | Queue: 84 | ✅ https://www.unicharm.com.br/pt/company/safety.html...
2026-08-19 11:37:16 | INFO | ✓ 46/4000 | Queue: 83 | ✅ https://www.unicharm.com.br/content/dam/sites/www_...
2026-08-19 11:37:16 | INFO | ✓ 47/4000 | Queue: 81 | ✅ http://www.unicharm.com.br/pt/home.html...
2026-08-19 11:37:17 | INFO | ✓ 48/4000 | Queue: 98 | ✅ http://www.unicharm.com.br/pt/global.html...
2026-08-19 11:37:17 | INFO | ✓ 49/4000 | Queue: 97 | ✅ http://www.unicharm.com.br/pt/brand.html...
2026-08-19 11:37:17 | INFO | ✓ 50/4000 | Queue: 97 | ✅ http://www.unicharm.com.br/pt/cm.html...
2026-08-19 11:37:18 | INFO | ✓ 51/4000 | Queue: 96 | ✅ http://www.unicharm.com.br/pt/contact-us.html...
2026-08-19 11:37:18 | INFO | ✓ 52/4000 | Queue: 95 | ✅ http://www.unicharm.com.br/pt/contact-us/qa1.html...
2026-08-19 11:37:18 | INFO | ✓ 53/4000 | Queue: 95 | ✅ http://www.unicharm.com.br/pt/company.html...
2026-08-19 11:37:19 | INFO | ✓ 54/4000 | Queue: 94 | ✅ http://www.unicharm.com.br/pt/company/topmessage.h...
2026-08-19 11:37:19 | INFO | ✓ 55/4000 | Queue: 100 | ✅ http://www.unicharm.com.br/pt/company/corporate-ph...
2026-08-19 11:37:20 | INFO | ✓ 56/4000 | Queue: 100 | ✅ http://www.unicharm.com.br/pt/company/corporate-go...
2026-08-19 11:37:20 | INFO | ✓ 57/4000 | Queue: 108 | ✅ http://www.unicharm.com.br/pt/company/overview.htm...
2026-08-19 11:37:20 | INFO | ✓ 58/4000 | Queue: 111 | ✅ http://www.unicharm.com.br/pt/company/business-fie...
2026-08-19 11:37:21 | INFO | ✓ 59/4000 | Queue: 110 | ✅ http://www.unicharm.com.br/pt/company/office.html...
2026-08-19 11:37:21 | INFO | ✓ 60/4000 | Queue: 122 | ✅ http://www.unicharm.com.br/pt/company/affiliate.ht...
2026-08-19 11:37:21 | INFO | ✓ 61/4000 | Queue: 121 | ✅ http://www.unicharm.com.br/pt/company/charmring.ht...
2026-08-19 11:37:22 | INFO | ✓ 62/4000 | Queue: 121 | ✅ http://www.unicharm.com.br/pt/company/lyp.html...
2026-08-19 11:37:22 | INFO | ✓ 63/4000 | Queue: 122 | ✅ http://www.unicharm.com.br/pt/csr-eco.html...
2026-08-19 11:37:23 | INFO | ✓ 64/4000 | Queue: 120 | ⚠️ http://www.unicharm.com.br/pt/company/news/2022...
2026-08-19 11:37:24 | INFO | ✓ 65/4000 | Queue: 116 | ✅ http://www.unicharm.com.br/pt/terms-of-use.html...
2026-08-19 11:37:24 | INFO | ✓ 66/4000 | Queue: 117 | ✅ http://www.unicharm.com.br/pt/privacy-policy.html...
2026-08-19 11:37:25 | INFO | ✓ 67/4000 | Queue: 118 | ✅ http://www.unicharm.com.br/pt/site-map.html...
2026-08-19 11:37:25 | INFO | ✓ 68/4000 | Queue: 118 | ✅ http://www.unicharm.com.br/pt/responsibility.html...
2026-08-19 11:37:26 | INFO | ✓ 69/4000 | Queue: 117 | ⚠️ https://www.unicharm.com.br/content/dam/sites/www_...
2026-08-19 11:37:26 | INFO | ✓ 70/4000 | Queue: 116 | ⚠️ https://www.unicharm.com.br/content/dam/sites/www_...
2026-08-19 11:37:27 | INFO | ✓ 71/4000 | Queue: 115 | ⚠️ https://www.unicharm.com.br/content/dam/sites/www_...
2026-08-19 11:37:27 | INFO | ✓ 72/4000 | Queue: 114 | ⚠️ https://www.unicharm.com.br/content/dam/sites/www_...
2026-08-19 11:37:28 | INFO | ✓ 73/4000 | Queue: 113 | ⚠️ https://www.unicharm.com.br/content/dam/sites/www_...
2026-08-19 11:37:29 | INFO | ✓ 74/4000 | Queue: 112 | ⚠️ https://www.unicharm.com.br/content/dam/sites/www_...
2026-08-19 11:37:29 | INFO | ✓ 75/4000 | Queue: 111 | ⚠️ https://www.unicharm.com.br/content/dam/sites/www_...
2026-08-19 11:37:30 | INFO | ✓ 76/4000 | Queue: 110 | ⚠️ https://www.unicharm.com.br/content/dam/sites/www_...
2026-08-19 11:37:31 | INFO | ✓ 77/4000 | Queue: 109 | ⚠️ https://www.unicharm.com.br/content/dam/sites/www_...
2026-08-19 11:37:31 | INFO | ✓ 78/4000 | Queue: 108 | ⚠️ https://www.unicharm.com.br/content/dam/sites/www_...
2026-08-19 11:37:32 | INFO | ✓ 79/4000 | Queue: 107 | ⚠️ https://www.unicharm.com.br/content/dam/sites/www_...
2026-08-19 11:37:32 | INFO | ✓ 80/4000 | Queue: 106 | ⚠️ https://www.unicharm.com.br/content/dam/sites/www_...
2026-08-19 11:37:33 | INFO | ✓ 81/4000 | Queue: 105 | ⚠️ https://www.unicharm.com.br/content/dam/sites/www_...
2026-08-19 11:37:34 | INFO | ✓ 82/4000 | Queue: 104 | ⚠️ https://www.unicharm.com.br/content/dam/sites/www_...
2026-08-19 11:37:34 | INFO | ✓ 83/4000 | Queue: 103 | ⚠️ https://www.unicharm.com.br/content/dam/sites/www_...
2026-08-19 11:37:35 | INFO | ✓ 84/4000 | Queue: 102 | ⚠️ https://www.unicharm.com.br/content/dam/sites/www_...
2026-08-19 11:37:36 | INFO | ✓ 85/4000 | Queue: 101 | ⚠️ https://www.unicharm.com.br/content/dam/sites/www_...
2026-08-19 11:37:36 | INFO | ✓ 86/4000 | Queue: 100 | ⚠️ https://www.unicharm.com.br/content/dam/sites/www_...
2026-08-19 11:37:37 | INFO | ✓ 87/4000 | Queue: 99 | ⚠️ https://www.unicharm.com.br/content/dam/sites/www_...
2026-08-19 11:37:37 | INFO | ✓ 88/4000 | Queue: 98 | ⚠️ https://www.unicharm.com.br/content/dam/sites/www_...
2026-08-19 11:37:38 | INFO | ✓ 89/4000 | Queue: 97 | ⚠️ https://www.unicharm.com.br/content/dam/sites/www_...
2026-08-19 11:37:39 | INFO | ✓ 90/4000 | Queue: 96 | ⚠️ https://www.unicharm.com.br/content/dam/sites/www_...
2026-08-19 11:37:39 | INFO | ✓ 91/4000 | Queue: 95 | ⚠️ https://www.unicharm.com.br/content/dam/sites/www_...
2026-08-19 11:37:40 | INFO | ✓ 92/4000 | Queue: 94 | ⚠️ https://www.unicharm.com.br/content/dam/sites/www_...
2026-08-19 11:37:40 | INFO | ✓ 93/4000 | Queue: 93 | ⚠️ https://www.unicharm.com.br/content/dam/sites/www_...
2026-08-19 11:37:41 | INFO | ✓ 94/4000 | Queue: 92 | ⚠️ https://www.unicharm.com.br/content/dam/sites/www_...
2026-08-19 11:37:42 | INFO | ✓ 95/4000 | Queue: 91 | ⚠️ https://www.unicharm.com.br/content/dam/sites/www_...
2026-08-19 11:37:42 | INFO | ✓ 96/4000 | Queue: 90 | ⚠️ https://www.unicharm.com.br/content/dam/sites/www_...
2026-08-19 11:37:43 | INFO | ✓ 97/4000 | Queue: 89 | ⚠️ https://www.unicharm.com.br/content/dam/sites/www_...
2026-08-19 11:37:43 | INFO | ✓ 98/4000 | Queue: 88 | ⚠️ https://www.unicharm.com.br/content/dam/sites/www_...
2026-08-19 11:37:44 | INFO | ✓ 99/4000 | Queue: 87 | ⚠️ https://www.unicharm.com.br/content/dam/sites/www_...
2026-08-19 11:37:45 | INFO | ✓ 100/4000 | Queue: 86 | ⚠️ https://www.unicharm.com.br/content/dam/sites/www_...
2026-08-19 11:37:45 | INFO | Checkpoint saved: 100 visited, 86 queued
2026-08-19 11:37:45 | INFO | ✓ 101/4000 | Queue: 88 | ✅ https://www.unicharm.com.br/en/home.html...
2026-08-19 11:37:46 | INFO | ✓ 102/4000 | Queue: 87 | ⚠️ https://www.unicharm.com.br/en/global.html...
2026-08-19 11:37:47 | INFO | ✓ 103/4000 | Queue: 86 | ⚠️ https://www.unicharm.com.br/en/brand.html...
2026-08-19 11:37:47 | INFO | ✓ 104/4000 | Queue: 85 | ⚠️ https://www.unicharm.com.br/en/contact-us.html...
2026-08-19 11:37:48 | INFO | ✓ 105/4000 | Queue: 84 | ⚠️ https://www.unicharm.com.br/en/contact-us/qa1.html...
2026-08-19 11:37:48 | INFO | ✓ 106/4000 | Queue: 83 | ⚠️ https://www.unicharm.com.br/en/contact-us/qa2.html...
2026-08-19 11:37:49 | INFO | ✓ 107/4000 | Queue: 82 | ⚠️ https://www.unicharm.com.br/en/contact-us/qa3.html...
2026-08-19 11:37:50 | INFO | ✓ 108/4000 | Queue: 81 | ⚠️ https://www.unicharm.com.br/en/company.html...
2026-08-19 11:37:50 | INFO | ✓ 109/4000 | Queue: 80 | ⚠️ https://www.unicharm.com.br/en/company/topmessage....
2026-08-19 11:37:51 | INFO | ✓ 110/4000 | Queue: 79 | ⚠️ https://www.unicharm.com.br/en/company/corporate-p...
2026-08-19 11:37:51 | INFO | ✓ 111/4000 | Queue: 78 | ⚠️ https://www.unicharm.com.br/en/company/corporate-g...
2026-08-19 11:37:52 | INFO | ✓ 112/4000 | Queue: 77 | ⚠️ https://www.unicharm.com.br/en/company/overview.ht...
2026-08-19 11:37:53 | INFO | ✓ 113/4000 | Queue: 76 | ⚠️ https://www.unicharm.com.br/en/company/business-fi...
2026-08-19 11:37:53 | INFO | ✓ 114/4000 | Queue: 75 | ⚠️ https://www.unicharm.com.br/en/company/office.html...
2026-08-19 11:37:54 | INFO | ✓ 115/4000 | Queue: 74 | ⚠️ https://www.unicharm.com.br/en/company/affiliate.h...
2026-08-19 11:37:55 | INFO | ✓ 116/4000 | Queue: 73 | ⚠️ https://www.unicharm.com.br/en/company/charmring.h...
2026-08-19 11:37:55 | INFO | ✓ 117/4000 | Queue: 72 | ⚠️ https://www.unicharm.com.br/en/company/lyp.html...
2026-08-19 11:37:56 | INFO | ✓ 118/4000 | Queue: 71 | ⚠️ https://www.unicharm.com.br/en/csr-eco.html...
2026-08-19 11:37:57 | INFO | ✓ 119/4000 | Queue: 70 | ⚠️ https://www.unicharm.com.br/en/recruit.html...
2026-08-19 11:37:57 | INFO | ✓ 120/4000 | Queue: 69 | ✅ https://www.unicharm.com.br/en/terms-of-use.html...
2026-08-19 11:37:58 | INFO | ✓ 121/4000 | Queue: 71 | ✅ https://www.unicharm.com.br/en/privacy-policy.html...
2026-08-19 11:37:59 | INFO | ✓ 122/4000 | Queue: 70 | ⚠️ https://www.unicharm.com.br/en/site-map.html...
2026-08-19 11:37:59 | INFO | ✓ 123/4000 | Queue: 50 | ✅ http://www.unicharm.com.br/pt/company/.html?anchor...
2026-08-19 11:38:00 | INFO | ✓ 124/4000 | Queue: 49 | ✅ http://www.unicharm.com.br/pt/company/.html?anchor...
2026-08-19 11:38:00 | INFO | ✓ 125/4000 | Queue: 48 | ✅ http://www.unicharm.com.br/pt/company/.html?anchor...
2026-08-19 11:38:01 | INFO | ✓ 126/4000 | Queue: 47 | ✅ http://www.unicharm.com.br/pt/company/.html?anchor...
2026-08-19 11:38:01 | INFO | ✓ 127/4000 | Queue: 46 | ✅ http://www.unicharm.com.br/pt/company/.html?anchor...
2026-08-19 11:38:01 | INFO | ✓ 128/4000 | Queue: 45 | ✅ http://www.unicharm.com.br/pt/company/.html?anchor...
2026-08-19 11:38:02 | INFO | ✓ 129/4000 | Queue: 44 | ✅ http://www.unicharm.com.br/pt/company/.html?anchor...
2026-08-19 11:38:02 | INFO | ✓ 130/4000 | Queue: 43 | ✅ http://www.unicharm.com.br/content/dam/sites/www_u...
2026-08-19 11:38:03 | INFO | ✓ 131/4000 | Queue: 42 | ✅ http://www.unicharm.com.br/pt/company/.html?anchor...
2026-08-19 11:38:03 | INFO | ✓ 132/4000 | Queue: 41 | ✅ http://www.unicharm.com.br/pt/company/.html?anchor...
2026-08-19 11:38:03 | INFO | Skipped by robots.txt: http://www.unicharm.com.br/shareparts/en/company/about/overview/map_to...
2026-08-19 11:38:03 | INFO | ✓ 133/4000 | Queue: 33 | ✅ http://www.unicharm.com.br/pt/company/.html?anchor...
2026-08-19 11:38:04 | INFO | ✓ 134/4000 | Queue: 32 | ✅ http://www.unicharm.com.br/pt/company/.html?anchor...
2026-08-19 11:38:04 | INFO | ✓ 135/4000 | Queue: 31 | ✅ http://www.unicharm.com.br/pt/company/.html?anchor...
2026-08-19 11:38:05 | INFO | ✓ 136/4000 | Queue: 30 | ✅ http://www.unicharm.com.br/pt/company/.html?anchor...
2026-08-19 11:38:05 | INFO | Skipped by robots.txt: http://www.unicharm.com.br/shareparts/en/company/about/overview/map_si...
2026-08-19 11:38:05 | INFO | ✓ 137/4000 | Queue: 28 | ✅ http://www.unicharm.com.br/pt/company/.html?anchor...
2026-08-19 11:38:05 | INFO | ✓ 138/4000 | Queue: 27 | ✅ http://www.unicharm.com.br/pt/company/.html?anchor...
2026-08-19 11:38:06 | INFO | ✓ 139/4000 | Queue: 26 | ✅ http://www.unicharm.com.br/pt/company/.html?anchor...
2026-08-19 11:38:06 | INFO | ✓ 140/4000 | Queue: 48 | ✅ http://www.unicharm.com.br/pt/csr-eco/report.html...
2026-08-19 11:38:07 | INFO | ✓ 141/4000 | Queue: 47 | ⚠️ http://www.unicharm.com.br/pt/csr-eco/education...
2026-08-19 11:38:08 | INFO | ✓ 142/4000 | Queue: 66 | ✅ http://www.unicharm.com.br/pt/company/safety.html...
2026-08-19 11:38:08 | INFO | ✓ 143/4000 | Queue: 65 | ✅ http://www.unicharm.com.br/pt/privacy-policy/cooki...
2026-08-19 11:38:08 | INFO | ✓ 144/4000 | Queue: 64 | ✅ http://www.unicharm.com.br/content/dam/sites/www_u...
2026-08-19 11:38:09 | INFO | ✓ 145/4000 | Queue: 58 | ✅ https://www.unicharm.com.br/en/privacy-policy/cook...
2026-08-19 11:38:10 | INFO | ✓ 146/4000 | Queue: 54 | ⚠️ http://www.unicharm.com.br/content/dam/sites/www_u...
2026-08-19 11:38:10 | INFO | ✓ 147/4000 | Queue: 53 | ⚠️ http://www.unicharm.com.br/content/dam/sites/www_u...
2026-08-19 11:38:11 | INFO | ✓ 148/4000 | Queue: 52 | ⚠️ http://www.unicharm.com.br/content/dam/sites/www_u...
2026-08-19 11:38:12 | INFO | ✓ 149/4000 | Queue: 51 | ⚠️ http://www.unicharm.com.br/content/dam/sites/www_u...
2026-08-19 11:38:12 | INFO | ✓ 150/4000 | Queue: 50 | ⚠️ http://www.unicharm.com.br/content/dam/sites/www_u...
2026-08-19 11:38:13 | INFO | ✓ 151/4000 | Queue: 49 | ⚠️ http://www.unicharm.com.br/content/dam/sites/www_u...
2026-08-19 11:38:14 | INFO | ✓ 152/4000 | Queue: 48 | ⚠️ http://www.unicharm.com.br/content/dam/sites/www_u...
2026-08-19 11:38:14 | INFO | ✓ 153/4000 | Queue: 47 | ⚠️ http://www.unicharm.com.br/content/dam/sites/www_u...
2026-08-19 11:38:15 | INFO | ✓ 154/4000 | Queue: 46 | ⚠️ http://www.unicharm.com.br/content/dam/sites/www_u...
2026-08-19 11:38:16 | INFO | ✓ 155/4000 | Queue: 45 | ⚠️ http://www.unicharm.com.br/content/dam/sites/www_u...
2026-08-19 11:38:16 | INFO | ✓ 156/4000 | Queue: 44 | ⚠️ http://www.unicharm.com.br/content/dam/sites/www_u...
2026-08-19 11:38:17 | INFO | ✓ 157/4000 | Queue: 43 | ⚠️ http://www.unicharm.com.br/content/dam/sites/www_u...
2026-08-19 11:38:18 | INFO | ✓ 158/4000 | Queue: 42 | ⚠️ http://www.unicharm.com.br/content/dam/sites/www_u...
2026-08-19 11:38:19 | INFO | ✓ 159/4000 | Queue: 41 | ⚠️ http://www.unicharm.com.br/content/dam/sites/www_u...
2026-08-19 11:38:19 | INFO | ✓ 160/4000 | Queue: 40 | ⚠️ http://www.unicharm.com.br/content/dam/sites/www_u...
2026-08-19 11:38:20 | INFO | ✓ 161/4000 | Queue: 39 | ⚠️ http://www.unicharm.com.br/content/dam/sites/www_u...
2026-08-19 11:38:20 | INFO | ✓ 162/4000 | Queue: 38 | ⚠️ http://www.unicharm.com.br/content/dam/sites/www_u...
2026-08-19 11:38:21 | INFO | ✓ 163/4000 | Queue: 37 | ⚠️ http://www.unicharm.com.br/content/dam/sites/www_u...
2026-08-19 11:38:22 | INFO | ✓ 164/4000 | Queue: 36 | ⚠️ http://www.unicharm.com.br/content/dam/sites/www_u...
2026-08-19 11:38:22 | INFO | ✓ 165/4000 | Queue: 35 | ⚠️ http://www.unicharm.com.br/content/dam/sites/www_u...
2026-08-19 11:38:23 | INFO | ✓ 166/4000 | Queue: 34 | ⚠️ http://www.unicharm.com.br/content/dam/sites/www_u...
2026-08-19 11:38:24 | INFO | ✓ 167/4000 | Queue: 33 | ⚠️ http://www.unicharm.com.br/content/dam/sites/www_u...
2026-08-19 11:38:24 | INFO | ✓ 168/4000 | Queue: 32 | ⚠️ http://www.unicharm.com.br/content/dam/sites/www_u...
2026-08-19 11:38:25 | INFO | ✓ 169/4000 | Queue: 31 | ⚠️ http://www.unicharm.com.br/content/dam/sites/www_u...
2026-08-19 11:38:26 | INFO | ✓ 170/4000 | Queue: 30 | ⚠️ http://www.unicharm.com.br/content/dam/sites/www_u...
2026-08-19 11:38:26 | INFO | ✓ 171/4000 | Queue: 29 | ⚠️ http://www.unicharm.com.br/content/dam/sites/www_u...
2026-08-19 11:38:27 | INFO | ✓ 172/4000 | Queue: 28 | ⚠️ http://www.unicharm.com.br/content/dam/sites/www_u...
2026-08-19 11:38:28 | INFO | ✓ 173/4000 | Queue: 27 | ⚠️ http://www.unicharm.com.br/content/dam/sites/www_u...
2026-08-19 11:38:29 | INFO | ✓ 174/4000 | Queue: 26 | ⚠️ http://www.unicharm.com.br/content/dam/sites/www_u...
2026-08-19 11:38:29 | INFO | ✓ 175/4000 | Queue: 25 | ⚠️ http://www.unicharm.com.br/content/dam/sites/www_u...
2026-08-19 11:38:30 | INFO | ✓ 176/4000 | Queue: 24 | ⚠️ http://www.unicharm.com.br/content/dam/sites/www_u...
2026-08-19 11:38:31 | INFO | ✓ 177/4000 | Queue: 23 | ⚠️ http://www.unicharm.com.br/content/dam/sites/www_u...
2026-08-19 11:38:31 | INFO | ✓ 178/4000 | Queue: 26 | ✅ http://www.unicharm.com.br/en/home.html...
2026-08-19 11:38:32 | INFO | ✓ 179/4000 | Queue: 25 | ⚠️ http://www.unicharm.com.br/en/global.html...
2026-08-19 11:38:33 | INFO | ✓ 180/4000 | Queue: 24 | ⚠️ http://www.unicharm.com.br/en/brand.html...
2026-08-19 11:38:33 | INFO | ✓ 181/4000 | Queue: 23 | ⚠️ http://www.unicharm.com.br/en/contact-us.html...
2026-08-19 11:38:34 | INFO | ✓ 182/4000 | Queue: 22 | ⚠️ http://www.unicharm.com.br/en/contact-us/qa1.html...
2026-08-19 11:38:34 | INFO | ✓ 183/4000 | Queue: 21 | ⚠️ http://www.unicharm.com.br/en/contact-us/qa2.html...
2026-08-19 11:38:35 | INFO | ✓ 184/4000 | Queue: 20 | ⚠️ http://www.unicharm.com.br/en/contact-us/qa3.html...
2026-08-19 11:38:36 | INFO | ✓ 185/4000 | Queue: 19 | ⚠️ http://www.unicharm.com.br/en/company.html...
2026-08-19 11:38:37 | INFO | ✓ 186/4000 | Queue: 18 | ⚠️ http://www.unicharm.com.br/en/company/topmessage.h...
2026-08-19 11:38:37 | INFO | ✓ 187/4000 | Queue: 17 | ⚠️ http://www.unicharm.com.br/en/company/corporate-ph...
2026-08-19 11:38:38 | INFO | ✓ 188/4000 | Queue: 16 | ⚠️ http://www.unicharm.com.br/en/company/corporate-go...
2026-08-19 11:38:39 | INFO | ✓ 189/4000 | Queue: 15 | ⚠️ http://www.unicharm.com.br/en/company/overview.htm...
2026-08-19 11:38:40 | INFO | ✓ 190/4000 | Queue: 14 | ⚠️ http://www.unicharm.com.br/en/company/business-fie...
2026-08-19 11:38:40 | INFO | ✓ 191/4000 | Queue: 13 | ⚠️ http://www.unicharm.com.br/en/company/office.html...
2026-08-19 11:38:41 | INFO | ✓ 192/4000 | Queue: 12 | ⚠️ http://www.unicharm.com.br/en/company/affiliate.ht...
2026-08-19 11:38:42 | INFO | ✓ 193/4000 | Queue: 11 | ⚠️ http://www.unicharm.com.br/en/company/charmring.ht...
2026-08-19 11:38:42 | INFO | ✓ 194/4000 | Queue: 10 | ⚠️ http://www.unicharm.com.br/en/company/lyp.html...
2026-08-19 11:38:43 | INFO | ✓ 195/4000 | Queue: 9 | ⚠️ http://www.unicharm.com.br/en/csr-eco.html...
2026-08-19 11:38:44 | INFO | ✓ 196/4000 | Queue: 8 | ⚠️ http://www.unicharm.com.br/en/recruit.html...
2026-08-19 11:38:44 | INFO | ✓ 197/4000 | Queue: 7 | ✅ http://www.unicharm.com.br/en/terms-of-use.html...
2026-08-19 11:38:45 | INFO | ✓ 198/4000 | Queue: 8 | ✅ http://www.unicharm.com.br/en/privacy-policy.html...
2026-08-19 11:38:45 | INFO | ✓ 199/4000 | Queue: 7 | ⚠️ http://www.unicharm.com.br/en/site-map.html...
2026-08-19 11:38:46 | INFO | Checkpoint saved: 199 visited, 0 queued
2026-08-19 11:38:46 | INFO | CRAWL COMPLETE
2026-08-19 11:38:46 | INFO | Total URLs discovered: 199
2026-08-19 11:38:46 | INFO | Status breakdown:
2026-08-19 11:38:46 | INFO | ✅ 200 (Success): 93
2026-08-19 11:38:46 | INFO | ⚠️ 404 (Client Error): 106
2026-08-19 11:38:46 | INFO | Creating sample URLs...
2026-08-19 11:38:46 | INFO | Total URLs in grouped data: 131
2026-08-19 11:38:46 | INFO | Total URLs (131) <= 1000, using ALL URLs
2026-08-19 11:38:46 | INFO | Created urls-sample.json with 131 URLs
2026-08-19 11:38:46 | INFO | Validating urls-sample.json against schema...
✅ VALIDATION PASSED: urls-sample.json matches schema
2026-08-19 11:38:46 | INFO | Schema validation passed
2026-08-19 11:38:47 | INFO | Sample creation complete - urls-sample.json with 131 URLs
