2026-08-19 11:36:43 | INFO | Redirect (301) → https://jp.silcot.com/ja/silcotbrand/home.html
2026-08-19 11:36:44 | INFO | Checking root page for sitemap-like links...
2026-08-19 11:36:44 | INFO | Redirect (301) → https://jp.silcot.com/ja/silcotbrand/home.html
2026-08-19 11:36:44 | INFO | Trying sitemap candidates...
2026-08-19 11:36:44 | INFO | Trying sitemap candidate: https://jp.silcot.com/sitemap.xml
2026-08-19 11:36:44 | WARNING | HTTP status: 404
2026-08-19 11:36:44 | INFO | Trying sitemap candidate: https://jp.silcot.com/sitemap.xml.gz
2026-08-19 11:36:44 | WARNING | HTTP status: 404
2026-08-19 11:36:44 | INFO | Trying sitemap candidate: https://jp.silcot.com/sitemap_index.xml
2026-08-19 11:36:44 | WARNING | HTTP status: 404
2026-08-19 11:36:44 | INFO | Trying sitemap candidate: https://jp.silcot.com/sitemap-index.xml
2026-08-19 11:36:45 | WARNING | HTTP status: 404
2026-08-19 11:36:45 | INFO | Trying sitemap candidate: https://jp.silcot.com/sitemap.txt
2026-08-19 11:36:45 | WARNING | HTTP status: 404
2026-08-19 11:36:45 | INFO | Checking robots.txt for sitemap references...
2026-08-19 11:36:45 | WARNING | HTTP status: 404
2026-08-19 11:36:45 | INFO | Retrying sitemap discovery with alternate root: https://www.jp.silcot.com
2026-08-19 11:36:45 | INFO | Checking root page for sitemap-like links...
2026-08-19 11:36:45 | WARNING | Fetch error: fetch failed
2026-08-19 11:36:45 | INFO | Trying sitemap candidates...
2026-08-19 11:36:45 | INFO | Trying sitemap candidate: https://www.jp.silcot.com/sitemap.xml
2026-08-19 11:36:45 | WARNING | Fetch error: fetch failed
2026-08-19 11:36:45 | INFO | Trying sitemap candidate: https://www.jp.silcot.com/sitemap.xml.gz
2026-08-19 11:36:45 | WARNING | Fetch error: fetch failed
2026-08-19 11:36:45 | INFO | Trying sitemap candidate: https://www.jp.silcot.com/sitemap_index.xml
2026-08-19 11:36:45 | WARNING | Fetch error: fetch failed
2026-08-19 11:36:45 | INFO | Trying sitemap candidate: https://www.jp.silcot.com/sitemap-index.xml
2026-08-19 11:36:45 | WARNING | Fetch error: fetch failed
2026-08-19 11:36:45 | INFO | Trying sitemap candidate: https://www.jp.silcot.com/sitemap.txt
2026-08-19 11:36:46 | WARNING | Fetch error: fetch failed
2026-08-19 11:36:46 | INFO | Checking robots.txt for sitemap references...
2026-08-19 11:36:46 | WARNING | Fetch error: fetch failed
2026-08-19 11:36:46 | INFO | Fetching sitemap for site root: https://jp.silcot.com
2026-08-19 11:36:46 | ERROR | No sitemap found
2026-08-19 11:36:46 | INFO | Tried standard locations and robots.txt references.
2026-08-19 11:36:46 | WARNING | No sitemap found for https://jp.silcot.com - will need to use crawler fallback
2026-08-19 11:36:46 | INFO | Site crawler starting
2026-08-19 11:36:46 | INFO | Starting crawl: https://jp.silcot.com
2026-08-19 11:36:46 | INFO | Max pages: 4000, Delay: 300ms, Timeout: 15000ms
2026-08-19 11:36:46 | INFO | Max retries per URL: 2
2026-08-19 11:36:46 | INFO | Robots.txt disallow rules found: 0
2026-08-19 11:36:47 | INFO | ✓ 1/4000 | Queue: 9 | ✅ https://jp.silcot.com/...
2026-08-19 11:36:48 | INFO | ✓ 2/4000 | Queue: 14 | ✅ https://jp.silcot.com/en/silcotbrand/home.html...
2026-08-19 11:36:49 | INFO | ✓ 3/4000 | Queue: 47 | ✅ https://jp.silcot.com/ja/wet/home.html...
2026-08-19 11:36:49 | INFO | ✓ 4/4000 | Queue: 77 | ✅ https://jp.silcot.com/ja/cotton/home.html...
2026-08-19 11:36:49 | INFO | ✓ 5/4000 | Queue: 75 | ✅ https://jp.silcot.com/ja/silcotbrand/home.html...
2026-08-19 11:36:50 | INFO | ✓ 6/4000 | Queue: 87 | ✅ https://jp.silcot.com/en/wet/home.html...
2026-08-19 11:36:51 | INFO | ✓ 7/4000 | Queue: 98 | ✅ https://jp.silcot.com/en/cotton/home.html...
2026-08-19 11:36:52 | INFO | ✓ 8/4000 | Queue: 94 | ✅ https://jp.silcot.com/ja/wet/message.html...
2026-08-19 11:36:52 | INFO | ✓ 9/4000 | Queue: 131 | ✅ https://jp.silcot.com/ja/wet/products.html...
2026-08-19 11:36:53 | INFO | ✓ 10/4000 | Queue: 130 | ✅ https://jp.silcot.com/ja/wet/kodawari.html...
2026-08-19 11:36:54 | INFO | ✓ 11/4000 | Queue: 129 | ✅ https://jp.silcot.com/ja/wet/scene.html...
2026-08-19 11:36:55 | INFO | ✓ 12/4000 | Queue: 132 | ✅ https://jp.silcot.com/ja/wet/article.html...
2026-08-19 11:36:55 | INFO | ✓ 13/4000 | Queue: 131 | ✅ https://jp.silcot.com/ja/wet/site-map.html...
2026-08-19 11:36:56 | INFO | ✓ 14/4000 | Queue: 130 | ✅ https://jp.silcot.com/ja/wet/products/reliable_big...
2026-08-19 11:36:57 | INFO | ✓ 15/4000 | Queue: 129 | ✅ https://jp.silcot.com/ja/wet/products/9999.html...
2026-08-19 11:36:58 | INFO | ✓ 16/4000 | Queue: 128 | ✅ https://jp.silcot.com/ja/wet/products/9999_plus.ht...
2026-08-19 11:37:00 | INFO | ✓ 17/4000 | Queue: 127 | ✅ https://jp.silcot.com/content/dam/sites/jp_silcot_...
2026-08-19 11:37:01 | INFO | ✓ 18/4000 | Queue: 126 | ✅ https://jp.silcot.com/ja/wet/products/virus_nonalc...
2026-08-19 11:37:02 | INFO | ✓ 19/4000 | Queue: 125 | ✅ https://jp.silcot.com/ja/wet/products/9999_big.htm...
2026-08-19 11:37:03 | INFO | ✓ 20/4000 | Queue: 124 | ✅ https://jp.silcot.com/ja/wet/news.html...
2026-08-19 11:37:03 | INFO | ✓ 21/4000 | Queue: 123 | ✅ https://jp.silcot.com/ja/wet/products/alcohol.html...
2026-08-19 11:37:05 | INFO | ✓ 22/4000 | Queue: 122 | ✅ https://jp.silcot.com/ja/wet/products/noroclear.ht...
2026-08-19 11:37:05 | INFO | ✓ 23/4000 | Queue: 121 | ✅ https://jp.silcot.com/ja/wet/products/reliable.htm...
2026-08-19 11:37:06 | INFO | ✓ 24/4000 | Queue: 120 | ✅ https://jp.silcot.com/ja/wet/products/pure.html...
2026-08-19 11:37:08 | INFO | ✓ 25/4000 | Queue: 119 | ✅ https://jp.silcot.com/ja/wet/products/shodoku.html...
2026-08-19 11:37:09 | INFO | ✓ 26/4000 | Queue: 118 | ✅ https://jp.silcot.com/ja/wet/article/vol7.html...
2026-08-19 11:37:10 | INFO | ✓ 27/4000 | Queue: 118 | ✅ https://jp.silcot.com/ja/wet/article/vol6.html...
2026-08-19 11:37:11 | INFO | ✓ 28/4000 | Queue: 119 | ✅ https://jp.silcot.com/ja/wet/article/vol5.html...
2026-08-19 11:37:12 | INFO | ✓ 29/4000 | Queue: 117 | ✅ https://jp.silcot.com/ja/wet/campaign.html...
2026-08-19 11:37:13 | INFO | ✓ 30/4000 | Queue: 116 | ✅ https://jp.silcot.com/ja/wet/cm.html...
2026-08-19 11:37:13 | INFO | ✓ 31/4000 | Queue: 112 | ✅ https://jp.silcot.com/ja/cotton/products.html...
2026-08-19 11:37:14 | INFO | ✓ 32/4000 | Queue: 111 | ✅ https://jp.silcot.com/ja/cotton/message.html...
2026-08-19 11:37:15 | INFO | ✓ 33/4000 | Queue: 114 | ✅ https://jp.silcot.com/ja/cotton/howto.html...
2026-08-19 11:37:15 | INFO | ✓ 34/4000 | Queue: 113 | ✅ https://jp.silcot.com/ja/cotton/season.html...
2026-08-19 11:37:16 | INFO | ✓ 35/4000 | Queue: 117 | ✅ https://jp.silcot.com/ja/cotton/products/facialtow...
2026-08-19 11:37:18 | INFO | ✓ 36/4000 | Queue: 117 | ✅ https://jp.silcot.com/ja/cotton/products/facialtow...
2026-08-19 11:37:19 | INFO | ✓ 37/4000 | Queue: 122 | ✅ https://jp.silcot.com/ja/cotton/products/moist.htm...
2026-08-19 11:37:19 | INFO | ✓ 38/4000 | Queue: 125 | ✅ https://jp.silcot.com/ja/cotton/products/vitamin.h...
2026-08-19 11:37:20 | INFO | ✓ 39/4000 | Queue: 125 | ✅ https://jp.silcot.com/ja/cotton/products/stretch.h...
2026-08-19 11:37:21 | INFO | ✓ 40/4000 | Queue: 130 | ✅ https://jp.silcot.com/ja/cotton/products/silky.htm...
2026-08-19 11:37:22 | INFO | ✓ 41/4000 | Queue: 134 | ✅ https://jp.silcot.com/ja/cotton/products/premium.h...
2026-08-19 11:37:22 | INFO | ✓ 42/4000 | Queue: 138 | ✅ https://jp.silcot.com/ja/cotton/products/smooth.ht...
2026-08-19 11:37:23 | INFO | ✓ 43/4000 | Queue: 137 | ✅ https://jp.silcot.com/ja/cotton/season/blood-circu...
2026-08-19 11:37:24 | INFO | ✓ 44/4000 | Queue: 136 | ✅ https://jp.silcot.com/ja/cotton/season/proper-mois...
2026-08-19 11:37:25 | INFO | ✓ 45/4000 | Queue: 135 | ✅ https://jp.silcot.com/ja/cotton/season/proper-agin...
2026-08-19 11:37:26 | INFO | ✓ 46/4000 | Queue: 134 | ✅ https://jp.silcot.com/ja/cotton/season/resetting-s...
2026-08-19 11:37:27 | INFO | ✓ 47/4000 | Queue: 133 | ✅ https://jp.silcot.com/ja/cotton/season/skin-care-i...
2026-08-19 11:37:28 | INFO | ✓ 48/4000 | Queue: 132 | ✅ https://jp.silcot.com/ja/cotton/season/good-impres...
2026-08-19 11:37:28 | INFO | ✓ 49/4000 | Queue: 131 | ✅ https://jp.silcot.com/ja/cotton/season/unwavering-...
2026-08-19 11:37:29 | INFO | ✓ 50/4000 | Queue: 130 | ✅ https://jp.silcot.com/ja/cotton/season/stop-wrong-...
2026-08-19 11:37:30 | INFO | ✓ 51/4000 | Queue: 129 | ✅ https://jp.silcot.com/ja/cotton/season/relationshi...
2026-08-19 11:37:30 | INFO | ✓ 52/4000 | Queue: 129 | ✅ https://jp.silcot.com/ja/cotton/season/dry-skin-ca...
2026-08-19 11:37:32 | INFO | ✓ 53/4000 | Queue: 129 | ✅ https://jp.silcot.com/ja/cotton/season/bye-bye-dry...
2026-08-19 11:37:32 | INFO | ✓ 54/4000 | Queue: 126 | ✅ https://jp.silcot.com/ja/cotton/site-map.html...
2026-08-19 11:37:33 | INFO | ✓ 55/4000 | Queue: 123 | ✅ https://jp.silcot.com/en/wet/products.html...
2026-08-19 11:37:34 | INFO | ✓ 56/4000 | Queue: 122 | ✅ https://jp.silcot.com/en/wet/products/reliable_big...
2026-08-19 11:37:35 | INFO | ✓ 57/4000 | Queue: 121 | ✅ https://jp.silcot.com/en/wet/products/9999.html...
2026-08-19 11:37:36 | INFO | ✓ 58/4000 | Queue: 120 | ✅ https://jp.silcot.com/en/wet/products/9999_plus.ht...
2026-08-19 11:37:36 | INFO | ✓ 59/4000 | Queue: 119 | ✅ https://jp.silcot.com/en/wet/products/9999_big.htm...
2026-08-19 11:37:37 | INFO | ✓ 60/4000 | Queue: 118 | ✅ https://jp.silcot.com/en/wet/products/alcohol.html...
2026-08-19 11:37:38 | INFO | ✓ 61/4000 | Queue: 117 | ✅ https://jp.silcot.com/en/wet/products/noroclear.ht...
2026-08-19 11:37:40 | INFO | ✓ 62/4000 | Queue: 116 | ✅ https://jp.silcot.com/en/wet/products/reliable.htm...
2026-08-19 11:37:40 | INFO | ✓ 63/4000 | Queue: 115 | ✅ https://jp.silcot.com/en/wet/products/pure.html...
2026-08-19 11:37:41 | INFO | ✓ 64/4000 | Queue: 114 | ✅ https://jp.silcot.com/en/wet/products/shodoku.html...
2026-08-19 11:37:42 | INFO | ✓ 65/4000 | Queue: 113 | ✅ https://jp.silcot.com/en/wet/products/virus_nonalc...
2026-08-19 11:37:43 | INFO | ✓ 66/4000 | Queue: 112 | ✅ https://jp.silcot.com/en/wet/site-map.html...
2026-08-19 11:37:44 | INFO | ✓ 67/4000 | Queue: 111 | ✅ https://jp.silcot.com/en/cotton/products.html...
2026-08-19 11:37:44 | INFO | ✓ 68/4000 | Queue: 110 | ✅ https://jp.silcot.com/en/cotton/message.html...
2026-08-19 11:37:45 | INFO | ✓ 69/4000 | Queue: 113 | ✅ https://jp.silcot.com/en/cotton/howto.html...
2026-08-19 11:37:46 | INFO | ✓ 70/4000 | Queue: 112 | ✅ https://jp.silcot.com/en/cotton/products/facialtow...
2026-08-19 11:37:47 | INFO | ✓ 71/4000 | Queue: 111 | ✅ https://jp.silcot.com/en/cotton/products/facialtow...
2026-08-19 11:37:48 | INFO | ✓ 72/4000 | Queue: 113 | ✅ https://jp.silcot.com/en/cotton/products/moist.htm...
2026-08-19 11:37:48 | INFO | ✓ 73/4000 | Queue: 112 | ✅ https://jp.silcot.com/en/cotton/products/vitamin.h...
2026-08-19 11:37:49 | INFO | ✓ 74/4000 | Queue: 113 | ✅ https://jp.silcot.com/en/cotton/products/silky.htm...
2026-08-19 11:37:50 | INFO | ✓ 75/4000 | Queue: 113 | ✅ https://jp.silcot.com/en/cotton/products/premium.h...
2026-08-19 11:37:51 | INFO | ✓ 76/4000 | Queue: 112 | ✅ https://jp.silcot.com/en/cotton/products/smooth.ht...
2026-08-19 11:37:51 | INFO | ✓ 77/4000 | Queue: 111 | ✅ https://jp.silcot.com/en/cotton/site-map.html...
2026-08-19 11:37:52 | INFO | ✓ 78/4000 | Queue: 94 | ✅ https://jp.silcot.com/ja/wet/article/vol4.html...
2026-08-19 11:37:53 | INFO | ✓ 79/4000 | Queue: 103 | ✅ https://jp.silcot.com/ja/wet/article/vol3.html...
2026-08-19 11:37:54 | INFO | ✓ 80/4000 | Queue: 103 | ✅ https://jp.silcot.com/ja/wet/article/vol2.html...
2026-08-19 11:37:55 | INFO | ✓ 81/4000 | Queue: 107 | ✅ https://jp.silcot.com/ja/wet/article/vol1.html...
2026-08-19 11:37:56 | INFO | ✓ 82/4000 | Queue: 100 | ✅ https://jp.silcot.com/ja/cotton/howto/merit.html...
2026-08-19 11:37:56 | INFO | ✓ 83/4000 | Queue: 99 | ✅ https://jp.silcot.com/ja/cotton/howto/use.html...
2026-08-19 11:37:57 | INFO | ✓ 84/4000 | Queue: 98 | ✅ https://jp.silcot.com/ja/cotton/howto/point.html...
2026-08-19 11:37:58 | INFO | ✓ 85/4000 | Queue: 97 | ✅ https://jp.silcot.com/ja/cotton/howto/tech.html...
2026-08-19 11:37:59 | INFO | ✓ 86/4000 | Queue: 87 | ✅ https://jp.silcot.com/content/dam/sites/jp_silcot_...
2026-08-19 11:38:00 | INFO | ✓ 87/4000 | Queue: 85 | ✅ https://jp.silcot.com/shareparts/ja/cotton/movie/m...
2026-08-19 11:38:01 | INFO | ✓ 88/4000 | Queue: 74 | ✅ https://jp.silcot.com/shareparts/ja/cotton/movie/m...
2026-08-19 11:38:01 | INFO | ✓ 89/4000 | Queue: 56 | ✅ https://jp.silcot.com/en/cotton/howto/merit.html...
2026-08-19 11:38:02 | INFO | ✓ 90/4000 | Queue: 55 | ✅ https://jp.silcot.com/en/cotton/howto/use.html...
2026-08-19 11:38:03 | INFO | ✓ 91/4000 | Queue: 54 | ✅ https://jp.silcot.com/en/cotton/howto/point.html...
2026-08-19 11:38:03 | INFO | ✓ 92/4000 | Queue: 54 | ✅ https://jp.silcot.com/en/cotton/howto/tech.html...
2026-08-19 11:38:04 | INFO | ✓ 93/4000 | Queue: 52 | ✅ https://jp.silcot.com/shareparts/en/cotton/movie/m...
2026-08-19 11:38:05 | INFO | ✓ 94/4000 | Queue: 49 | ✅ https://jp.silcot.com/shareparts/en/cotton/movie/m...
2026-08-19 11:38:05 | INFO | Checkpoint saved: 94 visited, 0 queued
2026-08-19 11:38:05 | INFO | CRAWL COMPLETE
2026-08-19 11:38:05 | INFO | Total URLs discovered: 94
2026-08-19 11:38:05 | INFO | Status breakdown:
2026-08-19 11:38:05 | INFO | ✅ 200 (Success): 94
2026-08-19 11:38:06 | INFO | Creating sample URLs...
2026-08-19 11:38:06 | INFO | Total URLs in grouped data: 92
2026-08-19 11:38:06 | INFO | Total URLs (92) <= 1000, using ALL URLs
2026-08-19 11:38:06 | INFO | Created urls-sample.json with 92 URLs
2026-08-19 11:38:06 | INFO | Validating urls-sample.json against schema...
✅ VALIDATION PASSED: urls-sample.json matches schema
2026-08-19 11:38:06 | INFO | Schema validation passed
2026-08-19 11:38:06 | INFO | Sample creation complete - urls-sample.json with 92 URLs
