2026-08-19 11:37:10 | INFO | Redirect (301) → https://www.carenavi.jp/ja/home.html
2026-08-19 11:37:10 | INFO | Checking root page for sitemap-like links...
2026-08-19 11:37:10 | INFO | Redirect (301) → https://www.carenavi.jp/ja/home.html
2026-08-19 11:37:10 | INFO | Found 1 sitemap-like candidate(s) on the root page
2026-08-19 11:37:10 | INFO | Trying sitemap candidates...
2026-08-19 11:37:10 | INFO | Trying sitemap candidate: https://www.carenavi.jp/sitemap.xml
2026-08-19 11:37:11 | WARNING | HTTP status: 404
2026-08-19 11:37:11 | INFO | Trying sitemap candidate: https://www.carenavi.jp/sitemap.xml.gz
2026-08-19 11:37:11 | WARNING | HTTP status: 404
2026-08-19 11:37:11 | INFO | Trying sitemap candidate: https://www.carenavi.jp/sitemap_index.xml
2026-08-19 11:37:11 | WARNING | HTTP status: 404
2026-08-19 11:37:11 | INFO | Trying sitemap candidate: https://www.carenavi.jp/sitemap-index.xml
2026-08-19 11:37:11 | WARNING | HTTP status: 404
2026-08-19 11:37:11 | INFO | Trying sitemap candidate: https://www.carenavi.jp/sitemap.txt
2026-08-19 11:37:12 | WARNING | HTTP status: 404
2026-08-19 11:37:12 | INFO | Trying sitemap candidate: https://www.carenavi.jp/ja/sitemap.html
2026-08-19 11:37:12 | WARNING | Got 200 but not a valid sitemap. Preview: <!DOCTYPE html PUBLIC "-//W3C//DTD XHTML 1.0 Strict//EN" "http://www.w3.org/TR/xhtml1/DTD/xhtml1-strict.dtd"> <html lang="ja" > <head prefix="og: http://ogp.me/ns#"> <meta http-equiv="Content-Type...
2026-08-19 11:37:12 | INFO | Checking robots.txt for sitemap references...
2026-08-19 11:37:12 | INFO | Found 1 sitemap(s) in robots.txt
2026-08-19 11:37:12 | INFO | Processing 1 unique sitemap(s) from robots.txt...
2026-08-19 11:37:12 | INFO | [1/1] Fetching sitemap: https://www.carenavi.jp/ja/sitemap.xml
2026-08-19 11:37:13 | WARNING | Failed to fetch sitemap (status: 200)
2026-08-19 11:37:13 | INFO | Retrying sitemap discovery with alternate root: https://carenavi.jp
2026-08-19 11:37:13 | INFO | Checking root page for sitemap-like links...
2026-08-19 11:37:13 | WARNING | Fetch error: fetch failed
2026-08-19 11:37:13 | INFO | Trying sitemap candidates...
2026-08-19 11:37:13 | INFO | Trying sitemap candidate: https://carenavi.jp/sitemap.xml
2026-08-19 11:37:13 | WARNING | Fetch error: fetch failed
2026-08-19 11:37:13 | INFO | Trying sitemap candidate: https://carenavi.jp/sitemap.xml.gz
2026-08-19 11:37:13 | WARNING | Fetch error: fetch failed
2026-08-19 11:37:13 | INFO | Trying sitemap candidate: https://carenavi.jp/sitemap_index.xml
2026-08-19 11:37:13 | WARNING | Fetch error: fetch failed
2026-08-19 11:37:13 | INFO | Trying sitemap candidate: https://carenavi.jp/sitemap-index.xml
2026-08-19 11:37:13 | WARNING | Fetch error: fetch failed
2026-08-19 11:37:13 | INFO | Trying sitemap candidate: https://carenavi.jp/sitemap.txt
2026-08-19 11:37:14 | WARNING | Fetch error: fetch failed
2026-08-19 11:37:14 | INFO | Checking robots.txt for sitemap references...
2026-08-19 11:37:14 | WARNING | Fetch error: fetch failed
2026-08-19 11:37:14 | INFO | Fetching sitemap for site root: https://www.carenavi.jp
2026-08-19 11:37:14 | ERROR | No sitemap found
2026-08-19 11:37:14 | INFO | Tried standard locations and robots.txt references.
2026-08-19 11:37:14 | WARNING | No sitemap found for https://www.carenavi.jp - will need to use crawler fallback
2026-08-19 11:37:15 | INFO | Site crawler starting
2026-08-19 11:37:15 | INFO | Starting crawl: https://www.carenavi.jp
2026-08-19 11:37:15 | INFO | Max pages: 4000, Delay: 300ms, Timeout: 15000ms
2026-08-19 11:37:15 | INFO | Max retries per URL: 2
2026-08-19 11:37:15 | INFO | Robots.txt disallow rules found: 1
2026-08-19 11:37:15 | INFO | ✓ 1/4000 | Queue: 46 | ✅ https://www.carenavi.jp/...
2026-08-19 11:37:16 | INFO | ✓ 2/4000 | Queue: 45 | ✅ https://www.carenavi.jp/ja/home.html...
2026-08-19 11:37:17 | INFO | ✓ 3/4000 | Queue: 58 | ✅ https://www.carenavi.jp/ja/basic.html...
2026-08-19 11:37:18 | INFO | ✓ 4/4000 | Queue: 63 | ✅ https://www.carenavi.jp/ja/jissen.html...
2026-08-19 11:37:19 | INFO | ✓ 5/4000 | Queue: 62 | ✅ https://www.carenavi.jp/ja/ohyo.html...
2026-08-19 11:37:19 | INFO | ✓ 6/4000 | Queue: 82 | ✅ https://www.carenavi.jp/ja/column.html...
2026-08-19 11:37:20 | INFO | ✓ 7/4000 | Queue: 82 | ✅ https://www.carenavi.jp/ja/basic/begin/care_qanda....
2026-08-19 11:37:21 | INFO | ✓ 8/4000 | Queue: 84 | ✅ https://www.carenavi.jp/ja/expert/vol15.html...
2026-08-19 11:37:21 | INFO | ✓ 9/4000 | Queue: 91 | ✅ https://www.carenavi.jp/ja/expert/vol13.html...
2026-08-19 11:37:22 | INFO | ✓ 10/4000 | Queue: 95 | ✅ https://www.carenavi.jp/ja/report/vol5.html...
2026-08-19 11:37:23 | INFO | ✓ 11/4000 | Queue: 94 | ✅ https://www.carenavi.jp/ja/basic/about/kihon.html...
2026-08-19 11:37:23 | INFO | ✓ 12/4000 | Queue: 98 | ✅ https://www.carenavi.jp/ja/basic/about/jiritsuhais...
2026-08-19 11:37:24 | INFO | ✓ 13/4000 | Queue: 97 | ✅ https://www.carenavi.jp/ja/basic/begin/positive_wa...
2026-08-19 11:37:25 | INFO | ✓ 14/4000 | Queue: 97 | ✅ https://www.carenavi.jp/ja/basic/omutsu/knowledge/...
2026-08-19 11:37:26 | INFO | ✓ 15/4000 | Queue: 96 | ✅ https://www.carenavi.jp/ja/basic/omutsu/choice/red...
2026-08-19 11:37:26 | INFO | ✓ 16/4000 | Queue: 95 | ✅ https://www.carenavi.jp/ja/basic/omutsu/use/change...
2026-08-19 11:37:27 | INFO | ✓ 17/4000 | Queue: 94 | ✅ https://www.carenavi.jp/ja/basic/omutsu/comfort/le...
2026-08-19 11:37:28 | INFO | ✓ 18/4000 | Queue: 93 | ✅ https://www.carenavi.jp/ja/basic/omutsu/skincare/r...
2026-08-19 11:37:29 | INFO | ✓ 19/4000 | Queue: 92 | ✅ https://www.carenavi.jp/ja/jissen/nyo_care/tokucho...
2026-08-19 11:37:30 | INFO | ✓ 20/4000 | Queue: 93 | ✅ https://www.carenavi.jp/ja/jissen/nyo_care/gijutsu...
2026-08-19 11:37:30 | INFO | ✓ 21/4000 | Queue: 92 | ✅ https://www.carenavi.jp/ja/jissen/ben_care/ben_fac...
2026-08-19 11:37:31 | INFO | ✓ 22/4000 | Queue: 93 | ✅ https://www.carenavi.jp/ja/jissen/ben_care/shouka/...
2026-08-19 11:37:32 | INFO | ✓ 23/4000 | Queue: 94 | ✅ https://www.carenavi.jp/ja/jissen/ben_care/problem...
2026-08-19 11:37:33 | INFO | ✓ 24/4000 | Queue: 98 | ✅ https://www.carenavi.jp/ja/jissen/ben_care/syukan/...
2026-08-19 11:37:34 | INFO | ✓ 25/4000 | Queue: 97 | ✅ https://www.carenavi.jp/ja/ohyo/purpose/action.htm...
2026-08-19 11:37:35 | INFO | ✓ 26/4000 | Queue: 99 | ✅ https://www.carenavi.jp/ja/ohyo/purpose/plan.html...
2026-08-19 11:37:35 | INFO | ✓ 27/4000 | Queue: 99 | ✅ https://www.carenavi.jp/ja/ohyo/purpose/check.html...
2026-08-19 11:37:36 | INFO | ✓ 28/4000 | Queue: 98 | ✅ https://www.carenavi.jp/ja/ohyo/rehabili.html...
2026-08-19 11:37:37 | INFO | ✓ 29/4000 | Queue: 113 | ✅ https://www.carenavi.jp/ja/ohyo/rehabili/jissen.ht...
2026-08-19 11:37:38 | INFO | ✓ 30/4000 | Queue: 121 | ✅ https://www.carenavi.jp/ja/expert/list.html...
2026-08-19 11:37:38 | INFO | ✓ 31/4000 | Queue: 121 | ✅ https://www.carenavi.jp/ja/researchdata/vol16.html...
2026-08-19 11:37:39 | INFO | ✓ 32/4000 | Queue: 131 | ✅ https://www.carenavi.jp/ja/researchdata/list.html...
2026-08-19 11:37:40 | INFO | ✓ 33/4000 | Queue: 130 | ✅ https://www.carenavi.jp/ja/report/list.html...
2026-08-19 11:37:41 | INFO | ✓ 34/4000 | Queue: 130 | ✅ https://www.carenavi.jp/ja/genba/vol6.html...
2026-08-19 11:37:41 | INFO | ✓ 35/4000 | Queue: 130 | ✅ https://www.carenavi.jp/ja/genba/list.html...
2026-08-19 11:37:42 | INFO | ✓ 36/4000 | Queue: 131 | ✅ https://www.carenavi.jp/ja/introduction.html...
2026-08-19 11:37:43 | INFO | ✓ 37/4000 | Queue: 130 | ✅ https://www.carenavi.jp/ja/message.html...
2026-08-19 11:37:43 | INFO | ✓ 38/4000 | Queue: 131 | ✅ https://www.carenavi.jp/ja/contact.html...
2026-08-19 11:37:44 | INFO | ✓ 39/4000 | Queue: 127 | ✅ https://www.carenavi.jp/ja/sitemap.html...
2026-08-19 11:37:45 | INFO | ✓ 40/4000 | Queue: 126 | ✅ https://www.carenavi.jp/ja/basic/omutsu/knowledge/...
2026-08-19 11:37:45 | INFO | ✓ 41/4000 | Queue: 125 | ✅ https://www.carenavi.jp/ja/basic/omutsu/knowledge/...
2026-08-19 11:37:46 | INFO | ✓ 42/4000 | Queue: 124 | ✅ https://www.carenavi.jp/ja/basic/omutsu/knowledge/...
2026-08-19 11:37:47 | INFO | ✓ 43/4000 | Queue: 123 | ✅ https://www.carenavi.jp/ja/basic/omutsu/knowledge/...
2026-08-19 11:37:47 | INFO | ✓ 44/4000 | Queue: 122 | ✅ https://www.carenavi.jp/ja/basic/omutsu/choice/adl...
2026-08-19 11:37:48 | INFO | ✓ 45/4000 | Queue: 121 | ✅ https://www.carenavi.jp/ja/basic/omutsu/choice/com...
2026-08-19 11:37:49 | INFO | ✓ 46/4000 | Queue: 121 | ✅ https://www.carenavi.jp/ja/basic/omutsu/choice/dis...
2026-08-19 11:37:49 | INFO | ✓ 47/4000 | Queue: 120 | ✅ https://www.carenavi.jp/ja/basic/omutsu/use/change...
2026-08-19 11:37:50 | INFO | ✓ 48/4000 | Queue: 119 | ✅ https://www.carenavi.jp/ja/basic/omutsu/use/change...
2026-08-19 11:37:51 | INFO | ✓ 49/4000 | Queue: 118 | ✅ https://www.carenavi.jp/ja/basic/omutsu/use/change...
2026-08-19 11:37:52 | INFO | ✓ 50/4000 | Queue: 117 | ✅ https://www.carenavi.jp/ja/basic/omutsu/comfort/de...
2026-08-19 11:37:52 | INFO | ✓ 51/4000 | Queue: 116 | ✅ https://www.carenavi.jp/ja/basic/omutsu/comfort/ho...
2026-08-19 11:37:53 | INFO | ✓ 52/4000 | Queue: 115 | ✅ https://www.carenavi.jp/ja/basic/omutsu/skincare/i...
2026-08-19 11:37:54 | INFO | ✓ 53/4000 | Queue: 114 | ✅ https://www.carenavi.jp/ja/basic/omutsu/skincare/w...
2026-08-19 11:37:55 | INFO | ✓ 54/4000 | Queue: 113 | ✅ https://www.carenavi.jp/ja/jissen/nyo_care/tokucho...
2026-08-19 11:37:55 | INFO | ✓ 55/4000 | Queue: 112 | ✅ https://www.carenavi.jp/ja/jissen/nyo_care/tokucho...
2026-08-19 11:37:56 | INFO | ✓ 56/4000 | Queue: 111 | ✅ https://www.carenavi.jp/ja/jissen/nyo_care/gijutsu...
2026-08-19 11:37:57 | INFO | ✓ 57/4000 | Queue: 111 | ✅ https://www.carenavi.jp/ja/jissen/ben_care/chikube...
2026-08-19 11:37:58 | INFO | ✓ 58/4000 | Queue: 118 | ✅ https://www.carenavi.jp/ja/jissen/ben_care/control...
2026-08-19 11:37:58 | INFO | ✓ 59/4000 | Queue: 120 | ✅ https://www.carenavi.jp/ja/jissen/ben_care/taisou/...
2026-08-19 11:37:59 | INFO | ✓ 60/4000 | Queue: 120 | ✅ https://www.carenavi.jp/ja/expert/vol14.html...
2026-08-19 11:38:00 | INFO | ✓ 61/4000 | Queue: 120 | ✅ https://www.carenavi.jp/ja/expert/vol12.html...
2026-08-19 11:38:00 | INFO | ✓ 62/4000 | Queue: 120 | ✅ https://www.carenavi.jp/ja/researchdata/special10....
2026-08-19 11:38:01 | INFO | ✓ 63/4000 | Queue: 119 | ✅ https://www.carenavi.jp/ja/researchdata/vol15.html...
2026-08-19 11:38:02 | INFO | ✓ 64/4000 | Queue: 124 | ✅ https://www.carenavi.jp/ja/researchdata/vol14.html...
2026-08-19 11:38:03 | INFO | ✓ 65/4000 | Queue: 124 | ✅ https://www.carenavi.jp/ja/report/vol4.html...
2026-08-19 11:38:03 | INFO | ✓ 66/4000 | Queue: 124 | ✅ https://www.carenavi.jp/ja/report/vol3.html...
2026-08-19 11:38:04 | INFO | ✓ 67/4000 | Queue: 123 | ✅ https://www.carenavi.jp/ja/report/vol2.html...
2026-08-19 11:38:05 | INFO | ✓ 68/4000 | Queue: 122 | ✅ https://www.carenavi.jp/ja/genba/vol5.html...
2026-08-19 11:38:06 | INFO | ✓ 69/4000 | Queue: 121 | ✅ https://www.carenavi.jp/ja/genba/vol4.html...
2026-08-19 11:38:06 | INFO | ✓ 70/4000 | Queue: 122 | ✅ https://www.carenavi.jp/ja/expert/vol11.html...
2026-08-19 11:38:07 | INFO | ✓ 71/4000 | Queue: 122 | ✅ https://www.carenavi.jp/ja/researchdata/vol13.html...
2026-08-19 11:38:08 | INFO | ✓ 72/4000 | Queue: 121 | ✅ https://www.carenavi.jp/ja/researchdata/special09....
2026-08-19 11:38:09 | INFO | ✓ 73/4000 | Queue: 124 | ✅ https://www.carenavi.jp/ja/researchdata/special08....
2026-08-19 11:38:09 | INFO | ✓ 74/4000 | Queue: 124 | ✅ https://www.carenavi.jp/ja/researchdata/special07....
2026-08-19 11:38:10 | INFO | ✓ 75/4000 | Queue: 124 | ✅ https://www.carenavi.jp/ja/researchdata/special06....
2026-08-19 11:38:11 | INFO | ✓ 76/4000 | Queue: 124 | ✅ https://www.carenavi.jp/ja/researchdata/special05....
2026-08-19 11:38:12 | INFO | ✓ 77/4000 | Queue: 124 | ✅ https://www.carenavi.jp/ja/researchdata/special01....
2026-08-19 11:38:13 | INFO | ✓ 78/4000 | Queue: 124 | ✅ https://www.carenavi.jp/ja/researchdata/special03....
2026-08-19 11:38:13 | INFO | ✓ 79/4000 | Queue: 123 | ✅ https://www.carenavi.jp/ja/report/vol1.html...
2026-08-19 11:38:14 | INFO | ✓ 80/4000 | Queue: 124 | ✅ https://www.carenavi.jp/ja/genba/vol2.html...
2026-08-19 11:38:15 | INFO | ✓ 81/4000 | Queue: 123 | ✅ https://www.carenavi.jp/ja/jissen/ben_care/shouka/...
2026-08-19 11:38:15 | INFO | ✓ 82/4000 | Queue: 124 | ✅ https://www.carenavi.jp/ja/jissen/ben_care/problem...
2026-08-19 11:38:18 | INFO | ✓ 83/4000 | Queue: 123 | ✅ https://www.carenavi.jp/content/dam/sites/www_care...
2026-08-19 11:38:19 | INFO | ✓ 84/4000 | Queue: 122 | ✅ https://www.carenavi.jp/ja/researchdata/special04....
2026-08-19 11:38:20 | INFO | ✓ 85/4000 | Queue: 120 | ✅ https://www.carenavi.jp/ja/researchdata/vol8.html...
2026-08-19 11:38:21 | INFO | ✓ 86/4000 | Queue: 119 | ✅ https://www.carenavi.jp/ja/researchdata/special02....
2026-08-19 11:38:23 | INFO | ✓ 87/4000 | Queue: 117 | ❌ https://www.carenavi.jp/content/dam/sites/www_care...
2026-08-19 11:38:25 | INFO | ✓ 88/4000 | Queue: 114 | ❌ https://www.carenavi.jp/content/dam/sites/www_care...
2026-08-19 11:38:26 | INFO | ✓ 89/4000 | Queue: 113 | ✅ https://www.carenavi.jp/content/dam/sites/www_care...
2026-08-19 11:38:27 | INFO | ✓ 90/4000 | Queue: 111 | ✅ https://www.carenavi.jp/ja/basic/about/jiritsuhais...
2026-08-19 11:38:28 | INFO | ✓ 91/4000 | Queue: 110 | ✅ https://www.carenavi.jp/ja/basic/about/jiritsuhais...
2026-08-19 11:38:28 | INFO | ✓ 92/4000 | Queue: 109 | ✅ https://www.carenavi.jp/ja/basic/about/jiritsuhais...
2026-08-19 11:38:29 | INFO | ✓ 93/4000 | Queue: 108 | ✅ https://www.carenavi.jp/ja/basic/about/jiritsuhais...
2026-08-19 11:38:30 | INFO | ✓ 94/4000 | Queue: 107 | ✅ https://www.carenavi.jp/ja/basic/about/jiritsuhais...
2026-08-19 11:38:30 | INFO | ✓ 95/4000 | Queue: 105 | ✅ https://www.carenavi.jp/content/dam/sites/www_care...
2026-08-19 11:38:31 | INFO | ✓ 96/4000 | Queue: 104 | ✅ https://www.carenavi.jp/content/dam/sites/www_care...
2026-08-19 11:38:32 | INFO | ✓ 97/4000 | Queue: 103 | ✅ https://www.carenavi.jp/ja/jissen/ben_care/shouka/...
2026-08-19 11:38:33 | INFO | ✓ 98/4000 | Queue: 102 | ✅ https://www.carenavi.jp/ja/jissen/ben_care/shouka/...
2026-08-19 11:38:33 | INFO | ✓ 99/4000 | Queue: 101 | ✅ https://www.carenavi.jp/ja/jissen/ben_care/problem...
2026-08-19 11:38:34 | INFO | ✓ 100/4000 | Queue: 100 | ✅ https://www.carenavi.jp/ja/jissen/ben_care/problem...
2026-08-19 11:38:34 | INFO | Checkpoint saved: 100 visited, 100 queued
2026-08-19 11:38:35 | INFO | ✓ 101/4000 | Queue: 99 | ✅ https://www.carenavi.jp/ja/jissen/ben_care/syukan/...
2026-08-19 11:38:36 | INFO | ✓ 102/4000 | Queue: 98 | ✅ https://www.carenavi.jp/ja/jissen/ben_care/syukan/...
2026-08-19 11:38:37 | INFO | ✓ 103/4000 | Queue: 97 | ✅ https://www.carenavi.jp/ja/jissen/ben_care/syukan/...
2026-08-19 11:38:38 | INFO | ✓ 104/4000 | Queue: 96 | ✅ https://www.carenavi.jp/ja/jissen/ben_care/syukan/...
2026-08-19 11:38:38 | INFO | ✓ 105/4000 | Queue: 95 | ✅ https://www.carenavi.jp/ja/jissen/ben_care/syukan/...
2026-08-19 11:38:39 | INFO | ✓ 106/4000 | Queue: 94 | ✅ https://www.carenavi.jp/ja/jissen/ben_care/taisou/...
2026-08-19 11:38:40 | INFO | ✓ 107/4000 | Queue: 93 | ✅ https://www.carenavi.jp/content/dam/sites/www_care...
2026-08-19 11:38:41 | INFO | ✓ 108/4000 | Queue: 92 | ✅ https://www.carenavi.jp/content/dam/sites/www_care...
2026-08-19 11:38:42 | INFO | ✓ 109/4000 | Queue: 91 | ✅ https://www.carenavi.jp/content/dam/sites/www_care...
2026-08-19 11:38:44 | INFO | ✓ 110/4000 | Queue: 90 | ❌ https://www.carenavi.jp/content/dam/sites/www_care...
2026-08-19 11:38:45 | INFO | ✓ 111/4000 | Queue: 89 | ✅ https://www.carenavi.jp/content/dam/sites/www_care...
2026-08-19 11:38:46 | INFO | ✓ 112/4000 | Queue: 88 | ✅ https://www.carenavi.jp/content/dam/sites/www_care...
2026-08-19 11:38:47 | INFO | ✓ 113/4000 | Queue: 87 | ✅ https://www.carenavi.jp/content/dam/sites/www_care...
2026-08-19 11:38:48 | INFO | ✓ 114/4000 | Queue: 86 | ✅ https://www.carenavi.jp/content/dam/sites/www_care...
2026-08-19 11:38:49 | INFO | ✓ 115/4000 | Queue: 85 | ✅ https://www.carenavi.jp/content/dam/sites/www_care...
2026-08-19 11:38:50 | INFO | ✓ 116/4000 | Queue: 84 | ✅ https://www.carenavi.jp/content/dam/sites/www_care...
2026-08-19 11:38:52 | INFO | ✓ 117/4000 | Queue: 83 | ✅ https://www.carenavi.jp/content/dam/sites/www_care...
2026-08-19 11:38:54 | INFO | ✓ 118/4000 | Queue: 82 | ✅ https://www.carenavi.jp/content/dam/sites/www_care...
2026-08-19 11:38:54 | INFO | ✓ 119/4000 | Queue: 81 | ✅ https://www.carenavi.jp/content/dam/sites/www_care...
2026-08-19 11:38:56 | INFO | ✓ 120/4000 | Queue: 80 | ✅ https://www.carenavi.jp/content/dam/sites/www_care...
2026-08-19 11:38:57 | INFO | ✓ 121/4000 | Queue: 79 | ✅ https://www.carenavi.jp/content/dam/sites/www_care...
2026-08-19 11:38:58 | INFO | ✓ 122/4000 | Queue: 78 | ✅ https://www.carenavi.jp/content/dam/sites/www_care...
2026-08-19 11:38:59 | INFO | ✓ 123/4000 | Queue: 77 | ✅ https://www.carenavi.jp/content/dam/sites/www_care...
2026-08-19 11:39:00 | INFO | ✓ 124/4000 | Queue: 76 | ✅ https://www.carenavi.jp/content/dam/sites/www_care...
2026-08-19 11:39:01 | INFO | ✓ 125/4000 | Queue: 75 | ✅ https://www.carenavi.jp/content/dam/sites/www_care...
2026-08-19 11:39:02 | INFO | ✓ 126/4000 | Queue: 75 | ✅ https://www.carenavi.jp/ja/expert/vol10.html...
2026-08-19 11:39:02 | INFO | ✓ 127/4000 | Queue: 75 | ✅ https://www.carenavi.jp/ja/expert/vol9.html...
2026-08-19 11:39:03 | INFO | ✓ 128/4000 | Queue: 74 | ✅ https://www.carenavi.jp/ja/expert/vol8.html...
2026-08-19 11:39:04 | INFO | ✓ 129/4000 | Queue: 74 | ✅ https://www.carenavi.jp/ja/expert/vol7.html...
2026-08-19 11:39:05 | INFO | ✓ 130/4000 | Queue: 74 | ✅ https://www.carenavi.jp/ja/expert/vol6.html...
2026-08-19 11:39:06 | INFO | ✓ 131/4000 | Queue: 74 | ✅ https://www.carenavi.jp/ja/expert/vol5.html...
2026-08-19 11:39:07 | INFO | ✓ 132/4000 | Queue: 73 | ✅ https://www.carenavi.jp/ja/expert/vol4.html...
2026-08-19 11:39:07 | INFO | ✓ 133/4000 | Queue: 72 | ✅ https://www.carenavi.jp/ja/expert/vol3.html...
2026-08-19 11:39:08 | INFO | ✓ 134/4000 | Queue: 71 | ✅ https://www.carenavi.jp/ja/expert/vol2.html...
2026-08-19 11:39:09 | INFO | ✓ 135/4000 | Queue: 69 | ✅ https://www.carenavi.jp/ja/researchdata/vol11.html...
2026-08-19 11:39:10 | INFO | ✓ 136/4000 | Queue: 68 | ✅ https://www.carenavi.jp/ja/researchdata/vol12.html...
2026-08-19 11:39:10 | INFO | ✓ 137/4000 | Queue: 68 | ✅ https://www.carenavi.jp/ja/researchdata/vol10.html...
2026-08-19 11:39:11 | INFO | ✓ 138/4000 | Queue: 68 | ✅ https://www.carenavi.jp/ja/researchdata/vol9.html...
2026-08-19 11:39:11 | INFO | ✓ 139/4000 | Queue: 68 | ✅ https://www.carenavi.jp/ja/researchdata/vol7.html...
2026-08-19 11:39:13 | INFO | ✓ 140/4000 | Queue: 68 | ✅ https://www.carenavi.jp/ja/researchdata/vol6.html...
2026-08-19 11:39:13 | INFO | ✓ 141/4000 | Queue: 68 | ✅ https://www.carenavi.jp/ja/researchdata/vol5.html...
2026-08-19 11:39:14 | INFO | ✓ 142/4000 | Queue: 69 | ✅ https://www.carenavi.jp/ja/researchdata/vol4.html...
2026-08-19 11:39:15 | INFO | ✓ 143/4000 | Queue: 69 | ✅ https://www.carenavi.jp/ja/researchdata/vol3.html...
2026-08-19 11:39:15 | INFO | ✓ 144/4000 | Queue: 70 | ✅ https://www.carenavi.jp/ja/researchdata/vol2.html...
2026-08-19 11:39:16 | INFO | ✓ 145/4000 | Queue: 70 | ✅ https://www.carenavi.jp/ja/researchdata/vol1.html...
2026-08-19 11:39:18 | INFO | ✓ 146/4000 | Queue: 69 | ✅ https://www.carenavi.jp/content/dam/sites/www_care...
2026-08-19 11:39:19 | INFO | ✓ 147/4000 | Queue: 68 | ✅ https://www.carenavi.jp/ja/genba/vol1.html...
2026-08-19 11:39:20 | INFO | ✓ 148/4000 | Queue: 59 | ✅ https://www.carenavi.jp/ja/jissen/ben_care/chikube...
2026-08-19 11:39:20 | INFO | ✓ 149/4000 | Queue: 58 | ✅ https://www.carenavi.jp/ja/jissen/ben_care/control...
2026-08-19 11:39:21 | INFO | ✓ 150/4000 | Queue: 58 | ✅ https://www.carenavi.jp/ja/jissen/ben_care/control...
2026-08-19 11:39:22 | INFO | ✓ 151/4000 | Queue: 57 | ✅ https://www.carenavi.jp/ja/jissen/ben_care/control...
2026-08-19 11:39:22 | INFO | ✓ 152/4000 | Queue: 56 | ✅ https://www.carenavi.jp/ja/jissen/ben_care/control...
2026-08-19 11:39:23 | INFO | ✓ 153/4000 | Queue: 55 | ✅ https://www.carenavi.jp/ja/jissen/ben_care/control...
2026-08-19 11:39:24 | INFO | ✓ 154/4000 | Queue: 54 | ✅ https://www.carenavi.jp/ja/jissen/ben_care/control...
2026-08-19 11:39:25 | INFO | ✓ 155/4000 | Queue: 53 | ✅ https://www.carenavi.jp/ja/jissen/ben_care/control...
2026-08-19 11:39:26 | INFO | ✓ 156/4000 | Queue: 52 | ✅ https://www.carenavi.jp/ja/jissen/ben_care/control...
2026-08-19 11:39:26 | INFO | ✓ 157/4000 | Queue: 51 | ✅ https://www.carenavi.jp/ja/jissen/ben_care/taisou/...
2026-08-19 11:39:27 | INFO | ✓ 158/4000 | Queue: 50 | ✅ https://www.carenavi.jp/ja/jissen/ben_care/taisou/...
2026-08-19 11:39:28 | INFO | ✓ 159/4000 | Queue: 49 | ✅ https://www.carenavi.jp/ja/jissen/ben_care/taisou/...
2026-08-19 11:39:33 | INFO | ✓ 160/4000 | Queue: 48 | ✅ https://www.carenavi.jp/content/dam/sites/www_care...
2026-08-19 11:39:35 | INFO | ✓ 161/4000 | Queue: 47 | ✅ https://www.carenavi.jp/content/dam/sites/www_care...
2026-08-19 11:39:37 | INFO | ✓ 162/4000 | Queue: 39 | ✅ https://www.carenavi.jp/content/dam/sites/www_care...
2026-08-19 11:39:40 | INFO | ✓ 163/4000 | Queue: 38 | ✅ https://www.carenavi.jp/content/dam/sites/www_care...
2026-08-19 11:39:41 | INFO | ✓ 164/4000 | Queue: 36 | ✅ https://www.carenavi.jp/content/dam/sites/www_care...
2026-08-19 11:39:44 | INFO | ✓ 165/4000 | Queue: 25 | ✅ https://www.carenavi.jp/content/dam/sites/www_care...
2026-08-19 11:39:45 | INFO | ✓ 166/4000 | Queue: 24 | ✅ https://www.carenavi.jp/content/dam/sites/www_care...
2026-08-19 11:39:46 | INFO | ✓ 167/4000 | Queue: 23 | ✅ https://www.carenavi.jp/content/dam/sites/www_care...
2026-08-19 11:39:47 | INFO | ✓ 168/4000 | Queue: 22 | ✅ https://www.carenavi.jp/content/dam/sites/www_care...
2026-08-19 11:39:49 | INFO | ✓ 169/4000 | Queue: 21 | ✅ https://www.carenavi.jp/content/dam/sites/www_care...
2026-08-19 11:39:52 | INFO | ✓ 170/4000 | Queue: 19 | ✅ https://www.carenavi.jp/content/dam/sites/www_care...
2026-08-19 11:39:55 | INFO | ✓ 171/4000 | Queue: 18 | ✅ https://www.carenavi.jp/content/dam/sites/www_care...
2026-08-19 11:40:01 | INFO | ✓ 172/4000 | Queue: 17 | ❌ https://www.carenavi.jp/content/dam/sites/www_care...
2026-08-19 11:40:02 | INFO | ✓ 173/4000 | Queue: 16 | ✅ https://www.carenavi.jp/content/dam/sites/www_care...
2026-08-19 11:40:03 | INFO | ✓ 174/4000 | Queue: 15 | ✅ https://www.carenavi.jp/content/dam/sites/www_care...
2026-08-19 11:40:05 | INFO | ✓ 175/4000 | Queue: 14 | ✅ https://www.carenavi.jp/content/dam/sites/www_care...
2026-08-19 11:40:09 | INFO | ✓ 176/4000 | Queue: 13 | ✅ https://www.carenavi.jp/content/dam/sites/www_care...
2026-08-19 11:40:10 | INFO | ✓ 177/4000 | Queue: 8 | ✅ https://www.carenavi.jp/ja/researchdata/vol4_2.htm...
2026-08-19 11:40:10 | INFO | ✓ 178/4000 | Queue: 8 | ✅ https://www.carenavi.jp/ja/researchdata/vol4_3.htm...
2026-08-19 11:40:11 | INFO | ✓ 179/4000 | Queue: 9 | ✅ https://www.carenavi.jp/ja/researchdata/vol3_2.htm...
2026-08-19 11:40:12 | INFO | ✓ 180/4000 | Queue: 8 | ✅ https://www.carenavi.jp/ja/researchdata/vol2_2.htm...
2026-08-19 11:40:13 | INFO | ✓ 181/4000 | Queue: 7 | ✅ https://www.carenavi.jp/content/dam/sites/www_care...
2026-08-19 11:40:15 | INFO | ✓ 182/4000 | Queue: 6 | ✅ https://www.carenavi.jp/ja/researchdata/vol1_2.htm...
2026-08-19 11:40:16 | INFO | ✓ 183/4000 | Queue: 1 | ✅ https://www.carenavi.jp/content/dam/sites/www_care...
2026-08-19 11:40:17 | INFO | Checkpoint saved: 183 visited, 0 queued
2026-08-19 11:40:17 | INFO | CRAWL COMPLETE
2026-08-19 11:40:17 | INFO | Total URLs discovered: 183
2026-08-19 11:40:17 | INFO | Status breakdown:
2026-08-19 11:40:17 | INFO | ❌ 0 (Error/Timeout): 4
2026-08-19 11:40:17 | INFO | ✅ 200 (Success): 179
2026-08-19 11:40:18 | INFO | Creating sample URLs...
2026-08-19 11:40:18 | INFO | Total URLs in grouped data: 138
2026-08-19 11:40:18 | INFO | Total URLs (138) <= 1000, using ALL URLs
2026-08-19 11:40:18 | INFO | Created urls-sample.json with 138 URLs
2026-08-19 11:40:18 | INFO | Validating urls-sample.json against schema...
✅ VALIDATION PASSED: urls-sample.json matches schema
2026-08-19 11:40:18 | INFO | Schema validation passed
2026-08-19 11:40:18 | INFO | Sample creation complete - urls-sample.json with 138 URLs
