2026-08-19 11:38:14 | INFO | Redirect (301) → https://www.lifree.com.tw/zh-tw/home.html
2026-08-19 11:38:14 | INFO | Checking root page for sitemap-like links...
2026-08-19 11:38:14 | INFO | Redirect (301) → https://www.lifree.com.tw/zh-tw/home.html
2026-08-19 11:38:14 | INFO | Found 1 sitemap-like candidate(s) on the root page
2026-08-19 11:38:14 | INFO | Trying sitemap candidates...
2026-08-19 11:38:14 | INFO | Trying sitemap candidate: https://www.lifree.com.tw/sitemap.xml
2026-08-19 11:38:14 | WARNING | HTTP status: 404
2026-08-19 11:38:14 | INFO | Trying sitemap candidate: https://www.lifree.com.tw/sitemap.xml.gz
2026-08-19 11:38:15 | WARNING | HTTP status: 404
2026-08-19 11:38:15 | INFO | Trying sitemap candidate: https://www.lifree.com.tw/sitemap_index.xml
2026-08-19 11:38:15 | WARNING | HTTP status: 404
2026-08-19 11:38:15 | INFO | Trying sitemap candidate: https://www.lifree.com.tw/sitemap-index.xml
2026-08-19 11:38:15 | WARNING | HTTP status: 404
2026-08-19 11:38:15 | INFO | Trying sitemap candidate: https://www.lifree.com.tw/sitemap.txt
2026-08-19 11:38:15 | WARNING | HTTP status: 404
2026-08-19 11:38:15 | INFO | Trying sitemap candidate: http://www.ucc.com.tw/sitemap.php
2026-08-19 11:38:16 | INFO | Redirect (301) → https://www.unicharm.com.tw/zh-tw/site-map.html
2026-08-19 11:38:16 | WARNING | Got 200 but not a valid sitemap. Preview: <!DOCTYPE html PUBLIC "-//W3C//DTD XHTML 1.0 Strict//EN" "http://www.w3.org/TR/xhtml1/DTD/xhtml1-strict.dtd"> <html lang="zh-tw" > <head prefix="og: http://ogp.me/ns#"> <meta http-equiv="Content-T...
2026-08-19 11:38:16 | INFO | Checking robots.txt for sitemap references...
2026-08-19 11:38:17 | INFO | Found 1 sitemap(s) in robots.txt
2026-08-19 11:38:17 | INFO | Processing 1 unique sitemap(s) from robots.txt...
2026-08-19 11:38:17 | INFO | [1/1] Fetching sitemap: https://www.lifree.com.tw/zh-tw/sitemap.xml
2026-08-19 11:38:17 | INFO | Fetched sitemap successfully (urlset)
2026-08-19 11:38:17 | INFO | Successfully fetched 1 sitemap(s)
2026-08-19 11:38:17 | INFO | Fetching sitemap for site root: https://www.lifree.com.tw
2026-08-19 11:38:17 | INFO | Processing 1 sitemap(s)...
2026-08-19 11:38:17 | INFO | [1/1] Processing sitemap: https://www.lifree.com.tw/zh-tw/sitemap.xml
2026-08-19 11:38:17 | INFO | Sitemap type: urlset
2026-08-19 11:38:17 | INFO | Extracted 83 URLs
2026-08-19 11:38:17 | INFO | Sitemap fetch complete
2026-08-19 11:38:17 | INFO | Total sitemaps processed: 1
2026-08-19 11:38:17 | INFO | Total URLs discovered: 83
2026-08-19 11:38:17 | INFO | Sitemap location 1: https://www.lifree.com.tw/zh-tw/sitemap.xml
2026-08-19 11:38:17 | INFO | Creating sample URLs...
2026-08-19 11:38:17 | INFO | Total URLs in grouped data: 84
2026-08-19 11:38:17 | INFO | Total URLs (84) <= 1000, using ALL URLs
2026-08-19 11:38:18 | INFO | Created urls-sample.json with 84 URLs
2026-08-19 11:38:18 | INFO | Validating urls-sample.json against schema...
✅ VALIDATION PASSED: urls-sample.json matches schema
2026-08-19 11:38:18 | INFO | Schema validation passed
2026-08-19 11:38:18 | INFO | Sample creation complete - urls-sample.json with 84 URLs
