2026-08-19 11:38:19 | INFO | Redirect (301) → https://sa.sofyclub.com/ar/home.html
2026-08-19 11:38:19 | INFO | Checking root page for sitemap-like links...
2026-08-19 11:38:19 | INFO | Redirect (301) → https://sa.sofyclub.com/ar/home.html
2026-08-19 11:38:19 | INFO | Found 2 sitemap-like candidate(s) on the root page
2026-08-19 11:38:19 | INFO | Trying sitemap candidates...
2026-08-19 11:38:19 | INFO | Trying sitemap candidate: https://sa.sofyclub.com/sitemap.xml
2026-08-19 11:38:19 | WARNING | HTTP status: 404
2026-08-19 11:38:19 | INFO | Trying sitemap candidate: https://sa.sofyclub.com/sitemap.xml.gz
2026-08-19 11:38:19 | WARNING | HTTP status: 404
2026-08-19 11:38:19 | INFO | Trying sitemap candidate: https://sa.sofyclub.com/sitemap_index.xml
2026-08-19 11:38:19 | WARNING | HTTP status: 404
2026-08-19 11:38:20 | INFO | Trying sitemap candidate: https://sa.sofyclub.com/sitemap-index.xml
2026-08-19 11:38:20 | WARNING | HTTP status: 404
2026-08-19 11:38:20 | INFO | Trying sitemap candidate: https://sa.sofyclub.com/sitemap.txt
2026-08-19 11:38:20 | WARNING | HTTP status: 404
2026-08-19 11:38:20 | INFO | Trying sitemap candidate: https://sa.sofyclub.com/ar/site-map.html
2026-08-19 11:38:20 | WARNING | Got 200 but not a valid sitemap. Preview: <!DOCTYPE html PUBLIC "-//W3C//DTD XHTML 1.0 Strict//EN" "http://www.w3.org/TR/xhtml1/DTD/xhtml1-strict.dtd"> <html lang="ar" dir="rtl" > <head prefix="og: http://ogp.me/ns#"> <meta http-equiv="Co...
2026-08-19 11:38:20 | INFO | Trying sitemap candidate: http://www.unicharm.com.sa/sitemap/index.html
2026-08-19 11:38:20 | INFO | Redirect (301) → https://www.unicharm.com.sa/sitemap/index.html
2026-08-19 11:38:21 | INFO | Redirect (301) → https://www.unicharm.com.sa/ar/site-map.html
2026-08-19 11:38:21 | WARNING | Got 200 but not a valid sitemap. Preview: <!DOCTYPE html PUBLIC "-//W3C//DTD XHTML 1.0 Strict//EN" "http://www.w3.org/TR/xhtml1/DTD/xhtml1-strict.dtd"> <html lang="ar" dir="rtl" > <head prefix="og: http://ogp.me/ns#"> <meta http-equiv="Co...
2026-08-19 11:38:21 | INFO | Checking robots.txt for sitemap references...
2026-08-19 11:38:21 | INFO | Found 2 sitemap(s) in robots.txt
2026-08-19 11:38:21 | INFO | Processing 2 unique sitemap(s) from robots.txt...
2026-08-19 11:38:21 | INFO | [1/2] Fetching sitemap: https://sa.sofyclub.com/ar/sitemap.xml
2026-08-19 11:38:21 | INFO | Fetched sitemap successfully (urlset)
2026-08-19 11:38:21 | INFO | [2/2] Fetching sitemap: https://sa.sofyclub.com/en/sitemap.xml
2026-08-19 11:38:22 | INFO | Fetched sitemap successfully (urlset)
2026-08-19 11:38:22 | INFO | Successfully fetched 2 sitemap(s)
2026-08-19 11:38:22 | INFO | Fetching sitemap for site root: https://sa.sofyclub.com
2026-08-19 11:38:22 | INFO | Processing 2 sitemap(s)...
2026-08-19 11:38:22 | INFO | [1/2] Processing sitemap: https://sa.sofyclub.com/ar/sitemap.xml
2026-08-19 11:38:22 | INFO | Sitemap type: urlset
2026-08-19 11:38:22 | INFO | Extracted 28 URLs
2026-08-19 11:38:22 | INFO | [2/2] Processing sitemap: https://sa.sofyclub.com/en/sitemap.xml
2026-08-19 11:38:22 | INFO | Sitemap type: urlset
2026-08-19 11:38:22 | INFO | Extracted 29 URLs
2026-08-19 11:38:22 | INFO | Sitemap fetch complete
2026-08-19 11:38:22 | INFO | Total sitemaps processed: 2
2026-08-19 11:38:22 | INFO | Total URLs discovered: 57
2026-08-19 11:38:22 | INFO | Sitemap location 1: https://sa.sofyclub.com/ar/sitemap.xml
2026-08-19 11:38:22 | INFO | Sitemap location 2: https://sa.sofyclub.com/en/sitemap.xml
2026-08-19 11:38:22 | INFO | Creating sample URLs...
2026-08-19 11:38:22 | INFO | Total URLs in grouped data: 58
2026-08-19 11:38:22 | INFO | Total URLs (58) <= 1000, using ALL URLs
2026-08-19 11:38:22 | INFO | Created urls-sample.json with 58 URLs
2026-08-19 11:38:22 | INFO | Validating urls-sample.json against schema...
✅ VALIDATION PASSED: urls-sample.json matches schema
2026-08-19 11:38:23 | INFO | Schema validation passed
2026-08-19 11:38:23 | INFO | Sample creation complete - urls-sample.json with 58 URLs
