2026-08-19 11:38:10 | INFO | Redirect (301) → https://publish-th.lifree.com/th/home.html
2026-08-19 11:38:10 | INFO | Checking root page for sitemap-like links...
2026-08-19 11:38:10 | INFO | Redirect (301) → https://publish-th.lifree.com/th/home.html
2026-08-19 11:38:10 | INFO | Trying sitemap candidates...
2026-08-19 11:38:10 | INFO | Trying sitemap candidate: https://th.lifree.com/sitemap.xml
2026-08-19 11:38:10 | WARNING | HTTP status: 404
2026-08-19 11:38:10 | INFO | Trying sitemap candidate: https://th.lifree.com/sitemap.xml.gz
2026-08-19 11:38:11 | WARNING | HTTP status: 404
2026-08-19 11:38:11 | INFO | Trying sitemap candidate: https://th.lifree.com/sitemap_index.xml
2026-08-19 11:38:11 | WARNING | HTTP status: 404
2026-08-19 11:38:11 | INFO | Trying sitemap candidate: https://th.lifree.com/sitemap-index.xml
2026-08-19 11:38:11 | WARNING | HTTP status: 404
2026-08-19 11:38:11 | INFO | Trying sitemap candidate: https://th.lifree.com/sitemap.txt
2026-08-19 11:38:12 | WARNING | HTTP status: 404
2026-08-19 11:38:12 | INFO | Checking robots.txt for sitemap references...
2026-08-19 11:38:12 | INFO | Found 1 sitemap(s) in robots.txt
2026-08-19 11:38:12 | INFO | Processing 1 unique sitemap(s) from robots.txt...
2026-08-19 11:38:12 | INFO | [1/1] Fetching sitemap: https://th.lifree.com/th/sitemap.xml
2026-08-19 11:38:12 | INFO | Fetched sitemap successfully (urlset)
2026-08-19 11:38:12 | INFO | Successfully fetched 1 sitemap(s)
2026-08-19 11:38:12 | INFO | Fetching sitemap for site root: https://th.lifree.com
2026-08-19 11:38:12 | INFO | Processing 1 sitemap(s)...
2026-08-19 11:38:12 | INFO | [1/1] Processing sitemap: https://th.lifree.com/th/sitemap.xml
2026-08-19 11:38:12 | INFO | Sitemap type: urlset
2026-08-19 11:38:12 | INFO | Extracted 63 URLs
2026-08-19 11:38:12 | INFO | Sitemap fetch complete
2026-08-19 11:38:12 | INFO | Total sitemaps processed: 1
2026-08-19 11:38:12 | INFO | Total URLs discovered: 63
2026-08-19 11:38:12 | INFO | Sitemap location 1: https://th.lifree.com/th/sitemap.xml
2026-08-19 11:38:13 | INFO | Creating sample URLs...
2026-08-19 11:38:13 | INFO | Total URLs in grouped data: 64
2026-08-19 11:38:13 | INFO | Total URLs (64) <= 1000, using ALL URLs
2026-08-19 11:38:13 | INFO | Created urls-sample.json with 64 URLs
2026-08-19 11:38:13 | INFO | Validating urls-sample.json against schema...
✅ VALIDATION PASSED: urls-sample.json matches schema
2026-08-19 11:38:13 | INFO | Schema validation passed
2026-08-19 11:38:13 | INFO | Sample creation complete - urls-sample.json with 64 URLs
